Component: ARM Compiler 5.05 (build 41) Tool: armlink [4d0eb9]

==============================================================================

Section Cross References

    dprintf.o(i.myprint) refers to dprintf.o(i.myprints) for myprints
    dprintf.o(i.myprint) refers to dprintf.o(i.myprinti) for myprinti
    dprintf.o(i.myprint) refers to fflti.o(.text) for __aeabi_i2f
    dprintf.o(i.myprint) refers to dprintf.o(i.myprintFloat) for myprintFloat
    dprintf.o(i.myprint) refers to dprintf.o(i.myprintchar) for myprintchar
    dprintf.o(i.myprintFloat) refers to ffixi.o(.text) for __aeabi_f2iz
    dprintf.o(i.myprintFloat) refers to dprintf.o(i.myprinti) for myprinti
    dprintf.o(i.myprintFloat) refers to fflti.o(.text) for __aeabi_i2f
    dprintf.o(i.myprintFloat) refers to fadd.o(.text) for __aeabi_frsub
    dprintf.o(i.myprintFloat) refers to fmul.o(.text) for __aeabi_fmul
    dprintf.o(i.myprintchar) refers to uart.o(i.USART_Out) for USART_Out
    dprintf.o(i.myprintf) refers to dprintf.o(i.myprint) for myprint
    dprintf.o(i.myprintf) refers to dprintf.o(.data) for printf_disable
    dprintf.o(i.myprinti) refers to dprintf.o(i.myprints) for myprints
    dprintf.o(i.myprinti) refers to dprintf.o(i.myprintchar) for myprintchar
    dprintf.o(i.myprinti) refers to dprintf.o(.bss) for print_buf
    dprintf.o(i.myprints) refers to dprintf.o(i.myprintchar) for myprintchar
    dprintf.o(i.myprints) refers to strlen.o(.text) for strlen
    dprintf.o(i.printf_enable) refers to dprintf.o(.data) for printf_disable
    dprintf.o(i.sprintf_ex) refers to dprintf.o(i.myprint) for myprint
    time.o(i.Get_main_loop_time_us) refers to stm32f2xx_tim.o(i.TIM_GetCounter) for TIM_GetCounter
    time.o(i.Get_main_loop_time_us) refers to time.o(.bss) for last_counter
    time.o(i.Get_now_time_counter) refers to stm32f2xx_tim.o(i.TIM_GetCounter) for TIM_GetCounter
    time.o(i.Get_systick) refers to stm32f2xx_tim.o(i.TIM_GetCounter) for TIM_GetCounter
    time.o(i.Get_systick_32) refers to stm32f2xx_tim.o(i.TIM_GetCounter) for TIM_GetCounter
    time.o(i.Get_systick_32) refers to boot.o(.data) for ms01_loop_cnt
    time.o(i.LIFT_step_PWMDA_Set_val) refers to arch_stm32.o(i.arch_need_current_add) for arch_need_current_add
    time.o(i.LIFT_step_PWMDA_Set_val) refers to time.o(i.get_CCR_Val_with_PWM_A) for get_CCR_Val_with_PWM_A
    time.o(i.LIFT_step_PWMDA_Set_val) refers to stm32f2xx_tim.o(i.TIM_SetCompare2) for TIM_SetCompare2
    time.o(i.LIFT_step_PWMDA_Set_val_test) refers to stm32f2xx_tim.o(i.TIM_SetCompare2) for TIM_SetCompare2
    time.o(i.SKER_step_PWMDA_Set_val) refers to arch_stm32.o(i.arch_need_current_add) for arch_need_current_add
    time.o(i.SKER_step_PWMDA_Set_val) refers to time.o(i.get_CCR_Val_with_PWM_A) for get_CCR_Val_with_PWM_A
    time.o(i.SKER_step_PWMDA_Set_val) refers to stm32f2xx_tim.o(i.TIM_SetCompare4) for TIM_SetCompare4
    time.o(i.Send_debug_Get_main_loop) refers to massage.o(i.Message_Send_4halfword_debug) for Message_Send_4halfword_debug
    time.o(i.Send_debug_Get_main_loop) refers to time.o(.bss) for last_counter
    time.o(i.Step_PWMDA_Init_exp) refers to stm32f2xx_rcc.o(i.RCC_APB1PeriphClockCmd) for RCC_APB1PeriphClockCmd
    time.o(i.Step_PWMDA_Init_exp) refers to stm32f2xx_tim.o(i.TIM_TimeBaseInit) for TIM_TimeBaseInit
    time.o(i.Step_PWMDA_Init_exp) refers to stm32f2xx_tim.o(i.TIM_OCStructInit) for TIM_OCStructInit
    time.o(i.Step_PWMDA_Init_exp) refers to stm32f2xx_tim.o(i.TIM_OC2Init) for TIM_OC2Init
    time.o(i.Step_PWMDA_Init_exp) refers to stm32f2xx_tim.o(i.TIM_OC2FastConfig) for TIM_OC2FastConfig
    time.o(i.Step_PWMDA_Init_exp) refers to stm32f2xx_tim.o(i.TIM_OC2PreloadConfig) for TIM_OC2PreloadConfig
    time.o(i.Step_PWMDA_Init_exp) refers to stm32f2xx_tim.o(i.TIM_OC3Init) for TIM_OC3Init
    time.o(i.Step_PWMDA_Init_exp) refers to stm32f2xx_tim.o(i.TIM_OC3FastConfig) for TIM_OC3FastConfig
    time.o(i.Step_PWMDA_Init_exp) refers to stm32f2xx_tim.o(i.TIM_OC3PreloadConfig) for TIM_OC3PreloadConfig
    time.o(i.Step_PWMDA_Init_exp) refers to stm32f2xx_tim.o(i.TIM_OC4Init) for TIM_OC4Init
    time.o(i.Step_PWMDA_Init_exp) refers to stm32f2xx_tim.o(i.TIM_OC4FastConfig) for TIM_OC4FastConfig
    time.o(i.Step_PWMDA_Init_exp) refers to stm32f2xx_tim.o(i.TIM_OC4PreloadConfig) for TIM_OC4PreloadConfig
    time.o(i.Step_PWMDA_Init_exp) refers to stm32f2xx_tim.o(i.TIM_OC1Init) for TIM_OC1Init
    time.o(i.Step_PWMDA_Init_exp) refers to stm32f2xx_tim.o(i.TIM_OC1FastConfig) for TIM_OC1FastConfig
    time.o(i.Step_PWMDA_Init_exp) refers to stm32f2xx_tim.o(i.TIM_OC1PreloadConfig) for TIM_OC1PreloadConfig
    time.o(i.Step_PWMDA_Init_exp) refers to stm32f2xx_tim.o(i.TIM_ARRPreloadConfig) for TIM_ARRPreloadConfig
    time.o(i.Step_PWMDA_Init_exp) refers to stm32f2xx_tim.o(i.TIM_ITConfig) for TIM_ITConfig
    time.o(i.Step_PWMDA_Init_exp) refers to stm32f2xx_tim.o(i.TIM_ClearFlag) for TIM_ClearFlag
    time.o(i.Step_PWMDA_Init_exp) refers to stm32f2xx_tim.o(i.TIM_Cmd) for TIM_Cmd
[...]
    ..\\..\\arch_STM32103\\lib\\src\\misc.c  0x00000000   Number         0  misc.o ABSOLUTE
    ..\\..\\arch_STM32103\\lib\\src\\stm32f2xx_adc.c 0x00000000   Number         0  stm32f2xx_adc.o ABSOLUTE
    ..\\..\\arch_STM32103\\lib\\src\\stm32f2xx_can.c 0x00000000   Number         0  stm32f2xx_can.o ABSOLUTE
    ..\\..\\arch_STM32103\\lib\\src\\stm32f2xx_crc.c 0x00000000   Number         0  stm32f2xx_crc.o ABSOLUTE
    ..\\..\\arch_STM32103\\lib\\src\\stm32f2xx_cryp.c 0x00000000   Number         0  stm32f2xx_cryp.o ABSOLUTE
    ..\\..\\arch_STM32103\\lib\\src\\stm32f2xx_cryp_aes.c 0x00000000   Number         0  stm32f2xx_cryp_aes.o ABSOLUTE
    ..\\..\\arch_STM32103\\lib\\src\\stm32f2xx_cryp_des.c 0x00000000   Number         0  stm32f2xx_cryp_des.o ABSOLUTE
    ..\\..\\arch_STM32103\\lib\\src\\stm32f2xx_cryp_tdes.c 0x00000000   Number         0  stm32f2xx_cryp_tdes.o ABSOLUTE
    ..\\..\\arch_STM32103\\lib\\src\\stm32f2xx_dac.c 0x00000000   Number         0  stm32f2xx_dac.o ABSOLUTE
    ..\\..\\arch_STM32103\\lib\\src\\stm32f2xx_dbgmcu.c 0x00000000   Number         0  stm32f2xx_dbgmcu.o ABSOLUTE
    ..\\..\\arch_STM32103\\lib\\src\\stm32f2xx_dcmi.c 0x00000000   Number         0  stm32f2xx_dcmi.o ABSOLUTE
    ..\\..\\arch_STM32103\\lib\\src\\stm32f2xx_dma.c 0x00000000   Number         0  stm32f2xx_dma.o ABSOLUTE
    ..\\..\\arch_STM32103\\lib\\src\\stm32f2xx_exti.c 0x00000000   Number         0  stm32f2xx_exti.o ABSOLUTE
    ..\\..\\arch_STM32103\\lib\\src\\stm32f2xx_flash.c 0x00000000   Number         0  stm32f2xx_flash.o ABSOLUTE
    ..\\..\\arch_STM32103\\lib\\src\\stm32f2xx_fsmc.c 0x00000000   Number         0  stm32f2xx_fsmc.o ABSOLUTE
    ..\\..\\arch_STM32103\\lib\\src\\stm32f2xx_gpio.c 0x00000000   Number         0  stm32f2xx_gpio.o ABSOLUTE
    ..\\..\\arch_STM32103\\lib\\src\\stm32f2xx_hash.c 0x00000000   Number         0  stm32f2xx_hash.o ABSOLUTE
    ..\\..\\arch_STM32103\\lib\\src\\stm32f2xx_hash_md5.c 0x00000000   Number         0  stm32f2xx_hash_md5.o ABSOLUTE
    ..\\..\\arch_STM32103\\lib\\src\\stm32f2xx_hash_sha1.c 0x00000000   Number         0  stm32f2xx_hash_sha1.o ABSOLUTE
    ..\\..\\arch_STM32103\\lib\\src\\stm32f2xx_i2c.c 0x00000000   Number         0  stm32f2xx_i2c.o ABSOLUTE
    ..\\..\\arch_STM32103\\lib\\src\\stm32f2xx_iwdg.c 0x00000000   Number         0  stm32f2xx_iwdg.o ABSOLUTE
    ..\\..\\arch_STM32103\\lib\\src\\stm32f2xx_pwr.c 0x00000000   Number         0  stm32f2xx_pwr.o ABSOLUTE
    ..\\..\\arch_STM32103\\lib\\src\\stm32f2xx_rcc.c 0x00000000   Number         0  stm32f2xx_rcc.o ABSOLUTE
    ..\\..\\arch_STM32103\\lib\\src\\stm32f2xx_rng.c 0x00000000   Number         0  stm32f2xx_rng.o ABSOLUTE
    ..\\..\\arch_STM32103\\lib\\src\\stm32f2xx_rtc.c 0x00000000   Number         0  stm32f2xx_rtc.o ABSOLUTE
    ..\\..\\arch_STM32103\\lib\\src\\stm32f2xx_sdio.c 0x00000000   Number         0  stm32f2xx_sdio.o ABSOLUTE
    ..\\..\\arch_STM32103\\lib\\src\\stm32f2xx_spi.c 0x00000000   Number         0  stm32f2xx_spi.o ABSOLUTE
    ..\\..\\arch_STM32103\\lib\\src\\stm32f2xx_syscfg.c 0x00000000   Number         0  stm32f2xx_syscfg.o ABSOLUTE
    ..\\..\\arch_STM32103\\lib\\src\\stm32f2xx_tim.c 0x00000000   Number         0  stm32f2xx_tim.o ABSOLUTE
    ..\\..\\arch_STM32103\\lib\\src\\stm32f2xx_usart.c 0x00000000   Number         0  stm32f2xx_usart.o ABSOLUTE
    ..\\..\\arch_STM32103\\lib\\src\\stm32f2xx_wwdg.c 0x00000000   Number         0  stm32f2xx_wwdg.o ABSOLUTE
    ..\\..\\arch_STM32103\\lib\\src\\system_stm32f2xx.c 0x00000000   Number         0  system_stm32f2xx.o ABSOLUTE
    ..\\..\\arch_STM32103\\src\\eeprom.c     0x00000000   Number         0  eeprom.o ABSOLUTE
    ..\\..\\arch_STM32103\\src\\fsmc.c       0x00000000   Number         0  fsmc.o ABSOLUTE
    ..\\..\\arch_STM32103\\src\\gpio.c       0x00000000   Number         0  gpio.o ABSOLUTE
    ..\\..\\arch_STM32103\\src\\time.c       0x00000000   Number         0  time.o ABSOLUTE
    ..\\..\\arch_STM32103\\src\\uart.c       0x00000000   Number         0  uart.o ABSOLUTE
    ..\\..\\arch_STM32103\\src_boot\\arch_stm32.c 0x00000000   Number         0  arch_stm32.o ABSOLUTE
    ..\\..\\arch_STM32103\\src_boot\\can.c   0x00000000   Number         0  can.o ABSOLUTE
    ..\\..\\arch_STM32103\\src_boot\\stm32f2xx_it.c 0x00000000   Number         0  stm32f2xx_it.o ABSOLUTE
    ..\\..\\arch_STM32103\\src_boot\\upgrade.c 0x00000000   Number         0  upgrade.o ABSOLUTE
    dc.s                                     0x00000000   Number         0  dc.o ABSOLUTE
    handlers.s                               0x00000000   Number         0  handlers.o ABSOLUTE
    init.s                                   0x00000000   Number         0  init.o ABSOLUTE
    RESET                                    0x08000000   Section      388  startup_stm32f2xx.o(RESET)
    .ARM.Collect$$$$00000000                 0x08000184   Section        0  entry.o(.ARM.Collect$$$$00000000)
    .ARM.Collect$$$$00000001                 0x08000184   Section        4  entry2.o(.ARM.Collect$$$$00000001)
    .ARM.Collect$$$$00000004                 0x08000188   Section        4  entry5.o(.ARM.Collect$$$$00000004)
    .ARM.Collect$$$$00000008                 0x0800018c   Section        0  entry7b.o(.ARM.Collect$$$$00000008)
    .ARM.Collect$$$$0000000A                 0x0800018c   Section        0  entry8b.o(.ARM.Collect$$$$0000000A)
    .ARM.Collect$$$$0000000B                 0x0800018c   Section        8  entry9a.o(.ARM.Collect$$$$0000000B)
    .ARM.Collect$$$$0000000D                 0x08000194   Section        0  entry10a.o(.ARM.Collect$$$$0000000D)
    .ARM.Collect$$$$0000000F                 0x08000194   Section        0  entry11a.o(.ARM.Collect$$$$0000000F)
    .ARM.Collect$$$$00002712                 0x08000194   Section        4  entry2.o(.ARM.Collect$$$$00002712)
    __lit__00000000                          0x08000194   Data           4  entry2.o(.ARM.Collect$$$$00002712)
    .text                                    0x08000198   Section       36  startup_stm32f2xx.o(.text)
    .text                                    0x080001bc   Section        0  strlen.o(.text)
    .text                                    0x080001ca   Section        0  fadd.o(.text)
    .text                                    0x0800027a   Section        0  fmul.o(.text)
    .text                                    0x080002de   Section        0  fflti.o(.text)
    .text                                    0x080002f0   Section        0  ffixi.o(.text)
    .text                                    0x08000322   Section        0  iusefp.o(.text)
    .text                                    0x08000322   Section        0  fepilogue.o(.text)
    .text                                    0x08000390   Section       36  init.o(.text)
    i.ADC_IRQHandler                         0x080003b4   Section        0  stm32f2xx_it.o(i.ADC_IRQHandler)
    i.Alert_Send                             0x080003b6   Section        0  boot.o(i.Alert_Send)
    i.BusFault_Handler                       0x080003d4   Section        0  stm32f2xx_it.o(i.BusFault_Handler)
    i.CAN0_Receive                           0x080003dc   Section        0  can.o(i.CAN0_Receive)
    i.CAN1_RX0_IRQHandler                    0x08000420   Section        0  stm32f2xx_it.o(i.CAN1_RX0_IRQHandler)
    i.CAN1_RX1_IRQHandler                    0x08000428   Section        0  stm32f2xx_it.o(i.CAN1_RX1_IRQHandler)
    i.CAN1_SCE_IRQHandler                    0x0800042a   Section        0  stm32f2xx_it.o(i.CAN1_SCE_IRQHandler)
    i.CAN1_TX_IRQHandler                     0x0800042c   Section        0  stm32f2xx_it.o(i.CAN1_TX_IRQHandler)
    i.CAN_Configuration                      0x08000430   Section        0  can.o(i.CAN_Configuration)
    i.CAN_DeInit                             0x080004fc   Section        0  stm32f2xx_can.o(i.CAN_DeInit)
    i.CAN_FilterInit                         0x08000534   Section        0  stm32f2xx_can.o(i.CAN_FilterInit)
    i.CAN_ITConfig                           0x0800063c   Section        0  stm32f2xx_can.o(i.CAN_ITConfig)
    i.CAN_Init                               0x0800064e   Section        0  stm32f2xx_can.o(i.CAN_Init)
    i.CAN_MessagePending                     0x08000762   Section        0  stm32f2xx_can.o(i.CAN_MessagePending)
    i.CAN_Receive                            0x08000780   Section        0  stm32f2xx_can.o(i.CAN_Receive)
    i.CAN_StructInit                         0x08000820   Section        0  stm32f2xx_can.o(i.CAN_StructInit)
    i.CAN_Transmit                           0x08000840   Section        0  stm32f2xx_can.o(i.CAN_Transmit)
    i.DMA1_Stream0_IRQHandler                0x08000966   Section        0  stm32f2xx_it.o(i.DMA1_Stream0_IRQHandler)
    i.DMA1_Stream1_IRQHandler                0x08000968   Section        0  stm32f2xx_it.o(i.DMA1_Stream1_IRQHandler)
    i.DMA1_Stream2_IRQHandler                0x0800096a   Section        0  stm32f2xx_it.o(i.DMA1_Stream2_IRQHandler)
    i.DMA1_Stream3_IRQHandler                0x0800096c   Section        0  stm32f2xx_it.o(i.DMA1_Stream3_IRQHandler)
    i.DMA1_Stream4_IRQHandler                0x0800096e   Section        0  stm32f2xx_it.o(i.DMA1_Stream4_IRQHandler)
    i.DMA1_Stream5_IRQHandler                0x08000970   Section        0  stm32f2xx_it.o(i.DMA1_Stream5_IRQHandler)
    i.DMA1_Stream6_IRQHandler                0x08000972   Section        0  stm32f2xx_it.o(i.DMA1_Stream6_IRQHandler)
    i.DMA1_Stream7_IRQHandler                0x08000974   Section        0  stm32f2xx_it.o(i.DMA1_Stream7_IRQHandler)
    i.DMA2_Stream0_IRQHandler                0x08000976   Section        0  stm32f2xx_it.o(i.DMA2_Stream0_IRQHandler)
    i.DMA2_Stream1_IRQHandler                0x08000978   Section        0  stm32f2xx_it.o(i.DMA2_Stream1_IRQHandler)
    i.DMA2_Stream2_IRQHandler                0x0800097a   Section        0  stm32f2xx_it.o(i.DMA2_Stream2_IRQHandler)
    i.DMA2_Stream3_IRQHandler                0x0800097c   Section        0  stm32f2xx_it.o(i.DMA2_Stream3_IRQHandler)
    i.DebugMon_Handler                       0x0800097e   Section        0  stm32f2xx_it.o(i.DebugMon_Handler)
    i.EE_FindValidPage                       0x08000980   Section        0  eeprom.o(i.EE_FindValidPage)
    EE_FindValidPage                         0x08000981   Thumb Code    80  eeprom.o(i.EE_FindValidPage)
    i.EE_Format                              0x080009d8   Section        0  eeprom.o(i.EE_Format)
    EE_Format                                0x080009d9   Thumb Code    72  eeprom.o(i.EE_Format)
    i.EE_Init                                0x08000a28   Section        0  eeprom.o(i.EE_Init)
    i.EE_PageTransfer                        0x08000c68   Section        0  eeprom.o(i.EE_PageTransfer)
    EE_PageTransfer                          0x08000c69   Thumb Code   242  eeprom.o(i.EE_PageTransfer)
    i.EE_Read                                0x08000d74   Section        0  eeprom.o(i.EE_Read)
    i.EE_ReadVariable                        0x08000db8   Section        0  eeprom.o(i.EE_ReadVariable)
    i.EE_VerifyPageFullWriteVariable         0x08000e2c   Section        0  eeprom.o(i.EE_VerifyPageFullWriteVariable)
    EE_VerifyPageFullWriteVariable           0x08000e2d   Thumb Code   132  eeprom.o(i.EE_VerifyPageFullWriteVariable)
    i.EE_Write                               0x08000ec4   Section        0  eeprom.o(i.EE_Write)
    i.EE_WriteVariable                       0x08000f28   Section        0  eeprom.o(i.EE_WriteVariable)
    i.EXTI0_IRQHandler                       0x08000f4c   Section        0  stm32f2xx_it.o(i.EXTI0_IRQHandler)
    i.EXTI15_10_IRQHandler                   0x08000f54   Section        0  stm32f2xx_it.o(i.EXTI15_10_IRQHandler)
    i.EXTI1_IRQHandler                       0x08000f5c   Section        0  stm32f2xx_it.o(i.EXTI1_IRQHandler)
    i.EXTI2_IRQHandler                       0x08000f64   Section        0  stm32f2xx_it.o(i.EXTI2_IRQHandler)
    i.EXTI3_IRQHandler                       0x08000f66   Section        0  stm32f2xx_it.o(i.EXTI3_IRQHandler)
    i.EXTI4_IRQHandler                       0x08000f68   Section        0  stm32f2xx_it.o(i.EXTI4_IRQHandler)
    i.EXTI9_5_IRQHandler                     0x08000f6a   Section        0  stm32f2xx_it.o(i.EXTI9_5_IRQHandler)
    i.Exec_check_app_isok_from_flash         0x08000f72   Section        0  arch_stm32.o(i.Exec_check_app_isok_from_flash)
    i.FLASH_ClearFlag                        0x08000fd0   Section        0  stm32f2xx_flash.o(i.FLASH_ClearFlag)
    i.FLASH_EraseSector                      0x08000fdc   Section        0  stm32f2xx_flash.o(i.FLASH_EraseSector)
    i.FLASH_GetStatus                        0x0800107c   Section        0  stm32f2xx_flash.o(i.FLASH_GetStatus)
    i.FLASH_IRQHandler                       0x080010c4   Section        0  stm32f2xx_it.o(i.FLASH_IRQHandler)
    i.FLASH_Lock                             0x080010c8   Section        0  stm32f2xx_flash.o(i.FLASH_Lock)
    i.FLASH_OB_GetRDP                        0x080010dc   Section        0  stm32f2xx_flash.o(i.FLASH_OB_GetRDP)
    i.FLASH_OB_Launch                        0x080010f4   Section        0  stm32f2xx_flash.o(i.FLASH_OB_Launch)
    i.FLASH_OB_RDPConfig                     0x08001114   Section        0  stm32f2xx_flash.o(i.FLASH_OB_RDPConfig)
    i.FLASH_OB_Unlock                        0x08001130   Section        0  stm32f2xx_flash.o(i.FLASH_OB_Unlock)
    i.FLASH_PrefetchBufferCmd                0x08001154   Section        0  stm32f2xx_flash.o(i.FLASH_PrefetchBufferCmd)
    i.FLASH_ProgramHalfWord                  0x08001178   Section        0  stm32f2xx_flash.o(i.FLASH_ProgramHalfWord)
    i.FLASH_SetLatency                       0x080011dc   Section        0  stm32f2xx_flash.o(i.FLASH_SetLatency)
    i.FLASH_Unlock                           0x080011e8   Section        0  stm32f2xx_flash.o(i.FLASH_Unlock)
    i.FLASH_WaitForLastOperation             0x0800120c   Section        0  stm32f2xx_flash.o(i.FLASH_WaitForLastOperation)
    i.FSMC_IRQHandler                        0x0800122e   Section        0  stm32f2xx_it.o(i.FSMC_IRQHandler)
    i.FSMC_Init                              0x08001230   Section        0  fsmc.o(i.FSMC_Init)
    i.FSMC_NORSRAMCmd                        0x08001290   Section        0  stm32f2xx_fsmc.o(i.FSMC_NORSRAMCmd)
    i.FSMC_NORSRAMInit                       0x080012c4   Section        0  stm32f2xx_fsmc.o(i.FSMC_NORSRAMInit)
    i.GPIO_Configuration                     0x080013ac   Section        0  gpio.o(i.GPIO_Configuration)
    i.GPIO_Configuration_default             0x080017a0   Section        0  gpio.o(i.GPIO_Configuration_default)
    i.GPIO_Configuration_powerctr            0x08001820   Section        0  gpio.o(i.GPIO_Configuration_powerctr)
    i.GPIO_Init                              0x0800189c   Section        0  stm32f2xx_gpio.o(i.GPIO_Init)
    i.GPIO_PinAFConfig                       0x0800192c   Section        0  stm32f2xx_gpio.o(i.GPIO_PinAFConfig)
    i.GPIO_ReadInputDataBit                  0x08001972   Section        0  stm32f2xx_gpio.o(i.GPIO_ReadInputDataBit)
    i.GPIO_ResetBits                         0x08001984   Section        0  stm32f2xx_gpio.o(i.GPIO_ResetBits)
    i.GPIO_SetBits                           0x08001988   Section        0  stm32f2xx_gpio.o(i.GPIO_SetBits)
    i.Get_CPLD_Ver_E490                      0x0800198c   Section        0  arch_stm32.o(i.Get_CPLD_Ver_E490)
    i.Get_Cpld_Name_Ver                      0x080019d8   Section        0  arch_stm32.o(i.Get_Cpld_Name_Ver)
    i.Get_EXP_Board_E490                     0x08001a28   Section        0  arch_stm32.o(i.Get_EXP_Board_E490)
    i.GoApp                                  0x08001a50   Section        0  arch_stm32.o(i.GoApp)
    i.Gpio_cfg_yarn_                         0x08001aa0   Section        0  gpio.o(i.Gpio_cfg_yarn_)
    i.HardFault_Handler                      0x08001aa2   Section        0  stm32f2xx_it.o(i.HardFault_Handler)
    i.I2C1_ER_IRQHandler                     0x08001aaa   Section        0  stm32f2xx_it.o(i.I2C1_ER_IRQHandler)
    i.I2C1_EV_IRQHandler                     0x08001aac   Section        0  stm32f2xx_it.o(i.I2C1_EV_IRQHandler)
    i.I2C2_ER_IRQHandler                     0x08001aae   Section        0  stm32f2xx_it.o(i.I2C2_ER_IRQHandler)
    i.I2C2_EV_IRQHandler                     0x08001ab0   Section        0  stm32f2xx_it.o(i.I2C2_EV_IRQHandler)
    i.Jtag_Security                          0x08001ab2   Section        0  arch_stm32.o(i.Jtag_Security)
    i.MemManage_Handler                      0x08001ad4   Section        0  stm32f2xx_it.o(i.MemManage_Handler)
    i.Message_Count                          0x08001adc   Section        0  massage.o(i.Message_Count)
    i.Message_Push                           0x08001af8   Section        0  massage.o(i.Message_Push)
    i.Message_Send_Alert                     0x08001b90   Section        0  massage.o(i.Message_Send_Alert)
    i.NMI_Handler                            0x08001bb4   Section        0  stm32f2xx_it.o(i.NMI_Handler)
    i.NVIC_Configuration                     0x08001bbc   Section        0  arch_stm32.o(i.NVIC_Configuration)
    i.NVIC_Init                              0x08001bd4   Section        0  misc.o(i.NVIC_Init)
    i.NVIC_PriorityGroupConfig               0x08001c4c   Section        0  misc.o(i.NVIC_PriorityGroupConfig)
    i.NVIC_SetVectorTable                    0x08001c60   Section        0  misc.o(i.NVIC_SetVectorTable)
    i.OTG_FS_WKUP_IRQHandler                 0x08001c74   Section        0  stm32f2xx_it.o(i.OTG_FS_WKUP_IRQHandler)
    i.PVD_IRQHandler                         0x08001c76   Section        0  stm32f2xx_it.o(i.PVD_IRQHandler)
    i.PendSV_Handler                         0x08001c78   Section        0  stm32f2xx_it.o(i.PendSV_Handler)
    i.RCC_AHB1PeriphClockCmd                 0x08001c7c   Section        0  stm32f2xx_rcc.o(i.RCC_AHB1PeriphClockCmd)
    i.RCC_AHB3PeriphClockCmd                 0x08001c9c   Section        0  stm32f2xx_rcc.o(i.RCC_AHB3PeriphClockCmd)
    i.RCC_APB1PeriphClockCmd                 0x08001cbc   Section        0  stm32f2xx_rcc.o(i.RCC_APB1PeriphClockCmd)
    i.RCC_APB1PeriphResetCmd                 0x08001cdc   Section        0  stm32f2xx_rcc.o(i.RCC_APB1PeriphResetCmd)
    i.RCC_APB2PeriphClockCmd                 0x08001cfc   Section        0  stm32f2xx_rcc.o(i.RCC_APB2PeriphClockCmd)
    i.RCC_APB2PeriphResetCmd                 0x08001d1c   Section        0  stm32f2xx_rcc.o(i.RCC_APB2PeriphResetCmd)
    i.RCC_Configuration                      0x08001d3c   Section        0  arch_stm32.o(i.RCC_Configuration)
    i.RCC_DeInit                             0x08001db0   Section        0  stm32f2xx_rcc.o(i.RCC_DeInit)
    i.RCC_GetClocksFreq                      0x08001df8   Section        0  stm32f2xx_rcc.o(i.RCC_GetClocksFreq)
    i.RCC_GetFlagStatus                      0x08001ee0   Section        0  stm32f2xx_rcc.o(i.RCC_GetFlagStatus)
    i.RCC_GetSYSCLKSource                    0x08001f20   Section        0  stm32f2xx_rcc.o(i.RCC_GetSYSCLKSource)
    i.RCC_HCLKConfig                         0x08001f30   Section        0  stm32f2xx_rcc.o(i.RCC_HCLKConfig)
    i.RCC_HSEConfig                          0x08001f48   Section        0  stm32f2xx_rcc.o(i.RCC_HSEConfig)
    i.RCC_IRQHandler                         0x08001f58   Section        0  stm32f2xx_it.o(i.RCC_IRQHandler)
    i.RCC_PCLK1Config                        0x08001f5c   Section        0  stm32f2xx_rcc.o(i.RCC_PCLK1Config)
    i.RCC_PCLK2Config                        0x08001f74   Section        0  stm32f2xx_rcc.o(i.RCC_PCLK2Config)
    i.RCC_PLLCmd                             0x08001f8c   Section        0  stm32f2xx_rcc.o(i.RCC_PLLCmd)
    i.RCC_PLLConfig                          0x08001f98   Section        0  stm32f2xx_rcc.o(i.RCC_PLLConfig)
    i.RCC_SYSCLKConfig                       0x08001fbc   Section        0  stm32f2xx_rcc.o(i.RCC_SYSCLKConfig)
    i.RCC_WaitForHSEStartUp                  0x08001fd4   Section        0  stm32f2xx_rcc.o(i.RCC_WaitForHSEStartUp)
    i.RTC_Alarm_IRQHandler                   0x0800200c   Section        0  stm32f2xx_it.o(i.RTC_Alarm_IRQHandler)
    i.RTC_WKUP_IRQHandler                    0x0800200e   Section        0  stm32f2xx_it.o(i.RTC_WKUP_IRQHandler)
    i.SDIO_IRQHandler                        0x08002010   Section        0  stm32f2xx_it.o(i.SDIO_IRQHandler)
    i.SPI1_IRQHandler                        0x08002012   Section        0  stm32f2xx_it.o(i.SPI1_IRQHandler)
    i.SPI2_IRQHandler                        0x08002014   Section        0  stm32f2xx_it.o(i.SPI2_IRQHandler)
    i.SPI3_IRQHandler                        0x08002016   Section        0  stm32f2xx_it.o(i.SPI3_IRQHandler)
    i.SVC_Handler                            0x08002018   Section        0  stm32f2xx_it.o(i.SVC_Handler)
    i.SendMassage                            0x0800201a   Section        0  boot.o(i.SendMassage)
    i.SetSysClock                            0x08002028   Section        0  system_stm32f2xx.o(i.SetSysClock)
    SetSysClock                              0x08002029   Thumb Code   192  system_stm32f2xx.o(i.SetSysClock)
    i.SysTick_Handler                        0x080020f4   Section        0  stm32f2xx_it.o(i.SysTick_Handler)
    i.SystemInit                             0x080020f8   Section        0  system_stm32f2xx.o(i.SystemInit)
    i.TAMP_STAMP_IRQHandler                  0x08002154   Section        0  stm32f2xx_it.o(i.TAMP_STAMP_IRQHandler)
    i.TIM1_BRK_TIM9_IRQHandler               0x08002156   Section        0  stm32f2xx_it.o(i.TIM1_BRK_TIM9_IRQHandler)
    i.TIM1_CC_IRQHandler                     0x08002158   Section        0  stm32f2xx_it.o(i.TIM1_CC_IRQHandler)
    i.TIM1_TRG_COM_TIM11_IRQHandler          0x0800215a   Section        0  stm32f2xx_it.o(i.TIM1_TRG_COM_TIM11_IRQHandler)
    i.TIM1_UP_TIM10_IRQHandler               0x0800215c   Section        0  stm32f2xx_it.o(i.TIM1_UP_TIM10_IRQHandler)
    i.TIM2_IRQHandler                        0x0800215e   Section        0  stm32f2xx_it.o(i.TIM2_IRQHandler)
    i.TIM3_IRQHandler                        0x08002160   Section        0  stm32f2xx_it.o(i.TIM3_IRQHandler)
    i.TIM4_IRQHandler                        0x08002162   Section        0  stm32f2xx_it.o(i.TIM4_IRQHandler)
    i.TIM5_IRQHandler                        0x08002164   Section        0  stm32f2xx_it.o(i.TIM5_IRQHandler)
    i.TIM6_DAC_IRQHandler                    0x08002166   Section        0  stm32f2xx_it.o(i.TIM6_DAC_IRQHandler)
    i.TIM7_IRQHandler                        0x08002168   Section        0  stm32f2xx_it.o(i.TIM7_IRQHandler)
    i.TIM8_BRK_TIM12_IRQHandler              0x0800216a   Section        0  stm32f2xx_it.o(i.TIM8_BRK_TIM12_IRQHandler)
    i.TIM8_CC_IRQHandler                     0x0800216c   Section        0  stm32f2xx_it.o(i.TIM8_CC_IRQHandler)
    i.TIM8_TRG_COM_TIM14_IRQHandler          0x0800216e   Section        0  stm32f2xx_it.o(i.TIM8_TRG_COM_TIM14_IRQHandler)
    i.TIM8_UP_TIM13_IRQHandler               0x08002170   Section        0  stm32f2xx_it.o(i.TIM8_UP_TIM13_IRQHandler)
    i.UART4_IRQHandler                       0x08002172   Section        0  stm32f2xx_it.o(i.UART4_IRQHandler)
    i.UART5_IRQHandler                       0x08002174   Section        0  stm32f2xx_it.o(i.UART5_IRQHandler)
    i.USART1_IRQHandler                      0x08002176   Section        0  stm32f2xx_it.o(i.USART1_IRQHandler)
    i.USART2_IRQHandler                      0x0800217e   Section        0  stm32f2xx_it.o(i.USART2_IRQHandler)
    i.USART3_IRQHandler                      0x08002180   Section        0  stm32f2xx_it.o(i.USART3_IRQHandler)
    i.USART_ClearITPendingBit                0x08002182   Section        0  stm32f2xx_usart.o(i.USART_ClearITPendingBit)
    i.USART_Cmd                              0x080021a0   Section        0  stm32f2xx_usart.o(i.USART_Cmd)
    i.USART_Configuration                    0x080021b8   Section        0  uart.o(i.USART_Configuration)
    i.USART_DeInit                           0x08002220   Section        0  stm32f2xx_usart.o(i.USART_DeInit)
    i.USART_GetFlagStatus                    0x080022d4   Section        0  stm32f2xx_usart.o(i.USART_GetFlagStatus)
    i.USART_GetITStatus                      0x080022ee   Section        0  stm32f2xx_usart.o(i.USART_GetITStatus)
    i.USART_ITConfig                         0x08002342   Section        0  stm32f2xx_usart.o(i.USART_ITConfig)
    i.USART_Init                             0x0800238c   Section        0  stm32f2xx_usart.o(i.USART_Init)
    i.USART_Out                              0x08002460   Section        0  uart.o(i.USART_Out)
    i.USART_ReceiveData                      0x08002480   Section        0  stm32f2xx_usart.o(i.USART_ReceiveData)
    i.USART_SendData                         0x0800248a   Section        0  stm32f2xx_usart.o(i.USART_SendData)
    i.USART_StructInit                       0x08002492   Section        0  stm32f2xx_usart.o(i.USART_StructInit)
    i.UsageFault_Handler                     0x080024aa   Section        0  stm32f2xx_it.o(i.UsageFault_Handler)
    i.WWDG_IRQHandler                        0x080024b2   Section        0  stm32f2xx_it.o(i.WWDG_IRQHandler)
    i.__scatterload_copy                     0x080024b4   Section       14  handlers.o(i.__scatterload_copy)
    i.__scatterload_null                     0x080024c2   Section        2  handlers.o(i.__scatterload_null)
    i.__scatterload_zeroinit                 0x080024c4   Section       14  handlers.o(i.__scatterload_zeroinit)
    i.alert_count                            0x080024d4   Section        0  alert.o(i.alert_count)
    i.alert_cpu_fatal                        0x080024f0   Section        0  alert.o(i.alert_cpu_fatal)
    i.alert_push                             0x08002500   Section        0  alert.o(i.alert_push)
    i.arch_8803_Reset                        0x080025b0   Section        0  arch_stm32.o(i.arch_8803_Reset)
    i.arch_ACTEMF_AllClear                   0x080025ec   Section        0  arch_stm32.o(i.arch_ACTEMF_AllClear)
    i.arch_CPLD_Reset                        0x08002614   Section        0  arch_stm32.o(i.arch_CPLD_Reset)
    i.arch_GetBoardID                        0x08002618   Section        0  arch_stm32.o(i.arch_GetBoardID)
    i.arch_GetBoardID_E480                   0x0800265c   Section        0  arch_stm32.o(i.arch_GetBoardID_E480)
    i.arch_Get_Board_Type                    0x08002684   Section        0  arch_stm32.o(i.arch_Get_Board_Type)
    i.arch_Get_ID                            0x080026b4   Section        0  arch_stm32.o(i.arch_Get_ID)
    i.arch_Jacquard_AllClear                 0x080026c0   Section        0  arch_stm32.o(i.arch_Jacquard_AllClear)
    i.arch_LED_Off                           0x08002700   Section        0  arch_stm32.o(i.arch_LED_Off)
    i.arch_LED_On                            0x08002710   Section        0  arch_stm32.o(i.arch_LED_On)
    i.arch_LED_Setup                         0x08002720   Section        0  arch_stm32.o(i.arch_LED_Setup)
    i.arch_Power_Off                         0x0800272c   Section        0  arch_stm32.o(i.arch_Power_Off)
    i.arch_SendMessage                       0x08002750   Section        0  can.o(i.arch_SendMessage)
    i.arch_Set_CANID                         0x080027b8   Section        0  arch_stm32.o(i.arch_Set_CANID)
    i.arch_StepMotor_Disable                 0x080027d0   Section        0  arch_stm32.o(i.arch_StepMotor_Disable)
    i.arch_Upgrade_APP_Flag_init             0x08002824   Section        0  upgrade.o(i.arch_Upgrade_APP_Flag_init)
    i.arch_Upgrade_Finish                    0x08002838   Section        0  upgrade.o(i.arch_Upgrade_Finish)
    i.arch_Upgrade_Get_Burn_Size             0x08002850   Section        0  upgrade.o(i.arch_Upgrade_Get_Burn_Size)
    i.arch_Upgrade_Set_Burn                  0x08002860   Section        0  upgrade.o(i.arch_Upgrade_Set_Burn)
    i.arch_Upgrade_Set_Burn_Size             0x08002878   Section        0  upgrade.o(i.arch_Upgrade_Set_Burn_Size)
    i.arch_Upgrade_Set_Receive               0x08002888   Section        0  upgrade.o(i.arch_Upgrade_Set_Receive)
    i.arch_Upgrade_is_Burn                   0x080028a0   Section        0  upgrade.o(i.arch_Upgrade_is_Burn)
    i.arch_Upgrade_is_Start                  0x080028c0   Section        0  upgrade.o(i.arch_Upgrade_is_Start)
    i.arch_YARNEMF_AllClear                  0x080028e0   Section        0  arch_stm32.o(i.arch_YARNEMF_AllClear)
    i.arch_init                              0x08002940   Section        0  arch_stm32.o(i.arch_init)
    i.delay                                  0x08002a84   Section        0  boot.o(i.delay)
    i.delayus                                0x08002a96   Section        0  arch_stm32.o(i.delayus)
    i.fmc_init                               0x08002aac   Section        0  upgrade.o(i.fmc_init)
    i.fmc_program                            0x08002af4   Section        0  upgrade.o(i.fmc_program)
    i.fmc_start_addr                         0x08002bac   Section        0  upgrade.o(i.fmc_start_addr)
    i.hook_CAN_isr                           0x08002bc0   Section        0  can.o(i.hook_CAN_isr)
    i.hook_EXTI_isr                          0x08002c10   Section        0  arch_stm32.o(i.hook_EXTI_isr)
    i.hook_UART1_isr                         0x08002c14   Section        0  uart.o(i.hook_UART1_isr)
    i.main                                   0x08002c40   Section        0  boot.o(i.main)
    i.myprint                                0x08002ebc   Section        0  dprintf.o(i.myprint)
    i.myprintFloat                           0x08003098   Section        0  dprintf.o(i.myprintFloat)
    myprintFloat                             0x08003099   Thumb Code   112  dprintf.o(i.myprintFloat)
    i.myprintchar                            0x0800310c   Section        0  dprintf.o(i.myprintchar)
    myprintchar                              0x0800310d   Thumb Code    28  dprintf.o(i.myprintchar)
    i.myprintf                               0x08003128   Section        0  dprintf.o(i.myprintf)
    i.myprinti                               0x08003150   Section        0  dprintf.o(i.myprinti)
    myprinti                                 0x08003151   Thumb Code   202  dprintf.o(i.myprinti)
    i.myprints                               0x08003220   Section        0  dprintf.o(i.myprints)
    myprints                                 0x08003221   Thumb Code   216  dprintf.o(i.myprints)
    i.uart_rxhandler                         0x080032f8   Section        0  uart.o(i.uart_rxhandler)
    i.wait_us                                0x0800332c   Section        0  arch_stm32.o(i.wait_us)
    .data                                    0x20000000   Section        4  dprintf.o(.data)
    .data                                    0x20000004   Section        2  eeprom.o(.data)
    .data                                    0x20000008   Section        4  can.o(.data)
    .data                                    0x2000000c   Section       60  arch_stm32.o(.data)
    .data                                    0x20000048   Section       20  upgrade.o(.data)
    .data                                    0x2000005c   Section       12  boot.o(.data)
    .data                                    0x20000068   Section       28  massage.o(.data)
    .data                                    0x20000084   Section       36  alert.o(.data)
    .data                                    0x200000a8   Section        4  stm32f2xx_flash.o(.data)
    .data                                    0x200000ac   Section       16  stm32f2xx_rcc.o(.data)
    APBAHBPrescTable                         0x200000ac   Data          16  stm32f2xx_rcc.o(.data)
    .bss                                     0x200000bc   Section       64  dprintf.o(.bss)
    .bss                                     0x200000fc   Section       18  uart.o(.bss)
    uart_rx                                  0x200000fc   Data          18  uart.o(.bss)
    .bss                                     0x2000010e   Section      200  eeprom.o(.bss)
    .bss                                     0x200001d8   Section       20  can.o(.bss)
    .bss                                     0x200001ec   Section     8192  boot.o(.bss)
    .bss                                     0x200021ec   Section     2080  massage.o(.bss)
    .bss                                     0x20002a0c   Section      256  alert.o(.bss)
    STACK                                    0x20002b10   Section     2048  startup_stm32f2xx.o(STACK)
    .ARM.__AT_0x2001F000                     0x2001f000   Section       20  boot.o(.ARM.__AT_0x2001F000)

    Global Symbols

    Symbol Name                              Value     Ov Type        Size  Object(Section)

    BuildAttributes$$THM_ISAv4$P$D$K$B$S$PE$A:L22UL41UL21$X:L11$S22US41US21$IEEE1$IW$USESV6$~STKCKD$USESV7$~SHL$OTIME$ROPI$EBA8$MICROLIB$REQ8$PRES8$EABIv2 0x00000000   Number         0  anon$$obj.o ABSOLUTE
    __ARM_use_no_argv                        0x00000000   Number         0  boot.o ABSOLUTE
    __cpp_initialize__aeabi_                  - Undefined Weak Reference
    __cxa_finalize                            - Undefined Weak Reference
    __decompress                              - Undefined Weak Reference
    _clock_init                               - Undefined Weak Reference
    _microlib_exit                            - Undefined Weak Reference
    __Vectors_Size                           0x00000184   Number         0  startup_stm32f2xx.o ABSOLUTE
    __Vectors                                0x08000000   Data           4  startup_stm32f2xx.o(RESET)
    __Vectors_End                            0x08000184   Data           0  startup_stm32f2xx.o(RESET)
    __main                                   0x08000185   Thumb Code     0  entry.o(.ARM.Collect$$$$00000000)
    _main_stk                                0x08000185   Thumb Code     0  entry2.o(.ARM.Collect$$$$00000001)
    _main_scatterload                        0x08000189   Thumb Code     0  entry5.o(.ARM.Collect$$$$00000004)
    __main_after_scatterload                 0x0800018d   Thumb Code     0  entry5.o(.ARM.Collect$$$$00000004)
    _main_clock                              0x0800018d   Thumb Code     0  entry7b.o(.ARM.Collect$$$$00000008)
    _main_cpp_init                           0x0800018d   Thumb Code     0  entry8b.o(.ARM.Collect$$$$0000000A)
    _main_init                               0x0800018d   Thumb Code     0  entry9a.o(.ARM.Collect$$$$0000000B)
    __rt_final_cpp                           0x08000195   Thumb Code     0  entry10a.o(.ARM.Collect$$$$0000000D)
    __rt_final_exit                          0x08000195   Thumb Code     0  entry11a.o(.ARM.Collect$$$$0000000F)
    Reset_Handler                            0x08000199   Thumb Code     8  startup_stm32f2xx.o(.text)
    CAN2_RX0_IRQHandler                      0x080001b3   Thumb Code     0  startup_stm32f2xx.o(.text)
    CAN2_RX1_IRQHandler                      0x080001b3   Thumb Code     0  startup_stm32f2xx.o(.text)
    CAN2_SCE_IRQHandler                      0x080001b3   Thumb Code     0  startup_stm32f2xx.o(.text)
    CAN2_TX_IRQHandler                       0x080001b3   Thumb Code     0  startup_stm32f2xx.o(.text)
    CRYP_IRQHandler                          0x080001b3   Thumb Code     0  startup_stm32f2xx.o(.text)
    DCMI_IRQHandler                          0x080001b3   Thumb Code     0  startup_stm32f2xx.o(.text)
    DMA2_Stream4_IRQHandler                  0x080001b3   Thumb Code     0  startup_stm32f2xx.o(.text)
    DMA2_Stream5_IRQHandler                  0x080001b3   Thumb Code     0  startup_stm32f2xx.o(.text)
    DMA2_Stream6_IRQHandler                  0x080001b3   Thumb Code     0  startup_stm32f2xx.o(.text)
    DMA2_Stream7_IRQHandler                  0x080001b3   Thumb Code     0  startup_stm32f2xx.o(.text)
    ETH_IRQHandler                           0x080001b3   Thumb Code     0  startup_stm32f2xx.o(.text)
    ETH_WKUP_IRQHandler                      0x080001b3   Thumb Code     0  startup_stm32f2xx.o(.text)
    HASH_RNG_IRQHandler                      0x080001b3   Thumb Code     0  startup_stm32f2xx.o(.text)
    I2C3_ER_IRQHandler                       0x080001b3   Thumb Code     0  startup_stm32f2xx.o(.text)
    I2C3_EV_IRQHandler                       0x080001b3   Thumb Code     0  startup_stm32f2xx.o(.text)
    OTG_FS_IRQHandler                        0x080001b3   Thumb Code     0  startup_stm32f2xx.o(.text)
    OTG_HS_EP1_IN_IRQHandler                 0x080001b3   Thumb Code     0  startup_stm32f2xx.o(.text)
    OTG_HS_EP1_OUT_IRQHandler                0x080001b3   Thumb Code     0  startup_stm32f2xx.o(.text)
    OTG_HS_IRQHandler                        0x080001b3   Thumb Code     0  startup_stm32f2xx.o(.text)
    OTG_HS_WKUP_IRQHandler                   0x080001b3   Thumb Code     0  startup_stm32f2xx.o(.text)
    USART6_IRQHandler                        0x080001b3   Thumb Code     0  startup_stm32f2xx.o(.text)
    strlen                                   0x080001bd   Thumb Code    14  strlen.o(.text)
    __aeabi_fadd                             0x080001cb   Thumb Code   164  fadd.o(.text)
    __aeabi_fsub                             0x0800026f   Thumb Code     6  fadd.o(.text)
    __aeabi_frsub                            0x08000275   Thumb Code     6  fadd.o(.text)
    __aeabi_fmul                             0x0800027b   Thumb Code   100  fmul.o(.text)
    __aeabi_i2f                              0x080002df   Thumb Code    18  fflti.o(.text)
    __aeabi_f2iz                             0x080002f1   Thumb Code    50  ffixi.o(.text)
    __I$use$fp                               0x08000323   Thumb Code     0  iusefp.o(.text)
    _float_round                             0x08000323   Thumb Code    18  fepilogue.o(.text)
    _float_epilogue                          0x08000335   Thumb Code    92  fepilogue.o(.text)
    __scatterload                            0x08000391   Thumb Code    28  init.o(.text)
    __scatterload_rt2                        0x08000391   Thumb Code     0  init.o(.text)
    ADC_IRQHandler                           0x080003b5   Thumb Code     2  stm32f2xx_it.o(i.ADC_IRQHandler)
    Alert_Send                               0x080003b7   Thumb Code    30  boot.o(i.Alert_Send)
    BusFault_Handler                         0x080003d5   Thumb Code     8  stm32f2xx_it.o(i.BusFault_Handler)
    CAN0_Receive                             0x080003dd   Thumb Code    58  can.o(i.CAN0_Receive)
    CAN1_RX0_IRQHandler                      0x08000421   Thumb Code     8  stm32f2xx_it.o(i.CAN1_RX0_IRQHandler)
    CAN1_RX1_IRQHandler                      0x08000429   Thumb Code     2  stm32f2xx_it.o(i.CAN1_RX1_IRQHandler)
    CAN1_SCE_IRQHandler                      0x0800042b   Thumb Code     2  stm32f2xx_it.o(i.CAN1_SCE_IRQHandler)
    CAN1_TX_IRQHandler                       0x0800042d   Thumb Code     2  stm32f2xx_it.o(i.CAN1_TX_IRQHandler)
    CAN_Configuration                        0x08000431   Thumb Code   196  can.o(i.CAN_Configuration)
    CAN_DeInit                               0x080004fd   Thumb Code    50  stm32f2xx_can.o(i.CAN_DeInit)
    CAN_FilterInit                           0x08000535   Thumb Code   258  stm32f2xx_can.o(i.CAN_FilterInit)
    CAN_ITConfig                             0x0800063d   Thumb Code    18  stm32f2xx_can.o(i.CAN_ITConfig)
    CAN_Init                                 0x0800064f   Thumb Code   276  stm32f2xx_can.o(i.CAN_Init)
    CAN_MessagePending                       0x08000763   Thumb Code    30  stm32f2xx_can.o(i.CAN_MessagePending)
    CAN_Receive                              0x08000781   Thumb Code   160  stm32f2xx_can.o(i.CAN_Receive)
    CAN_StructInit                           0x08000821   Thumb Code    32  stm32f2xx_can.o(i.CAN_StructInit)
    CAN_Transmit                             0x08000841   Thumb Code   294  stm32f2xx_can.o(i.CAN_Transmit)
    DMA1_Stream0_IRQHandler                  0x08000967   Thumb Code     2  stm32f2xx_it.o(i.DMA1_Stream0_IRQHandler)
    DMA1_Stream1_IRQHandler                  0x08000969   Thumb Code     2  stm32f2xx_it.o(i.DMA1_Stream1_IRQHandler)
    DMA1_Stream2_IRQHandler                  0x0800096b   Thumb Code     2  stm32f2xx_it.o(i.DMA1_Stream2_IRQHandler)
    DMA1_Stream3_IRQHandler                  0x0800096d   Thumb Code     2  stm32f2xx_it.o(i.DMA1_Stream3_IRQHandler)
    DMA1_Stream4_IRQHandler                  0x0800096f   Thumb Code     2  stm32f2xx_it.o(i.DMA1_Stream4_IRQHandler)
    DMA1_Stream5_IRQHandler                  0x08000971   Thumb Code     2  stm32f2xx_it.o(i.DMA1_Stream5_IRQHandler)
    DMA1_Stream6_IRQHandler                  0x08000973   Thumb Code     2  stm32f2xx_it.o(i.DMA1_Stream6_IRQHandler)
    DMA1_Stream7_IRQHandler                  0x08000975   Thumb Code     2  stm32f2xx_it.o(i.DMA1_Stream7_IRQHandler)
    DMA2_Stream0_IRQHandler                  0x08000977   Thumb Code     2  stm32f2xx_it.o(i.DMA2_Stream0_IRQHandler)
    DMA2_Stream1_IRQHandler                  0x08000979   Thumb Code     2  stm32f2xx_it.o(i.DMA2_Stream1_IRQHandler)
    DMA2_Stream2_IRQHandler                  0x0800097b   Thumb Code     2  stm32f2xx_it.o(i.DMA2_Stream2_IRQHandler)
    DMA2_Stream3_IRQHandler                  0x0800097d   Thumb Code     2  stm32f2xx_it.o(i.DMA2_Stream3_IRQHandler)
    DebugMon_Handler                         0x0800097f   Thumb Code     2  stm32f2xx_it.o(i.DebugMon_Handler)
    EE_Init                                  0x08000a29   Thumb Code   556  eeprom.o(i.EE_Init)
    EE_Read                                  0x08000d75   Thumb Code    62  eeprom.o(i.EE_Read)
    EE_ReadVariable                          0x08000db9   Thumb Code   104  eeprom.o(i.EE_ReadVariable)
    EE_Write                                 0x08000ec5   Thumb Code    96  eeprom.o(i.EE_Write)
    EE_WriteVariable                         0x08000f29   Thumb Code    36  eeprom.o(i.EE_WriteVariable)
    EXTI0_IRQHandler                         0x08000f4d   Thumb Code     8  stm32f2xx_it.o(i.EXTI0_IRQHandler)
    EXTI15_10_IRQHandler                     0x08000f55   Thumb Code     8  stm32f2xx_it.o(i.EXTI15_10_IRQHandler)
    EXTI1_IRQHandler                         0x08000f5d   Thumb Code     8  stm32f2xx_it.o(i.EXTI1_IRQHandler)
    EXTI2_IRQHandler                         0x08000f65   Thumb Code     2  stm32f2xx_it.o(i.EXTI2_IRQHandler)
    EXTI3_IRQHandler                         0x08000f67   Thumb Code     2  stm32f2xx_it.o(i.EXTI3_IRQHandler)
    EXTI4_IRQHandler                         0x08000f69   Thumb Code     2  stm32f2xx_it.o(i.EXTI4_IRQHandler)
    EXTI9_5_IRQHandler                       0x08000f6b   Thumb Code     8  stm32f2xx_it.o(i.EXTI9_5_IRQHandler)
    Exec_check_app_isok_from_flash           0x08000f73   Thumb Code    92  arch_stm32.o(i.Exec_check_app_isok_from_flash)
    FLASH_ClearFlag                          0x08000fd1   Thumb Code     6  stm32f2xx_flash.o(i.FLASH_ClearFlag)
    FLASH_EraseSector                        0x08000fdd   Thumb Code   150  stm32f2xx_flash.o(i.FLASH_EraseSector)
    FLASH_GetStatus                          0x0800107d   Thumb Code    66  stm32f2xx_flash.o(i.FLASH_GetStatus)
    FLASH_IRQHandler                         0x080010c5   Thumb Code     2  stm32f2xx_it.o(i.FLASH_IRQHandler)
    FLASH_Lock                               0x080010c9   Thumb Code    14  stm32f2xx_flash.o(i.FLASH_Lock)
    FLASH_OB_GetRDP                          0x080010dd   Thumb Code    18  stm32f2xx_flash.o(i.FLASH_OB_GetRDP)
    FLASH_OB_Launch                          0x080010f5   Thumb Code    26  stm32f2xx_flash.o(i.FLASH_OB_Launch)
    FLASH_OB_RDPConfig                       0x08001115   Thumb Code    22  stm32f2xx_flash.o(i.FLASH_OB_RDPConfig)
    FLASH_OB_Unlock                          0x08001131   Thumb Code    24  stm32f2xx_flash.o(i.FLASH_OB_Unlock)
    FLASH_PrefetchBufferCmd                  0x08001155   Thumb Code    30  stm32f2xx_flash.o(i.FLASH_PrefetchBufferCmd)
    FLASH_ProgramHalfWord                    0x08001179   Thumb Code    92  stm32f2xx_flash.o(i.FLASH_ProgramHalfWord)
    FLASH_SetLatency                         0x080011dd   Thumb Code     6  stm32f2xx_flash.o(i.FLASH_SetLatency)
    FLASH_Unlock                             0x080011e9   Thumb Code    24  stm32f2xx_flash.o(i.FLASH_Unlock)
    FLASH_WaitForLastOperation               0x0800120d   Thumb Code    34  stm32f2xx_flash.o(i.FLASH_WaitForLastOperation)
    FSMC_IRQHandler                          0x0800122f   Thumb Code     2  stm32f2xx_it.o(i.FSMC_IRQHandler)
    FSMC_Init                                0x08001231   Thumb Code    96  fsmc.o(i.FSMC_Init)
    FSMC_NORSRAMCmd                          0x08001291   Thumb Code    46  stm32f2xx_fsmc.o(i.FSMC_NORSRAMCmd)
    FSMC_NORSRAMInit                         0x080012c5   Thumb Code   230  stm32f2xx_fsmc.o(i.FSMC_NORSRAMInit)
    GPIO_Configuration                       0x080013ad   Thumb Code   984  gpio.o(i.GPIO_Configuration)
    GPIO_Configuration_default               0x080017a1   Thumb Code    98  gpio.o(i.GPIO_Configuration_default)
    GPIO_Configuration_powerctr              0x08001821   Thumb Code   114  gpio.o(i.GPIO_Configuration_powerctr)
    GPIO_Init                                0x0800189d   Thumb Code   144  stm32f2xx_gpio.o(i.GPIO_Init)
    GPIO_PinAFConfig                         0x0800192d   Thumb Code    70  stm32f2xx_gpio.o(i.GPIO_PinAFConfig)
    GPIO_ReadInputDataBit                    0x08001973   Thumb Code    18  stm32f2xx_gpio.o(i.GPIO_ReadInputDataBit)
    GPIO_ResetBits                           0x08001985   Thumb Code     4  stm32f2xx_gpio.o(i.GPIO_ResetBits)
    GPIO_SetBits                             0x08001989   Thumb Code     4  stm32f2xx_gpio.o(i.GPIO_SetBits)
    Get_CPLD_Ver_E490                        0x0800198d   Thumb Code    58  arch_stm32.o(i.Get_CPLD_Ver_E490)
    Get_Cpld_Name_Ver                        0x080019d9   Thumb Code    66  arch_stm32.o(i.Get_Cpld_Name_Ver)
    Get_EXP_Board_E490                       0x08001a29   Thumb Code    34  arch_stm32.o(i.Get_EXP_Board_E490)
    GoApp                                    0x08001a51   Thumb Code    42  arch_stm32.o(i.GoApp)
    Gpio_cfg_yarn_                           0x08001aa1   Thumb Code     2  gpio.o(i.Gpio_cfg_yarn_)
    HardFault_Handler                        0x08001aa3   Thumb Code     8  stm32f2xx_it.o(i.HardFault_Handler)
    I2C1_ER_IRQHandler                       0x08001aab   Thumb Code     2  stm32f2xx_it.o(i.I2C1_ER_IRQHandler)
    I2C1_EV_IRQHandler                       0x08001aad   Thumb Code     2  stm32f2xx_it.o(i.I2C1_EV_IRQHandler)
    I2C2_ER_IRQHandler                       0x08001aaf   Thumb Code     2  stm32f2xx_it.o(i.I2C2_ER_IRQHandler)
    I2C2_EV_IRQHandler                       0x08001ab1   Thumb Code     2  stm32f2xx_it.o(i.I2C2_EV_IRQHandler)
    Jtag_Security                            0x08001ab3   Thumb Code    34  arch_stm32.o(i.Jtag_Security)
    MemManage_Handler                        0x08001ad5   Thumb Code     8  stm32f2xx_it.o(i.MemManage_Handler)
    Message_Count                            0x08001add   Thumb Code    20  massage.o(i.Message_Count)
    Message_Push                             0x08001af9   Thumb Code   142  massage.o(i.Message_Push)
    Message_Send_Alert                       0x08001b91   Thumb Code    36  massage.o(i.Message_Send_Alert)
    NMI_Handler                              0x08001bb5   Thumb Code     8  stm32f2xx_it.o(i.NMI_Handler)
    NVIC_Configuration                       0x08001bbd   Thumb Code    22  arch_stm32.o(i.NVIC_Configuration)
    NVIC_Init                                0x08001bd5   Thumb Code   106  misc.o(i.NVIC_Init)
    NVIC_PriorityGroupConfig                 0x08001c4d   Thumb Code    10  misc.o(i.NVIC_PriorityGroupConfig)
    NVIC_SetVectorTable                      0x08001c61   Thumb Code    12  misc.o(i.NVIC_SetVectorTable)
    OTG_FS_WKUP_IRQHandler                   0x08001c75   Thumb Code     2  stm32f2xx_it.o(i.OTG_FS_WKUP_IRQHandler)
    PVD_IRQHandler                           0x08001c77   Thumb Code     2  stm32f2xx_it.o(i.PVD_IRQHandler)
    PendSV_Handler                           0x08001c79   Thumb Code     2  stm32f2xx_it.o(i.PendSV_Handler)
    RCC_AHB1PeriphClockCmd                   0x08001c7d   Thumb Code    26  stm32f2xx_rcc.o(i.RCC_AHB1PeriphClockCmd)
    RCC_AHB3PeriphClockCmd                   0x08001c9d   Thumb Code    26  stm32f2xx_rcc.o(i.RCC_AHB3PeriphClockCmd)
    RCC_APB1PeriphClockCmd                   0x08001cbd   Thumb Code    26  stm32f2xx_rcc.o(i.RCC_APB1PeriphClockCmd)
    RCC_APB1PeriphResetCmd                   0x08001cdd   Thumb Code    26  stm32f2xx_rcc.o(i.RCC_APB1PeriphResetCmd)
    RCC_APB2PeriphClockCmd                   0x08001cfd   Thumb Code    26  stm32f2xx_rcc.o(i.RCC_APB2PeriphClockCmd)
    RCC_APB2PeriphResetCmd                   0x08001d1d   Thumb Code    26  stm32f2xx_rcc.o(i.RCC_APB2PeriphResetCmd)
    RCC_Configuration                        0x08001d3d   Thumb Code   116  arch_stm32.o(i.RCC_Configuration)
    RCC_DeInit                               0x08001db1   Thumb Code    60  stm32f2xx_rcc.o(i.RCC_DeInit)
    RCC_GetClocksFreq                        0x08001df9   Thumb Code   214  stm32f2xx_rcc.o(i.RCC_GetClocksFreq)
    RCC_GetFlagStatus                        0x08001ee1   Thumb Code    60  stm32f2xx_rcc.o(i.RCC_GetFlagStatus)
    RCC_GetSYSCLKSource                      0x08001f21   Thumb Code    10  stm32f2xx_rcc.o(i.RCC_GetSYSCLKSource)
    RCC_HCLKConfig                           0x08001f31   Thumb Code    18  stm32f2xx_rcc.o(i.RCC_HCLKConfig)
    RCC_HSEConfig                            0x08001f49   Thumb Code    12  stm32f2xx_rcc.o(i.RCC_HSEConfig)
    RCC_IRQHandler                           0x08001f59   Thumb Code     2  stm32f2xx_it.o(i.RCC_IRQHandler)
    RCC_PCLK1Config                          0x08001f5d   Thumb Code    18  stm32f2xx_rcc.o(i.RCC_PCLK1Config)
    RCC_PCLK2Config                          0x08001f75   Thumb Code    20  stm32f2xx_rcc.o(i.RCC_PCLK2Config)
    RCC_PLLCmd                               0x08001f8d   Thumb Code     6  stm32f2xx_rcc.o(i.RCC_PLLCmd)
    RCC_PLLConfig                            0x08001f99   Thumb Code    30  stm32f2xx_rcc.o(i.RCC_PLLConfig)
    RCC_SYSCLKConfig                         0x08001fbd   Thumb Code    18  stm32f2xx_rcc.o(i.RCC_SYSCLKConfig)
    RCC_WaitForHSEStartUp                    0x08001fd5   Thumb Code    56  stm32f2xx_rcc.o(i.RCC_WaitForHSEStartUp)
    RTC_Alarm_IRQHandler                     0x0800200d   Thumb Code     2  stm32f2xx_it.o(i.RTC_Alarm_IRQHandler)
    RTC_WKUP_IRQHandler                      0x0800200f   Thumb Code     2  stm32f2xx_it.o(i.RTC_WKUP_IRQHandler)
    SDIO_IRQHandler                          0x08002011   Thumb Code     2  stm32f2xx_it.o(i.SDIO_IRQHandler)
    SPI1_IRQHandler                          0x08002013   Thumb Code     2  stm32f2xx_it.o(i.SPI1_IRQHandler)
    SPI2_IRQHandler                          0x08002015   Thumb Code     2  stm32f2xx_it.o(i.SPI2_IRQHandler)
    SPI3_IRQHandler                          0x08002017   Thumb Code     2  stm32f2xx_it.o(i.SPI3_IRQHandler)
    SVC_Handler                              0x08002019   Thumb Code     2  stm32f2xx_it.o(i.SVC_Handler)
    SendMassage                              0x0800201b   Thumb Code    14  boot.o(i.SendMassage)
    SysTick_Handler                          0x080020f5   Thumb Code     2  stm32f2xx_it.o(i.SysTick_Handler)
    SystemInit                               0x080020f9   Thumb Code    74  system_stm32f2xx.o(i.SystemInit)
    TAMP_STAMP_IRQHandler                    0x08002155   Thumb Code     2  stm32f2xx_it.o(i.TAMP_STAMP_IRQHandler)
    TIM1_BRK_TIM9_IRQHandler                 0x08002157   Thumb Code     2  stm32f2xx_it.o(i.TIM1_BRK_TIM9_IRQHandler)
    TIM1_CC_IRQHandler                       0x08002159   Thumb Code     2  stm32f2xx_it.o(i.TIM1_CC_IRQHandler)
    TIM1_TRG_COM_TIM11_IRQHandler            0x0800215b   Thumb Code     2  stm32f2xx_it.o(i.TIM1_TRG_COM_TIM11_IRQHandler)
    TIM1_UP_TIM10_IRQHandler                 0x0800215d   Thumb Code     2  stm32f2xx_it.o(i.TIM1_UP_TIM10_IRQHandler)
    TIM2_IRQHandler                          0x0800215f   Thumb Code     2  stm32f2xx_it.o(i.TIM2_IRQHandler)
    TIM3_IRQHandler                          0x08002161   Thumb Code     2  stm32f2xx_it.o(i.TIM3_IRQHandler)
    TIM4_IRQHandler                          0x08002163   Thumb Code     2  stm32f2xx_it.o(i.TIM4_IRQHandler)
    TIM5_IRQHandler                          0x08002165   Thumb Code     2  stm32f2xx_it.o(i.TIM5_IRQHandler)
    TIM6_DAC_IRQHandler                      0x08002167   Thumb Code     2  stm32f2xx_it.o(i.TIM6_DAC_IRQHandler)
    TIM7_IRQHandler                          0x08002169   Thumb Code     2  stm32f2xx_it.o(i.TIM7_IRQHandler)
    TIM8_BRK_TIM12_IRQHandler                0x0800216b   Thumb Code     2  stm32f2xx_it.o(i.TIM8_BRK_TIM12_IRQHandler)
    TIM8_CC_IRQHandler                       0x0800216d   Thumb Code     2  stm32f2xx_it.o(i.TIM8_CC_IRQHandler)
    TIM8_TRG_COM_TIM14_IRQHandler            0x0800216f   Thumb Code     2  stm32f2xx_it.o(i.TIM8_TRG_COM_TIM14_IRQHandler)
    TIM8_UP_TIM13_IRQHandler                 0x08002171   Thumb Code     2  stm32f2xx_it.o(i.TIM8_UP_TIM13_IRQHandler)
    UART4_IRQHandler                         0x08002173   Thumb Code     2  stm32f2xx_it.o(i.UART4_IRQHandler)
    UART5_IRQHandler                         0x08002175   Thumb Code     2  stm32f2xx_it.o(i.UART5_IRQHandler)
    USART1_IRQHandler                        0x08002177   Thumb Code     8  stm32f2xx_it.o(i.USART1_IRQHandler)
    USART2_IRQHandler                        0x0800217f   Thumb Code     2  stm32f2xx_it.o(i.USART2_IRQHandler)
    USART3_IRQHandler                        0x08002181   Thumb Code     2  stm32f2xx_it.o(i.USART3_IRQHandler)
    USART_ClearITPendingBit                  0x08002183   Thumb Code    30  stm32f2xx_usart.o(i.USART_ClearITPendingBit)
    USART_Cmd                                0x080021a1   Thumb Code    24  stm32f2xx_usart.o(i.USART_Cmd)
    USART_Configuration                      0x080021b9   Thumb Code    98  uart.o(i.USART_Configuration)
    USART_DeInit                             0x08002221   Thumb Code   156  stm32f2xx_usart.o(i.USART_DeInit)
    USART_GetFlagStatus                      0x080022d5   Thumb Code    26  stm32f2xx_usart.o(i.USART_GetFlagStatus)
    USART_GetITStatus                        0x080022ef   Thumb Code    84  stm32f2xx_usart.o(i.USART_GetITStatus)
    USART_ITConfig                           0x08002343   Thumb Code    74  stm32f2xx_usart.o(i.USART_ITConfig)
    USART_Init                               0x0800238d   Thumb Code   204  stm32f2xx_usart.o(i.USART_Init)
    USART_Out                                0x08002461   Thumb Code    28  uart.o(i.USART_Out)
    USART_ReceiveData                        0x08002481   Thumb Code    10  stm32f2xx_usart.o(i.USART_ReceiveData)
    USART_SendData                           0x0800248b   Thumb Code     8  stm32f2xx_usart.o(i.USART_SendData)
    USART_StructInit                         0x08002493   Thumb Code    24  stm32f2xx_usart.o(i.USART_StructInit)
    UsageFault_Handler                       0x080024ab   Thumb Code     8  stm32f2xx_it.o(i.UsageFault_Handler)
    WWDG_IRQHandler                          0x080024b3   Thumb Code     2  stm32f2xx_it.o(i.WWDG_IRQHandler)
    __scatterload_copy                       0x080024b5   Thumb Code    14  handlers.o(i.__scatterload_copy)
    __scatterload_null                       0x080024c3   Thumb Code     2  handlers.o(i.__scatterload_null)
    __scatterload_zeroinit                   0x080024c5   Thumb Code    14  handlers.o(i.__scatterload_zeroinit)
    alert_count                              0x080024d5   Thumb Code    20  alert.o(i.alert_count)
    alert_cpu_fatal                          0x080024f1   Thumb Code    14  alert.o(i.alert_cpu_fatal)
    alert_push                               0x08002501   Thumb Code   150  alert.o(i.alert_push)
    arch_8803_Reset                          0x080025b1   Thumb Code    58  arch_stm32.o(i.arch_8803_Reset)
    arch_ACTEMF_AllClear                     0x080025ed   Thumb Code    36  arch_stm32.o(i.arch_ACTEMF_AllClear)
    arch_CPLD_Reset                          0x08002615   Thumb Code     2  arch_stm32.o(i.arch_CPLD_Reset)
    arch_GetBoardID                          0x08002619   Thumb Code    62  arch_stm32.o(i.arch_GetBoardID)
    arch_GetBoardID_E480                     0x0800265d   Thumb Code    34  arch_stm32.o(i.arch_GetBoardID_E480)
    arch_Get_Board_Type                      0x08002685   Thumb Code    44  arch_stm32.o(i.arch_Get_Board_Type)
    arch_Get_ID                              0x080026b5   Thumb Code     6  arch_stm32.o(i.arch_Get_ID)
    arch_Jacquard_AllClear                   0x080026c1   Thumb Code    60  arch_stm32.o(i.arch_Jacquard_AllClear)
    arch_LED_Off                             0x08002701   Thumb Code    12  arch_stm32.o(i.arch_LED_Off)
    arch_LED_On                              0x08002711   Thumb Code    12  arch_stm32.o(i.arch_LED_On)
    arch_LED_Setup                           0x08002721   Thumb Code     6  arch_stm32.o(i.arch_LED_Setup)
    arch_Power_Off                           0x0800272d   Thumb Code    28  arch_stm32.o(i.arch_Power_Off)
    arch_SendMessage                         0x08002751   Thumb Code   100  can.o(i.arch_SendMessage)
    arch_Set_CANID                           0x080027b9   Thumb Code    20  arch_stm32.o(i.arch_Set_CANID)
    arch_StepMotor_Disable                   0x080027d1   Thumb Code    78  arch_stm32.o(i.arch_StepMotor_Disable)
    arch_Upgrade_APP_Flag_init               0x08002825   Thumb Code    18  upgrade.o(i.arch_Upgrade_APP_Flag_init)
    arch_Upgrade_Finish                      0x08002839   Thumb Code    18  upgrade.o(i.arch_Upgrade_Finish)
    arch_Upgrade_Get_Burn_Size               0x08002851   Thumb Code    16  upgrade.o(i.arch_Upgrade_Get_Burn_Size)
    arch_Upgrade_Set_Burn                    0x08002861   Thumb Code    18  upgrade.o(i.arch_Upgrade_Set_Burn)
    arch_Upgrade_Set_Burn_Size               0x08002879   Thumb Code    14  upgrade.o(i.arch_Upgrade_Set_Burn_Size)
    arch_Upgrade_Set_Receive                 0x08002889   Thumb Code    18  upgrade.o(i.arch_Upgrade_Set_Receive)
    arch_Upgrade_is_Burn                     0x080028a1   Thumb Code    28  upgrade.o(i.arch_Upgrade_is_Burn)
    arch_Upgrade_is_Start                    0x080028c1   Thumb Code    28  upgrade.o(i.arch_Upgrade_is_Start)
    arch_YARNEMF_AllClear                    0x080028e1   Thumb Code    86  arch_stm32.o(i.arch_YARNEMF_AllClear)
    arch_init                                0x08002941   Thumb Code   236  arch_stm32.o(i.arch_init)
    delay                                    0x08002a85   Thumb Code    18  boot.o(i.delay)
    delayus                                  0x08002a97   Thumb Code    20  arch_stm32.o(i.delayus)
    fmc_init                                 0x08002aad   Thumb Code    48  upgrade.o(i.fmc_init)
    fmc_program                              0x08002af5   Thumb Code   164  upgrade.o(i.fmc_program)
    fmc_start_addr                           0x08002bad   Thumb Code    12  upgrade.o(i.fmc_start_addr)
    hook_CAN_isr                             0x08002bc1   Thumb Code    68  can.o(i.hook_CAN_isr)
    hook_EXTI_isr                            0x08002c11   Thumb Code     2  arch_stm32.o(i.hook_EXTI_isr)
    hook_UART1_isr                           0x08002c15   Thumb Code    40  uart.o(i.hook_UART1_isr)
    main                                     0x08002c41   Thumb Code   540  boot.o(i.main)
    myprint                                  0x08002ebd   Thumb Code   468  dprintf.o(i.myprint)
    myprintf                                 0x08003129   Thumb Code    34  dprintf.o(i.myprintf)
    uart_rxhandler                           0x080032f9   Thumb Code    48  uart.o(i.uart_rxhandler)
    wait_us                                  0x0800332d   Thumb Code    22  arch_stm32.o(i.wait_us)
    Region$$Table$$Base                      0x08003348   Number         0  anon$$obj.o(Region$$Table)
    Region$$Table$$Limit                     0x08003368   Number         0  anon$$obj.o(Region$$Table)
    printf_disable                           0x20000000   Data           4  dprintf.o(.data)
    DataVar                                  0x20000004   Data           2  eeprom.o(.data)
    can_receive_count                        0x20000008   Data           4  can.o(.data)
    led_status                               0x2000000c   Data           1  arch_stm32.o(.data)
    led_disable                              0x2000000d   Data           1  arch_stm32.o(.data)
    led_delay                                0x20000010   Data           4  arch_stm32.o(.data)
    led_delay_setup                          0x20000014   Data           4  arch_stm32.o(.data)
    wait_time_ms                             0x20000018   Data           4  arch_stm32.o(.data)
    wait_time_us                             0x2000001c   Data           4  arch_stm32.o(.data)
    arch_mode                                0x20000020   Data           4  arch_stm32.o(.data)
    arch_board_id                            0x20000024   Data           4  arch_stm32.o(.data)
    Check_APP_isOK                           0x20000028   Data           1  arch_stm32.o(.data)
    Test_arg_EMF_clear_Time                  0x20000029   Data           3  arch_stm32.o(.data)
    cpld_name                                0x2000002c   Data           2  arch_stm32.o(.data)
    cpld_ver                                 0x2000002e   Data           2  arch_stm32.o(.data)
    cpld_expID                               0x20000030   Data           2  arch_stm32.o(.data)
    DC24N_ALARM_set                          0x20000034   Data           4  arch_stm32.o(.data)
    DC24P_ALARM_set                          0x20000038   Data           4  arch_stm32.o(.data)
    SYS_is_PowerOn                           0x2000003c   Data           1  arch_stm32.o(.data)
    Jump_To                                  0x20000040   Data           4  arch_stm32.o(.data)
    JumpAddress                              0x20000044   Data           4  arch_stm32.o(.data)
    fmc_start_address                        0x20000048   Data           4  upgrade.o(.data)
    fmc_start_sector                         0x2000004c   Data           4  upgrade.o(.data)
    fmc_offset                               0x20000050   Data           4  upgrade.o(.data)
    fmc_sector_size                          0x20000054   Data           4  upgrade.o(.data)
    fmc_err_count                            0x20000058   Data           4  upgrade.o(.data)
    Data_Count                               0x2000005c   Data           4  boot.o(.data)
    Yarn_use_Step                            0x20000060   Data           1  boot.o(.data)
    TZ_use_Step                              0x20000061   Data           1  boot.o(.data)
    SK_use_Step                              0x20000062   Data           1  boot.o(.data)
    ms01_loop_cnt                            0x20000064   Data           4  boot.o(.data)
    msg_rptr                                 0x20000068   Data           4  massage.o(.data)
    msg_wptr                                 0x2000006c   Data           4  massage.o(.data)
    enable_log_tosend                        0x20000070   Data           1  massage.o(.data)
    msg_send_rptr                            0x20000074   Data           8  massage.o(.data)
    msg_send_wptr                            0x2000007c   Data           8  massage.o(.data)
    alertpushisdoing                         0x20000084   Data           1  alert.o(.data)
    alert_rptr                               0x20000088   Data           4  alert.o(.data)
    alert_wptr                               0x2000008c   Data           4  alert.o(.data)
    alertcode                                0x20000090   Data           4  alert.o(.data)
    alertarg                                 0x20000094   Data           4  alert.o(.data)
    alert_delay                              0x20000098   Data           4  alert.o(.data)
    alert_disable                            0x2000009c   Data           4  alert.o(.data)
    test_alert_poolcount                     0x200000a0   Data           4  alert.o(.data)
    test_alert_poolcount1                    0x200000a4   Data           4  alert.o(.data)
    Flash_next_do                            0x200000a8   Data           4  stm32f2xx_flash.o(.data)
    print_buf                                0x200000bc   Data          64  dprintf.o(.bss)
    VirtAddVarTab                            0x2000010e   Data         200  eeprom.o(.bss)
    RxMessage                                0x200001d8   Data          20  can.o(.bss)
    Buff                                     0x200001ec   Data        8192  boot.o(.bss)
    MsgBuff                                  0x200021ec   Data         800  massage.o(.bss)
    MsgsendBuff                              0x2000250c   Data        1280  massage.o(.bss)
    alertbuff                                0x20002a0c   Data         240  alert.o(.bss)
    alertbuff_back                           0x20002afc   Data          16  alert.o(.bss)
    __initial_sp                             0x20003310   Data           0  startup_stm32f2xx.o(STACK)
    BootVer                                  0x2001f000   Data          20  boot.o(.ARM.__AT_0x2001F000)



==============================================================================

Memory Map of the image

  Image Entry point : 0x08000185

  Load Region LR_IROM1 (Base: 0x08000000, Size: 0x00003424, Max: 0x00020000, ABSOLUTE)

    Execution Region ER_IROM1 (Base: 0x08000000, Size: 0x00003368, Max: 0x00020000, ABSOLUTE)

    Base Addr    Size         Type   Attr      Idx    E Section Name        Object

    0x08000000   0x00000184   Data   RO         5870    RESET               startup_stm32f2xx.o
    0x08000184   0x00000000   Code   RO         5875  * .ARM.Collect$$$$00000000  mc_w.l(entry.o)
    0x08000184   0x00000004   Code   RO         5898    .ARM.Collect$$$$00000001  mc_w.l(entry2.o)
    0x08000188   0x00000004   Code   RO         5901    .ARM.Collect$$$$00000004  mc_w.l(entry5.o)
    0x0800018c   0x00000000   Code   RO         5903    .ARM.Collect$$$$00000008  mc_w.l(entry7b.o)
    0x0800018c   0x00000000   Code   RO         5905    .ARM.Collect$$$$0000000A  mc_w.l(entry8b.o)
    0x0800018c   0x00000008   Code   RO         5906    .ARM.Collect$$$$0000000B  mc_w.l(entry9a.o)
    0x08000194   0x00000000   Code   RO         5908    .ARM.Collect$$$$0000000D  mc_w.l(entry10a.o)
    0x08000194   0x00000000   Code   RO         5910    .ARM.Collect$$$$0000000F  mc_w.l(entry11a.o)
    0x08000194   0x00000004   Code   RO         5899    .ARM.Collect$$$$00002712  mc_w.l(entry2.o)
    0x08000198   0x00000024   Code   RO         5871    .text               startup_stm32f2xx.o
    0x080001bc   0x0000000e   Code   RO         5880    .text               mc_w.l(strlen.o)
    0x080001ca   0x000000b0   Code   RO         5884    .text               mf_w.l(fadd.o)
    0x0800027a   0x00000064   Code   RO         5886    .text               mf_w.l(fmul.o)
    0x080002de   0x00000012   Code   RO         5890    .text               mf_w.l(fflti.o)
    0x080002f0   0x00000032   Code   RO         5894    .text               mf_w.l(ffixi.o)
    0x08000322   0x00000000   Code   RO         5914    .text               mc_w.l(iusefp.o)
    0x08000322   0x0000006e   Code   RO         5915    .text               mf_w.l(fepilogue.o)
    0x08000390   0x00000024   Code   RO         5919    .text               mc_w.l(init.o)
    0x080003b4   0x00000002   Code   RO          749    i.ADC_IRQHandler    stm32f2xx_it.o
    0x080003b6   0x0000001e   Code   RO         1618    i.Alert_Send        boot.o
    0x080003d4   0x00000008   Code   RO          750    i.BusFault_Handler  stm32f2xx_it.o
    0x080003dc   0x00000044   Code   RO          697    i.CAN0_Receive      can.o
    0x08000420   0x00000008   Code   RO          751    i.CAN1_RX0_IRQHandler  stm32f2xx_it.o
    0x08000428   0x00000002   Code   RO          752    i.CAN1_RX1_IRQHandler  stm32f2xx_it.o
    0x0800042a   0x00000002   Code   RO          753    i.CAN1_SCE_IRQHandler  stm32f2xx_it.o
    0x0800042c   0x00000002   Code   RO          754    i.CAN1_TX_IRQHandler  stm32f2xx_it.o
    0x0800042e   0x00000002   PAD
    0x08000430   0x000000cc   Code   RO          698    i.CAN_Configuration  can.o
    0x080004fc   0x00000038   Code   RO         2199    i.CAN_DeInit        stm32f2xx_can.o
    0x08000534   0x00000108   Code   RO         2201    i.CAN_FilterInit    stm32f2xx_can.o
    0x0800063c   0x00000012   Code   RO         2207    i.CAN_ITConfig      stm32f2xx_can.o
    0x0800064e   0x00000114   Code   RO         2208    i.CAN_Init          stm32f2xx_can.o
    0x08000762   0x0000001e   Code   RO         2209    i.CAN_MessagePending  stm32f2xx_can.o
    0x08000780   0x000000a0   Code   RO         2211    i.CAN_Receive       stm32f2xx_can.o
    0x08000820   0x00000020   Code   RO         2215    i.CAN_StructInit    stm32f2xx_can.o
    0x08000840   0x00000126   Code   RO         2217    i.CAN_Transmit      stm32f2xx_can.o
    0x08000966   0x00000002   Code   RO          755    i.DMA1_Stream0_IRQHandler  stm32f2xx_it.o
    0x08000968   0x00000002   Code   RO          756    i.DMA1_Stream1_IRQHandler  stm32f2xx_it.o
    0x0800096a   0x00000002   Code   RO          757    i.DMA1_Stream2_IRQHandler  stm32f2xx_it.o
    0x0800096c   0x00000002   Code   RO          758    i.DMA1_Stream3_IRQHandler  stm32f2xx_it.o
    0x0800096e   0x00000002   Code   RO          759    i.DMA1_Stream4_IRQHandler  stm32f2xx_it.o
    0x08000970   0x00000002   Code   RO          760    i.DMA1_Stream5_IRQHandler  stm32f2xx_it.o
    0x08000972   0x00000002   Code   RO          761    i.DMA1_Stream6_IRQHandler  stm32f2xx_it.o
    0x08000974   0x00000002   Code   RO          762    i.DMA1_Stream7_IRQHandler  stm32f2xx_it.o
    0x08000976   0x00000002   Code   RO          763    i.DMA2_Stream0_IRQHandler  stm32f2xx_it.o
    0x08000978   0x00000002   Code   RO          764    i.DMA2_Stream1_IRQHandler  stm32f2xx_it.o
    0x0800097a   0x00000002   Code   RO          765    i.DMA2_Stream2_IRQHandler  stm32f2xx_it.o
    0x0800097c   0x00000002   Code   RO          766    i.DMA2_Stream3_IRQHandler  stm32f2xx_it.o
    0x0800097e   0x00000002   Code   RO          767    i.DebugMon_Handler  stm32f2xx_it.o
    0x08000980   0x00000058   Code   RO          622    i.EE_FindValidPage  eeprom.o
    0x080009d8   0x00000050   Code   RO          623    i.EE_Format         eeprom.o
    0x08000a28   0x00000240   Code   RO          624    i.EE_Init           eeprom.o
    0x08000c68   0x0000010c   Code   RO          625    i.EE_PageTransfer   eeprom.o
    0x08000d74   0x00000044   Code   RO          626    i.EE_Read           eeprom.o
    0x08000db8   0x00000074   Code   RO          627    i.EE_ReadVariable   eeprom.o
    0x08000e2c   0x00000098   Code   RO          628    i.EE_VerifyPageFullWriteVariable  eeprom.o
    0x08000ec4   0x00000064   Code   RO          629    i.EE_Write          eeprom.o
    0x08000f28   0x00000024   Code   RO          630    i.EE_WriteVariable  eeprom.o
    0x08000f4c   0x00000008   Code   RO          768    i.EXTI0_IRQHandler  stm32f2xx_it.o
    0x08000f54   0x00000008   Code   RO          769    i.EXTI15_10_IRQHandler  stm32f2xx_it.o
    0x08000f5c   0x00000008   Code   RO          770    i.EXTI1_IRQHandler  stm32f2xx_it.o
    0x08000f64   0x00000002   Code   RO          771    i.EXTI2_IRQHandler  stm32f2xx_it.o
    0x08000f66   0x00000002   Code   RO          772    i.EXTI3_IRQHandler  stm32f2xx_it.o
    0x08000f68   0x00000002   Code   RO          773    i.EXTI4_IRQHandler  stm32f2xx_it.o
    0x08000f6a   0x00000008   Code   RO          774    i.EXTI9_5_IRQHandler  stm32f2xx_it.o
    0x08000f72   0x0000005c   Code   RO         1181    i.Exec_check_app_isok_from_flash  arch_stm32.o
    0x08000fce   0x00000002   PAD
    0x08000fd0   0x0000000c   Code   RO         3068    i.FLASH_ClearFlag   stm32f2xx_flash.o
    0x08000fdc   0x000000a0   Code   RO         3072    i.FLASH_EraseSector  stm32f2xx_flash.o
    0x0800107c   0x00000048   Code   RO         3074    i.FLASH_GetStatus   stm32f2xx_flash.o
    0x080010c4   0x00000002   Code   RO          775    i.FLASH_IRQHandler  stm32f2xx_it.o
    0x080010c6   0x00000002   PAD
    0x080010c8   0x00000014   Code   RO         3078    i.FLASH_Lock        stm32f2xx_flash.o
    0x080010dc   0x00000018   Code   RO         3081    i.FLASH_OB_GetRDP   stm32f2xx_flash.o
    0x080010f4   0x00000020   Code   RO         3084    i.FLASH_OB_Launch   stm32f2xx_flash.o
    0x08001114   0x0000001c   Code   RO         3086    i.FLASH_OB_RDPConfig  stm32f2xx_flash.o
    0x08001130   0x00000024   Code   RO         3087    i.FLASH_OB_Unlock   stm32f2xx_flash.o
    0x08001154   0x00000024   Code   RO         3090    i.FLASH_PrefetchBufferCmd  stm32f2xx_flash.o
    0x08001178   0x00000064   Code   RO         3093    i.FLASH_ProgramHalfWord  stm32f2xx_flash.o
    0x080011dc   0x0000000c   Code   RO         3095    i.FLASH_SetLatency  stm32f2xx_flash.o
    0x080011e8   0x00000024   Code   RO         3096    i.FLASH_Unlock      stm32f2xx_flash.o
    0x0800120c   0x00000022   Code   RO         3097    i.FLASH_WaitForLastOperation  stm32f2xx_flash.o
    0x0800122e   0x00000002   Code   RO          776    i.FSMC_IRQHandler   stm32f2xx_it.o
    0x08001230   0x00000060   Code   RO          602    i.FSMC_Init         fsmc.o
    0x08001290   0x00000034   Code   RO         3276    i.FSMC_NORSRAMCmd   stm32f2xx_fsmc.o
    0x080012c4   0x000000e6   Code   RO         3278    i.FSMC_NORSRAMInit  stm32f2xx_fsmc.o
    0x080013aa   0x00000002   PAD
    0x080013ac   0x000003f4   Code   RO          528    i.GPIO_Configuration  gpio.o
    0x080017a0   0x00000080   Code   RO          531    i.GPIO_Configuration_default  gpio.o
    0x08001820   0x0000007c   Code   RO          532    i.GPIO_Configuration_powerctr  gpio.o
    0x0800189c   0x00000090   Code   RO         3394    i.GPIO_Init         stm32f2xx_gpio.o
    0x0800192c   0x00000046   Code   RO         3395    i.GPIO_PinAFConfig  stm32f2xx_gpio.o
    0x08001972   0x00000012   Code   RO         3398    i.GPIO_ReadInputDataBit  stm32f2xx_gpio.o
    0x08001984   0x00000004   Code   RO         3401    i.GPIO_ResetBits    stm32f2xx_gpio.o
    0x08001988   0x00000004   Code   RO         3402    i.GPIO_SetBits      stm32f2xx_gpio.o
    0x0800198c   0x0000004c   Code   RO         1182    i.Get_CPLD_Ver_E490  arch_stm32.o
    0x080019d8   0x00000050   Code   RO         1183    i.Get_Cpld_Name_Ver  arch_stm32.o
    0x08001a28   0x00000028   Code   RO         1184    i.Get_EXP_Board_E490  arch_stm32.o
    0x08001a50   0x00000050   Code   RO         1185    i.GoApp             arch_stm32.o
    0x08001aa0   0x00000002   Code   RO          536    i.Gpio_cfg_yarn_    gpio.o
    0x08001aa2   0x00000008   Code   RO          777    i.HardFault_Handler  stm32f2xx_it.o
    0x08001aaa   0x00000002   Code   RO          778    i.I2C1_ER_IRQHandler  stm32f2xx_it.o
    0x08001aac   0x00000002   Code   RO          779    i.I2C1_EV_IRQHandler  stm32f2xx_it.o
    0x08001aae   0x00000002   Code   RO          780    i.I2C2_ER_IRQHandler  stm32f2xx_it.o
    0x08001ab0   0x00000002   Code   RO          781    i.I2C2_EV_IRQHandler  stm32f2xx_it.o
    0x08001ab2   0x00000022   Code   RO         1186    i.Jtag_Security     arch_stm32.o
    0x08001ad4   0x00000008   Code   RO          782    i.MemManage_Handler  stm32f2xx_it.o
    0x08001adc   0x0000001c   Code   RO         1662    i.Message_Count     massage.o
    0x08001af8   0x00000098   Code   RO         1665    i.Message_Push      massage.o
    0x08001b90   0x00000024   Code   RO         1671    i.Message_Send_Alert  massage.o
    0x08001bb4   0x00000008   Code   RO          783    i.NMI_Handler       stm32f2xx_it.o
    0x08001bbc   0x00000016   Code   RO         1188    i.NVIC_Configuration  arch_stm32.o
    0x08001bd2   0x00000002   PAD
    0x08001bd4   0x00000078   Code   RO         1899    i.NVIC_Init         misc.o
    0x08001c4c   0x00000014   Code   RO         1900    i.NVIC_PriorityGroupConfig  misc.o
    0x08001c60   0x00000014   Code   RO         1901    i.NVIC_SetVectorTable  misc.o
    0x08001c74   0x00000002   Code   RO          784    i.OTG_FS_WKUP_IRQHandler  stm32f2xx_it.o
    0x08001c76   0x00000002   Code   RO          785    i.PVD_IRQHandler    stm32f2xx_it.o
    0x08001c78   0x00000002   Code   RO          786    i.PendSV_Handler    stm32f2xx_it.o
    0x08001c7a   0x00000002   PAD
    0x08001c7c   0x00000020   Code   RO         4001    i.RCC_AHB1PeriphClockCmd  stm32f2xx_rcc.o
    0x08001c9c   0x00000020   Code   RO         4007    i.RCC_AHB3PeriphClockCmd  stm32f2xx_rcc.o
    0x08001cbc   0x00000020   Code   RO         4010    i.RCC_APB1PeriphClockCmd  stm32f2xx_rcc.o
    0x08001cdc   0x00000020   Code   RO         4012    i.RCC_APB1PeriphResetCmd  stm32f2xx_rcc.o
    0x08001cfc   0x00000020   Code   RO         4013    i.RCC_APB2PeriphClockCmd  stm32f2xx_rcc.o
    0x08001d1c   0x00000020   Code   RO         4015    i.RCC_APB2PeriphResetCmd  stm32f2xx_rcc.o
    0x08001d3c   0x00000074   Code   RO         1189    i.RCC_Configuration  arch_stm32.o
    0x08001db0   0x00000048   Code   RO         4021    i.RCC_DeInit        stm32f2xx_rcc.o
    0x08001df8   0x000000e8   Code   RO         4022    i.RCC_GetClocksFreq  stm32f2xx_rcc.o
    0x08001ee0   0x00000040   Code   RO         4023    i.RCC_GetFlagStatus  stm32f2xx_rcc.o
    0x08001f20   0x00000010   Code   RO         4025    i.RCC_GetSYSCLKSource  stm32f2xx_rcc.o
    0x08001f30   0x00000018   Code   RO         4026    i.RCC_HCLKConfig    stm32f2xx_rcc.o
    0x08001f48   0x00000010   Code   RO         4027    i.RCC_HSEConfig     stm32f2xx_rcc.o
    0x08001f58   0x00000002   Code   RO          787    i.RCC_IRQHandler    stm32f2xx_it.o
    0x08001f5a   0x00000002   PAD
    0x08001f5c   0x00000018   Code   RO         4035    i.RCC_PCLK1Config   stm32f2xx_rcc.o
    0x08001f74   0x00000018   Code   RO         4036    i.RCC_PCLK2Config   stm32f2xx_rcc.o
    0x08001f8c   0x0000000c   Code   RO         4037    i.RCC_PLLCmd        stm32f2xx_rcc.o
    0x08001f98   0x00000024   Code   RO         4038    i.RCC_PLLConfig     stm32f2xx_rcc.o
    0x08001fbc   0x00000018   Code   RO         4043    i.RCC_SYSCLKConfig  stm32f2xx_rcc.o
    0x08001fd4   0x00000038   Code   RO         4044    i.RCC_WaitForHSEStartUp  stm32f2xx_rcc.o
    0x0800200c   0x00000002   Code   RO          788    i.RTC_Alarm_IRQHandler  stm32f2xx_it.o
    0x0800200e   0x00000002   Code   RO          789    i.RTC_WKUP_IRQHandler  stm32f2xx_it.o
    0x08002010   0x00000002   Code   RO          790    i.SDIO_IRQHandler   stm32f2xx_it.o
    0x08002012   0x00000002   Code   RO          791    i.SPI1_IRQHandler   stm32f2xx_it.o
    0x08002014   0x00000002   Code   RO          792    i.SPI2_IRQHandler   stm32f2xx_it.o
    0x08002016   0x00000002   Code   RO          793    i.SPI3_IRQHandler   stm32f2xx_it.o
    0x08002018   0x00000002   Code   RO          794    i.SVC_Handler       stm32f2xx_it.o
    0x0800201a   0x0000000e   Code   RO         1619    i.SendMassage       boot.o
    0x08002028   0x000000cc   Code   RO         5833    i.SetSysClock       system_stm32f2xx.o
    0x080020f4   0x00000002   Code   RO          795    i.SysTick_Handler   stm32f2xx_it.o
    0x080020f6   0x00000002   PAD
    0x080020f8   0x0000005c   Code   RO         5835    i.SystemInit        system_stm32f2xx.o
    0x08002154   0x00000002   Code   RO          796    i.TAMP_STAMP_IRQHandler  stm32f2xx_it.o
    0x08002156   0x00000002   Code   RO          797    i.TIM1_BRK_TIM9_IRQHandler  stm32f2xx_it.o
    0x08002158   0x00000002   Code   RO          798    i.TIM1_CC_IRQHandler  stm32f2xx_it.o
    0x0800215a   0x00000002   Code   RO          799    i.TIM1_TRG_COM_TIM11_IRQHandler  stm32f2xx_it.o
    0x0800215c   0x00000002   Code   RO          800    i.TIM1_UP_TIM10_IRQHandler  stm32f2xx_it.o
    0x0800215e   0x00000002   Code   RO          801    i.TIM2_IRQHandler   stm32f2xx_it.o
    0x08002160   0x00000002   Code   RO          802    i.TIM3_IRQHandler   stm32f2xx_it.o
    0x08002162   0x00000002   Code   RO          803    i.TIM4_IRQHandler   stm32f2xx_it.o
    0x08002164   0x00000002   Code   RO          804    i.TIM5_IRQHandler   stm32f2xx_it.o
    0x08002166   0x00000002   Code   RO          805    i.TIM6_DAC_IRQHandler  stm32f2xx_it.o
    0x08002168   0x00000002   Code   RO          806    i.TIM7_IRQHandler   stm32f2xx_it.o
    0x0800216a   0x00000002   Code   RO          807    i.TIM8_BRK_TIM12_IRQHandler  stm32f2xx_it.o
    0x0800216c   0x00000002   Code   RO          808    i.TIM8_CC_IRQHandler  stm32f2xx_it.o
    0x0800216e   0x00000002   Code   RO          809    i.TIM8_TRG_COM_TIM14_IRQHandler  stm32f2xx_it.o
    0x08002170   0x00000002   Code   RO          810    i.TIM8_UP_TIM13_IRQHandler  stm32f2xx_it.o
    0x08002172   0x00000002   Code   RO          811    i.UART4_IRQHandler  stm32f2xx_it.o
    0x08002174   0x00000002   Code   RO          812    i.UART5_IRQHandler  stm32f2xx_it.o
    0x08002176   0x00000008   Code   RO          813    i.USART1_IRQHandler  stm32f2xx_it.o
    0x0800217e   0x00000002   Code   RO          814    i.USART2_IRQHandler  stm32f2xx_it.o
    0x08002180   0x00000002   Code   RO          815    i.USART3_IRQHandler  stm32f2xx_it.o
    0x08002182   0x0000001e   Code   RO         5584    i.USART_ClearITPendingBit  stm32f2xx_usart.o
    0x080021a0   0x00000018   Code   RO         5587    i.USART_Cmd         stm32f2xx_usart.o
    0x080021b8   0x00000068   Code   RO          439    i.USART_Configuration  uart.o
    0x08002220   0x000000b4   Code   RO         5589    i.USART_DeInit      stm32f2xx_usart.o
    0x080022d4   0x0000001a   Code   RO         5590    i.USART_GetFlagStatus  stm32f2xx_usart.o
    0x080022ee   0x00000054   Code   RO         5591    i.USART_GetITStatus  stm32f2xx_usart.o
    0x08002342   0x0000004a   Code   RO         5593    i.USART_ITConfig    stm32f2xx_usart.o
    0x0800238c   0x000000d4   Code   RO         5594    i.USART_Init        stm32f2xx_usart.o
    0x08002460   0x00000020   Code   RO          441    i.USART_Out         uart.o
    0x08002480   0x0000000a   Code   RO         5601    i.USART_ReceiveData  stm32f2xx_usart.o
    0x0800248a   0x00000008   Code   RO         5604    i.USART_SendData    stm32f2xx_usart.o
    0x08002492   0x00000018   Code   RO         5610    i.USART_StructInit  stm32f2xx_usart.o
    0x080024aa   0x00000008   Code   RO          816    i.UsageFault_Handler  stm32f2xx_it.o
    0x080024b2   0x00000002   Code   RO          817    i.WWDG_IRQHandler   stm32f2xx_it.o
    0x080024b4   0x0000000e   Code   RO         5925    i.__scatterload_copy  mc_w.l(handlers.o)
    0x080024c2   0x00000002   Code   RO         5926    i.__scatterload_null  mc_w.l(handlers.o)
    0x080024c4   0x0000000e   Code   RO         5927    i.__scatterload_zeroinit  mc_w.l(handlers.o)
    0x080024d2   0x00000002   PAD
    0x080024d4   0x0000001c   Code   RO         1791    i.alert_count       alert.o
    0x080024f0   0x0000000e   Code   RO         1792    i.alert_cpu_fatal   alert.o
    0x080024fe   0x00000002   PAD
    0x08002500   0x000000b0   Code   RO         1797    i.alert_push        alert.o
    0x080025b0   0x0000003a   Code   RO         1195    i.arch_8803_Reset   arch_stm32.o
    0x080025ea   0x00000002   PAD
    0x080025ec   0x00000028   Code   RO         1199    i.arch_ACTEMF_AllClear  arch_stm32.o
    0x08002614   0x00000002   Code   RO         1200    i.arch_CPLD_Reset   arch_stm32.o
    0x08002616   0x00000002   PAD
    0x08002618   0x00000044   Code   RO         1202    i.arch_GetBoardID   arch_stm32.o
    0x0800265c   0x00000028   Code   RO         1203    i.arch_GetBoardID_E480  arch_stm32.o
    0x08002684   0x00000030   Code   RO         1205    i.arch_Get_Board_Type  arch_stm32.o
    0x080026b4   0x0000000c   Code   RO         1206    i.arch_Get_ID       arch_stm32.o
    0x080026c0   0x00000040   Code   RO         1208    i.arch_Jacquard_AllClear  arch_stm32.o
    0x08002700   0x00000010   Code   RO         1209    i.arch_LED_Off      arch_stm32.o
    0x08002710   0x00000010   Code   RO         1210    i.arch_LED_On       arch_stm32.o
    0x08002720   0x0000000c   Code   RO         1211    i.arch_LED_Setup    arch_stm32.o
    0x0800272c   0x00000024   Code   RO         1215    i.arch_Power_Off    arch_stm32.o
    0x08002750   0x00000068   Code   RO          700    i.arch_SendMessage  can.o
    0x080027b8   0x00000018   Code   RO         1217    i.arch_Set_CANID    arch_stm32.o
    0x080027d0   0x00000054   Code   RO         1218    i.arch_StepMotor_Disable  arch_stm32.o
    0x08002824   0x00000012   Code   RO         1515    i.arch_Upgrade_APP_Flag_init  upgrade.o
    0x08002836   0x00000002   PAD
    0x08002838   0x00000018   Code   RO         1516    i.arch_Upgrade_Finish  upgrade.o
    0x08002850   0x00000010   Code   RO         1517    i.arch_Upgrade_Get_Burn_Size  upgrade.o
    0x08002860   0x00000018   Code   RO         1518    i.arch_Upgrade_Set_Burn  upgrade.o
    0x08002878   0x0000000e   Code   RO         1519    i.arch_Upgrade_Set_Burn_Size  upgrade.o
    0x08002886   0x00000002   PAD
    0x08002888   0x00000018   Code   RO         1520    i.arch_Upgrade_Set_Receive  upgrade.o
    0x080028a0   0x00000020   Code   RO         1522    i.arch_Upgrade_is_Burn  upgrade.o
    0x080028c0   0x00000020   Code   RO         1523    i.arch_Upgrade_is_Start  upgrade.o
    0x080028e0   0x00000060   Code   RO         1219    i.arch_YARNEMF_AllClear  arch_stm32.o
    0x08002940   0x00000144   Code   RO         1220    i.arch_init         arch_stm32.o
    0x08002a84   0x00000012   Code   RO         1620    i.delay             boot.o
    0x08002a96   0x00000014   Code   RO         1222    i.delayus           arch_stm32.o
    0x08002aaa   0x00000002   PAD
    0x08002aac   0x00000048   Code   RO         1525    i.fmc_init          upgrade.o
    0x08002af4   0x000000b8   Code   RO         1526    i.fmc_program       upgrade.o
    0x08002bac   0x00000014   Code   RO         1528    i.fmc_start_addr    upgrade.o
    0x08002bc0   0x00000050   Code   RO          701    i.hook_CAN_isr      can.o
    0x08002c10   0x00000002   Code   RO         1223    i.hook_EXTI_isr     arch_stm32.o
    0x08002c12   0x00000002   PAD
    0x08002c14   0x0000002c   Code   RO          444    i.hook_UART1_isr    uart.o
    0x08002c40   0x0000027c   Code   RO         1621    i.main              boot.o
    0x08002ebc   0x000001dc   Code   RO            2    i.myprint           dprintf.o
    0x08003098   0x00000074   Code   RO            3    i.myprintFloat      dprintf.o
    0x0800310c   0x0000001c   Code   RO            4    i.myprintchar       dprintf.o
    0x08003128   0x00000028   Code   RO            5    i.myprintf          dprintf.o
    0x08003150   0x000000d0   Code   RO            6    i.myprinti          dprintf.o
    0x08003220   0x000000d8   Code   RO            7    i.myprints          dprintf.o
    0x080032f8   0x00000034   Code   RO          449    i.uart_rxhandler    uart.o
    0x0800332c   0x0000001c   Code   RO         1230    i.wait_us           arch_stm32.o
    0x08003348   0x00000020   Data   RO         5923    Region$$Table       anon$$obj.o


    Execution Region RW_IRAM1 (Base: 0x20000000, Size: 0x0001f014, Max: 0x00020000, ABSOLUTE)

    Base Addr    Size         Type   Attr      Idx    E Section Name        Object

    0x20000000   0x00000004   Data   RW           11    .data               dprintf.o
    0x20000004   0x00000002   Data   RW          632    .data               eeprom.o
    0x20000006   0x00000002   PAD
    0x20000008   0x00000004   Data   RW          703    .data               can.o
    0x2000000c   0x0000003c   Data   RW         1232    .data               arch_stm32.o
    0x20000048   0x00000014   Data   RW         1529    .data               upgrade.o
    0x2000005c   0x0000000c   Data   RW         1625    .data               boot.o
    0x20000068   0x0000001c   Data   RW         1681    .data               massage.o
    0x20000084   0x00000024   Data   RW         1804    .data               alert.o
    0x200000a8   0x00000004   Data   RW         3098    .data               stm32f2xx_flash.o
    0x200000ac   0x00000010   Data   RW         4045    .data               stm32f2xx_rcc.o
    0x200000bc   0x00000040   Zero   RW           10    .bss                dprintf.o
    0x200000fc   0x00000012   Zero   RW          450    .bss                uart.o
    0x2000010e   0x000000c8   Zero   RW          631    .bss                eeprom.o
    0x200001d6   0x00000002   PAD
    0x200001d8   0x00000014   Zero   RW          702    .bss                can.o
    0x200001ec   0x00002000   Zero   RW         1624    .bss                boot.o
    0x200021ec   0x00000820   Zero   RW         1680    .bss                massage.o
    0x20002a0c   0x00000100   Zero   RW         1803    .bss                alert.o
    0x20002b0c   0x00000004   PAD
    0x20002b10   0x00000800   Zero   RW         5868    STACK               startup_stm32f2xx.o
    0x20003310   0x0001bcf0   PAD
    0x2001f000   0x00000014   Zero   RW         1623    .ARM.__AT_0x2001F000  boot.o


==============================================================================

Image component sizes


      Code (inc. data)   RO Data    RW Data    ZI Data      Debug   Object Name

       218         34          0         36        256       3148   alert.o
      1530        242          0         60          0      18124   arch_stm32.o
       698         96          0         12       8212       4145   boot.o
       456         34          0          4         20       3375   can.o
      1084         24          0          4         64       7500   dprintf.o
      1484        104          0          2        200       9780   eeprom.o
        96          0          0          0          0        596   fsmc.o
      1266         68          0          0          0       2721   gpio.o
       216         18          0         28       2080       3506   massage.o
       160         32          0          0          0       2009   misc.o
        36          8        388          0       2048        820   startup_stm32f2xx.o
      1130         12          0          0          0       5867   stm32f2xx_can.o
       602         90          0          4          0       7733   stm32f2xx_flash.o
       282          6          0          0          0       1769   stm32f2xx_fsmc.o
       240          0          0          0          0       3355   stm32f2xx_gpio.o
       204          0          0          0          0      31273   stm32f2xx_it.o
       792        114          0         16          0      11814   stm32f2xx_rcc.o
       672         32          0          0          0       6941   stm32f2xx_usart.o
       296         30          0          0          0       1501   system_stm32f2xx.o
         0          0          0          0          0     257844   time.o
       232         18          0          0         18       2804   uart.o
       460         78          0         20          0       7311   upgrade.o

    ----------------------------------------------------------------------
     12184       1040        420        188     126808     393936   Object Totals
         0          0         32          0          0          0   (incl. Generated)
        30          0          0          2     113910          0   (incl. Padding)

    ----------------------------------------------------------------------

      Code (inc. data)   RO Data    RW Data    ZI Data      Debug   Library Member Name

         0          0          0          0          0          0   entry.o
         0          0          0          0          0          0   entry10a.o
         0          0          0          0          0          0   entry11a.o
         8          4          0          0          0          0   entry2.o
         4          0          0          0          0          0   entry5.o
         0          0          0          0          0          0   entry7b.o
         0          0          0          0          0          0   entry8b.o
         8          4          0          0          0          0   entry9a.o
        30          0          0          0          0          0   handlers.o
        36          8          0          0          0         68   init.o
         0          0          0          0          0          0   iusefp.o
        14          0          0          0          0         68   strlen.o
       176          0          0          0          0        140   fadd.o
       110          0          0          0          0        168   fepilogue.o
        50          0          0          0          0         68   ffixi.o
        18          0          0          0          0         68   fflti.o
       100          0          0          0          0         76   fmul.o

    ----------------------------------------------------------------------
       556         16          0          0          0        656   Library Totals
         2          0          0          0          0          0   (incl. Padding)

    ----------------------------------------------------------------------

      Code (inc. data)   RO Data    RW Data    ZI Data      Debug   Library Name

       100         16          0          0          0        136   mc_w.l
       454          0          0          0          0        520   mf_w.l

    ----------------------------------------------------------------------
       556         16          0          0          0        656   Library Totals

    ----------------------------------------------------------------------

==============================================================================


      Code (inc. data)   RO Data    RW Data    ZI Data      Debug   

     12740       1056        420        188     126808     384188   Grand Totals
     12740       1056        420        188     126808     384188   ELF Image Totals
     12740       1056        420        188          0          0   ROM Totals

==============================================================================

    Total RO  Size (Code + RO Data)                13160 (  12.85kB)
    Total RW  Size (RW Data + ZI Data)            126996 ( 124.02kB)
    Total ROM Size (Code + RO Data + RW Data)      13348 (  13.04kB)

==============================================================================

