Component: ARM Compiler 5.06 update 5 (build 528) Tool: armlink [4d35e2]

==============================================================================

Section Cross References

    dprintf.o(i.myprint) refers to dprintf.o(i.myprints) for myprints
    dprintf.o(i.myprint) refers to dprintf.o(i.myprinti) for myprinti
    dprintf.o(i.myprint) refers to fflti.o(.text) for __aeabi_i2f
    dprintf.o(i.myprint) refers to dprintf.o(i.myprintFloat) for myprintFloat
    dprintf.o(i.myprint) refers to dprintf.o(i.myprintchar) for myprintchar
    dprintf.o(i.myprintFloat) refers to ffixi.o(.text) for __aeabi_f2iz
    dprintf.o(i.myprintFloat) refers to dprintf.o(i.myprinti) for myprinti
    dprintf.o(i.myprintFloat) refers to fflti.o(.text) for __aeabi_i2f
    dprintf.o(i.myprintFloat) refers to fadd.o(.text) for __aeabi_frsub
    dprintf.o(i.myprintFloat) refers to fmul.o(.text) for __aeabi_fmul
    dprintf.o(i.myprintchar) refers to uart.o(i.USART_Out) for USART_Out
    dprintf.o(i.myprintf) refers to dprintf.o(i.myprint) for myprint
    dprintf.o(i.myprintf) refers to dprintf.o(.data) for printf_disable
    dprintf.o(i.myprinti) refers to dprintf.o(i.myprints) for myprints
    dprintf.o(i.myprinti) refers to dprintf.o(i.myprintchar) for myprintchar
    dprintf.o(i.myprinti) refers to dprintf.o(.bss) for print_buf
    dprintf.o(i.myprints) refers to dprintf.o(i.myprintchar) for myprintchar
    dprintf.o(i.myprints) refers to strlen.o(.text) for strlen
    dprintf.o(i.printf_enable) refers to dprintf.o(.data) for printf_disable
    dprintf.o(i.sprintf_ex) refers to dprintf.o(i.myprint) for myprint
    uart.o(i.USART_Configuration) refers to stm32f2xx_usart.o(i.USART_Cmd) for USART_Cmd
    uart.o(i.USART_Configuration) refers to stm32f2xx_usart.o(i.USART_DeInit) for USART_DeInit
    uart.o(i.USART_Configuration) refers to stm32f2xx_rcc.o(i.RCC_APB2PeriphClockCmd) for RCC_APB2PeriphClockCmd
    uart.o(i.USART_Configuration) refers to stm32f2xx_usart.o(i.USART_StructInit) for USART_StructInit
    uart.o(i.USART_Configuration) refers to stm32f2xx_usart.o(i.USART_Init) for USART_Init
    uart.o(i.USART_Configuration) refers to stm32f2xx_usart.o(i.USART_ITConfig) for USART_ITConfig
    uart.o(i.USART_Configuration) refers to misc.o(i.NVIC_Init) for NVIC_Init
    uart.o(i.USART_In) refers to stm32f2xx_usart.o(i.USART_GetFlagStatus) for USART_GetFlagStatus
    uart.o(i.USART_In) refers to stm32f2xx_usart.o(i.USART_ReceiveData) for USART_ReceiveData
    uart.o(i.USART_Out) refers to stm32f2xx_usart.o(i.USART_GetFlagStatus) for USART_GetFlagStatus
    uart.o(i.USART_Out) refers to stm32f2xx_usart.o(i.USART_SendData) for USART_SendData
    uart.o(i.arch_get_char_loop) refers to uart.o(i.arch_uart_getc) for arch_uart_getc
    uart.o(i.arch_get_char_loop) refers to uart.o(i.uart_get_printf_key) for uart_get_printf_key
    uart.o(i.arch_get_char_loop) refers to boot.o(i.Message_Send_4halfword) for Message_Send_4halfword
    uart.o(i.arch_uart_getc) refers to uart.o(.bss) for uart_rx
    uart.o(i.fputc) refers to stm32f2xx_usart.o(i.USART_SendData) for USART_SendData
    uart.o(i.fputc) refers to stm32f2xx_usart.o(i.USART_GetFlagStatus) for USART_GetFlagStatus
    uart.o(i.hook_UART1_isr) refers to stm32f2xx_usart.o(i.USART_GetITStatus) for USART_GetITStatus
    uart.o(i.hook_UART1_isr) refers to stm32f2xx_usart.o(i.USART_ReceiveData) for USART_ReceiveData
    uart.o(i.hook_UART1_isr) refers to uart.o(i.uart_rxhandler) for uart_rxhandler
    uart.o(i.hook_UART1_isr) refers to stm32f2xx_usart.o(i.USART_ClearITPendingBit) for USART_ClearITPendingBit
    uart.o(i.uart_get_printf_key) refers to printf2.o(i.__0printf$2) for __2printf
    uart.o(i.uart_get_printf_key) refers to dprintf.o(i.printf_enable) for printf_enable
    uart.o(i.uart_get_printf_key) refers to can.o(i.Shell_CAN_error_data_get) for Shell_CAN_error_data_get
    uart.o(i.uart_get_printf_key) refers to can.o(i.Can_error_printf) for Can_error_printf
    uart.o(i.uart_get_printf_key) refers to uart.o(.data) for can_printf_it
    uart.o(i.uart_getc) refers to stm32f2xx_usart.o(i.USART_GetFlagStatus) for USART_GetFlagStatus
    uart.o(i.uart_getc) refers to stm32f2xx_usart.o(i.USART_ReceiveData) for USART_ReceiveData
    uart.o(i.uart_putc) refers to stm32f2xx_usart.o(i.USART_GetFlagStatus) for USART_GetFlagStatus
    uart.o(i.uart_putc) refers to stm32f2xx_usart.o(i.USART_SendData) for USART_SendData
    uart.o(i.uart_puts) refers to strlen.o(.text) for strlen
    uart.o(i.uart_puts) refers to uart.o(i.uart_putc) for uart_putc
    uart.o(i.uart_rxhandler) refers to uart.o(.bss) for uart_rx
    gpio.o(i.GPIO_Configuration) refers to stm32f2xx_rcc.o(i.RCC_AHB1PeriphClockCmd) for RCC_AHB1PeriphClockCmd
    gpio.o(i.GPIO_Configuration) refers to stm32f2xx_gpio.o(i.GPIO_PinAFConfig) for GPIO_PinAFConfig
    gpio.o(i.GPIO_Configuration) refers to stm32f2xx_gpio.o(i.GPIO_Init) for GPIO_Init
[...]
    .ARM.Collect$$$$0000000F                 0x08000194   Section        0  entry11a.o(.ARM.Collect$$$$0000000F)
    .ARM.Collect$$$$00002712                 0x08000194   Section        4  entry2.o(.ARM.Collect$$$$00002712)
    __lit__00000000                          0x08000194   Data           4  entry2.o(.ARM.Collect$$$$00002712)
    .text                                    0x08000198   Section       36  startup_stm32f2xx.o(.text)
    .text                                    0x080001bc   Section        0  strlen.o(.text)
    .text                                    0x080001ca   Section        0  fadd.o(.text)
    .text                                    0x0800027a   Section        0  fmul.o(.text)
    .text                                    0x080002de   Section        0  fflti.o(.text)
    .text                                    0x080002f0   Section        0  ffixi.o(.text)
    .text                                    0x08000322   Section        0  fepilogue.o(.text)
    .text                                    0x08000322   Section        0  iusefp.o(.text)
    .text                                    0x08000390   Section       36  init.o(.text)
    i.ADC_IRQHandler                         0x080003b4   Section        0  stm32f2xx_it.o(i.ADC_IRQHandler)
    i.Alert_Send                             0x080003b6   Section        0  boot.o(i.Alert_Send)
    i.BusFault_Handler                       0x080003d8   Section        0  stm32f2xx_it.o(i.BusFault_Handler)
    i.CAN0_Receive                           0x080003dc   Section        0  can.o(i.CAN0_Receive)
    i.CAN1_RX0_IRQHandler                    0x08000420   Section        0  stm32f2xx_it.o(i.CAN1_RX0_IRQHandler)
    i.CAN1_RX1_IRQHandler                    0x08000422   Section        0  stm32f2xx_it.o(i.CAN1_RX1_IRQHandler)
    i.CAN1_SCE_IRQHandler                    0x08000424   Section        0  stm32f2xx_it.o(i.CAN1_SCE_IRQHandler)
    i.CAN1_TX_IRQHandler                     0x08000426   Section        0  stm32f2xx_it.o(i.CAN1_TX_IRQHandler)
    i.CAN_Configuration                      0x08000428   Section        0  can.o(i.CAN_Configuration)
    i.CAN_DeInit                             0x080004f4   Section        0  stm32f2xx_can.o(i.CAN_DeInit)
    i.CAN_FilterInit                         0x0800052c   Section        0  stm32f2xx_can.o(i.CAN_FilterInit)
    i.CAN_ITConfig                           0x08000634   Section        0  stm32f2xx_can.o(i.CAN_ITConfig)
    i.CAN_Init                               0x08000646   Section        0  stm32f2xx_can.o(i.CAN_Init)
    i.CAN_MessagePending                     0x0800075a   Section        0  stm32f2xx_can.o(i.CAN_MessagePending)
    i.CAN_Receive                            0x08000778   Section        0  stm32f2xx_can.o(i.CAN_Receive)
    i.CAN_StructInit                         0x08000818   Section        0  stm32f2xx_can.o(i.CAN_StructInit)
    i.CAN_Transmit                           0x08000838   Section        0  stm32f2xx_can.o(i.CAN_Transmit)
    i.CRC16                                  0x0800095e   Section        0  upgrade.o(i.CRC16)
    i.DMA1_Stream0_IRQHandler                0x08000998   Section        0  stm32f2xx_it.o(i.DMA1_Stream0_IRQHandler)
    i.DMA1_Stream1_IRQHandler                0x0800099a   Section        0  stm32f2xx_it.o(i.DMA1_Stream1_IRQHandler)
    i.DMA1_Stream2_IRQHandler                0x0800099c   Section        0  stm32f2xx_it.o(i.DMA1_Stream2_IRQHandler)
    i.DMA1_Stream3_IRQHandler                0x0800099e   Section        0  stm32f2xx_it.o(i.DMA1_Stream3_IRQHandler)
    i.DMA1_Stream4_IRQHandler                0x080009a0   Section        0  stm32f2xx_it.o(i.DMA1_Stream4_IRQHandler)
    i.DMA1_Stream5_IRQHandler                0x080009a2   Section        0  stm32f2xx_it.o(i.DMA1_Stream5_IRQHandler)
    i.DMA1_Stream6_IRQHandler                0x080009a4   Section        0  stm32f2xx_it.o(i.DMA1_Stream6_IRQHandler)
    i.DMA1_Stream7_IRQHandler                0x080009a6   Section        0  stm32f2xx_it.o(i.DMA1_Stream7_IRQHandler)
    i.DMA2_Stream0_IRQHandler                0x080009a8   Section        0  stm32f2xx_it.o(i.DMA2_Stream0_IRQHandler)
    i.DMA2_Stream1_IRQHandler                0x080009aa   Section        0  stm32f2xx_it.o(i.DMA2_Stream1_IRQHandler)
    i.DMA2_Stream2_IRQHandler                0x080009ac   Section        0  stm32f2xx_it.o(i.DMA2_Stream2_IRQHandler)
    i.DMA2_Stream3_IRQHandler                0x080009ae   Section        0  stm32f2xx_it.o(i.DMA2_Stream3_IRQHandler)
    i.DebugMon_Handler                       0x080009b0   Section        0  stm32f2xx_it.o(i.DebugMon_Handler)
    i.EE_FindValidPage                       0x080009b4   Section        0  eeprom.o(i.EE_FindValidPage)
    EE_FindValidPage                         0x080009b5   Thumb Code    80  eeprom.o(i.EE_FindValidPage)
    i.EE_Format                              0x08000a0c   Section        0  eeprom.o(i.EE_Format)
    EE_Format                                0x08000a0d   Thumb Code    72  eeprom.o(i.EE_Format)
    i.EE_Init                                0x08000a5c   Section        0  eeprom.o(i.EE_Init)
    i.EE_PageTransfer                        0x08000c9c   Section        0  eeprom.o(i.EE_PageTransfer)
    EE_PageTransfer                          0x08000c9d   Thumb Code   230  eeprom.o(i.EE_PageTransfer)
    i.EE_Read                                0x08000d9c   Section        0  eeprom.o(i.EE_Read)
    i.EE_ReadVariable                        0x08000de0   Section        0  eeprom.o(i.EE_ReadVariable)
    i.EE_VerifyPageFullWriteVariable         0x08000e54   Section        0  eeprom.o(i.EE_VerifyPageFullWriteVariable)
    EE_VerifyPageFullWriteVariable           0x08000e55   Thumb Code   132  eeprom.o(i.EE_VerifyPageFullWriteVariable)
    i.EE_Write                               0x08000eec   Section        0  eeprom.o(i.EE_Write)
    i.EE_WriteVariable                       0x08000f50   Section        0  eeprom.o(i.EE_WriteVariable)
    i.EXTI0_IRQHandler                       0x08000f74   Section        0  stm32f2xx_it.o(i.EXTI0_IRQHandler)
    i.EXTI15_10_IRQHandler                   0x08000f7c   Section        0  stm32f2xx_it.o(i.EXTI15_10_IRQHandler)
    i.EXTI1_IRQHandler                       0x08000f84   Section        0  stm32f2xx_it.o(i.EXTI1_IRQHandler)
    i.EXTI2_IRQHandler                       0x08000f8c   Section        0  stm32f2xx_it.o(i.EXTI2_IRQHandler)
    i.EXTI3_IRQHandler                       0x08000f8e   Section        0  stm32f2xx_it.o(i.EXTI3_IRQHandler)
    i.EXTI4_IRQHandler                       0x08000f90   Section        0  stm32f2xx_it.o(i.EXTI4_IRQHandler)
    i.EXTI9_5_IRQHandler                     0x08000f92   Section        0  stm32f2xx_it.o(i.EXTI9_5_IRQHandler)
    i.Exec_check_app_last_ver                0x08000f9a   Section        0  arch_stm32.o(i.Exec_check_app_last_ver)
    i.FLASH_ClearFlag                        0x08000fbc   Section        0  stm32f2xx_flash.o(i.FLASH_ClearFlag)
    i.FLASH_EraseSector                      0x08000fc8   Section        0  stm32f2xx_flash.o(i.FLASH_EraseSector)
    i.FLASH_GetStatus                        0x08001068   Section        0  stm32f2xx_flash.o(i.FLASH_GetStatus)
    i.FLASH_IRQHandler                       0x080010b0   Section        0  stm32f2xx_it.o(i.FLASH_IRQHandler)
    i.FLASH_Lock                             0x080010b4   Section        0  stm32f2xx_flash.o(i.FLASH_Lock)
    i.FLASH_OB_GetRDP                        0x080010c8   Section        0  stm32f2xx_flash.o(i.FLASH_OB_GetRDP)
    i.FLASH_OB_Launch                        0x080010e0   Section        0  stm32f2xx_flash.o(i.FLASH_OB_Launch)
    i.FLASH_OB_RDPConfig                     0x08001100   Section        0  stm32f2xx_flash.o(i.FLASH_OB_RDPConfig)
    i.FLASH_OB_Unlock                        0x0800111c   Section        0  stm32f2xx_flash.o(i.FLASH_OB_Unlock)
    i.FLASH_PrefetchBufferCmd                0x08001140   Section        0  stm32f2xx_flash.o(i.FLASH_PrefetchBufferCmd)
    i.FLASH_ProgramHalfWord                  0x08001164   Section        0  stm32f2xx_flash.o(i.FLASH_ProgramHalfWord)
    i.FLASH_SetLatency                       0x080011c8   Section        0  stm32f2xx_flash.o(i.FLASH_SetLatency)
    i.FLASH_Unlock                           0x080011d4   Section        0  stm32f2xx_flash.o(i.FLASH_Unlock)
    i.FLASH_WaitForLastOperation             0x080011f8   Section        0  stm32f2xx_flash.o(i.FLASH_WaitForLastOperation)
    i.FSMC_IRQHandler                        0x0800121a   Section        0  stm32f2xx_it.o(i.FSMC_IRQHandler)
    i.FSMC_Init                              0x0800121c   Section        0  fsmc.o(i.FSMC_Init)
    i.FSMC_NORSRAMCmd                        0x0800127c   Section        0  stm32f2xx_fsmc.o(i.FSMC_NORSRAMCmd)
    i.FSMC_NORSRAMInit                       0x080012b0   Section        0  stm32f2xx_fsmc.o(i.FSMC_NORSRAMInit)
    i.GPIO_Configuration                     0x08001398   Section        0  gpio.o(i.GPIO_Configuration)
    i.GPIO_Configuration_default             0x0800178c   Section        0  gpio.o(i.GPIO_Configuration_default)
    i.GPIO_Configuration_powerctr            0x0800180c   Section        0  gpio.o(i.GPIO_Configuration_powerctr)
    i.GPIO_Init                              0x08001888   Section        0  stm32f2xx_gpio.o(i.GPIO_Init)
    i.GPIO_PinAFConfig                       0x08001918   Section        0  stm32f2xx_gpio.o(i.GPIO_PinAFConfig)
    i.GPIO_ReadInputDataBit                  0x0800195e   Section        0  stm32f2xx_gpio.o(i.GPIO_ReadInputDataBit)
    i.GPIO_ResetBits                         0x08001970   Section        0  stm32f2xx_gpio.o(i.GPIO_ResetBits)
    i.GPIO_SetBits                           0x08001974   Section        0  stm32f2xx_gpio.o(i.GPIO_SetBits)
    i.Get_CPLD_Ver_E490                      0x08001978   Section        0  arch_stm32.o(i.Get_CPLD_Ver_E490)
    i.Get_Cpld_Name_Ver                      0x080019c4   Section        0  arch_stm32.o(i.Get_Cpld_Name_Ver)
    i.Get_EXP_Board_E490                     0x08001a14   Section        0  arch_stm32.o(i.Get_EXP_Board_E490)
    i.Get_Sector_address_with_SecNo          0x08001a3c   Section        0  upgrade.o(i.Get_Sector_address_with_SecNo)
    i.GoApp                                  0x08001a88   Section        0  arch_stm32.o(i.GoApp)
    i.Gpio_cfg_yarn_                         0x08001af8   Section        0  gpio.o(i.Gpio_cfg_yarn_)
    i.HardFault_Handler                      0x08001afa   Section        0  stm32f2xx_it.o(i.HardFault_Handler)
    i.I2C1_ER_IRQHandler                     0x08001afe   Section        0  stm32f2xx_it.o(i.I2C1_ER_IRQHandler)
    i.I2C1_EV_IRQHandler                     0x08001b00   Section        0  stm32f2xx_it.o(i.I2C1_EV_IRQHandler)
    i.I2C2_ER_IRQHandler                     0x08001b02   Section        0  stm32f2xx_it.o(i.I2C2_ER_IRQHandler)
    i.I2C2_EV_IRQHandler                     0x08001b04   Section        0  stm32f2xx_it.o(i.I2C2_EV_IRQHandler)
    i.Jtag_Security                          0x08001b06   Section        0  arch_stm32.o(i.Jtag_Security)
    i.MemManage_Handler                      0x08001b28   Section        0  stm32f2xx_it.o(i.MemManage_Handler)
    i.Message_Send_4halfword                 0x08001b2c   Section        0  boot.o(i.Message_Send_4halfword)
    i.NMI_Handler                            0x08001b4e   Section        0  stm32f2xx_it.o(i.NMI_Handler)
    i.NVIC_Configuration                     0x08001b52   Section        0  arch_stm32.o(i.NVIC_Configuration)
    i.NVIC_Init                              0x08001b68   Section        0  misc.o(i.NVIC_Init)
    i.NVIC_PriorityGroupConfig               0x08001be0   Section        0  misc.o(i.NVIC_PriorityGroupConfig)
    i.NVIC_SetVectorTable                    0x08001bf4   Section        0  misc.o(i.NVIC_SetVectorTable)
    i.OTG_FS_WKUP_IRQHandler                 0x08001c08   Section        0  stm32f2xx_it.o(i.OTG_FS_WKUP_IRQHandler)
    i.PVD_IRQHandler                         0x08001c0a   Section        0  stm32f2xx_it.o(i.PVD_IRQHandler)
    i.PendSV_Handler                         0x08001c0c   Section        0  stm32f2xx_it.o(i.PendSV_Handler)
    i.RCC_AHB1PeriphClockCmd                 0x08001c10   Section        0  stm32f2xx_rcc.o(i.RCC_AHB1PeriphClockCmd)
    i.RCC_AHB3PeriphClockCmd                 0x08001c30   Section        0  stm32f2xx_rcc.o(i.RCC_AHB3PeriphClockCmd)
    i.RCC_APB1PeriphClockCmd                 0x08001c50   Section        0  stm32f2xx_rcc.o(i.RCC_APB1PeriphClockCmd)
    i.RCC_APB1PeriphResetCmd                 0x08001c70   Section        0  stm32f2xx_rcc.o(i.RCC_APB1PeriphResetCmd)
    i.RCC_APB2PeriphClockCmd                 0x08001c90   Section        0  stm32f2xx_rcc.o(i.RCC_APB2PeriphClockCmd)
    i.RCC_APB2PeriphResetCmd                 0x08001cb0   Section        0  stm32f2xx_rcc.o(i.RCC_APB2PeriphResetCmd)
    i.RCC_Configuration                      0x08001cd0   Section        0  arch_stm32.o(i.RCC_Configuration)
    i.RCC_DeInit                             0x08001d44   Section        0  stm32f2xx_rcc.o(i.RCC_DeInit)
    i.RCC_GetClocksFreq                      0x08001d8c   Section        0  stm32f2xx_rcc.o(i.RCC_GetClocksFreq)
    i.RCC_GetFlagStatus                      0x08001e74   Section        0  stm32f2xx_rcc.o(i.RCC_GetFlagStatus)
    i.RCC_GetSYSCLKSource                    0x08001eb4   Section        0  stm32f2xx_rcc.o(i.RCC_GetSYSCLKSource)
    i.RCC_HCLKConfig                         0x08001ec4   Section        0  stm32f2xx_rcc.o(i.RCC_HCLKConfig)
    i.RCC_HSEConfig                          0x08001edc   Section        0  stm32f2xx_rcc.o(i.RCC_HSEConfig)
    i.RCC_IRQHandler                         0x08001eec   Section        0  stm32f2xx_it.o(i.RCC_IRQHandler)
    i.RCC_PCLK1Config                        0x08001ef0   Section        0  stm32f2xx_rcc.o(i.RCC_PCLK1Config)
    i.RCC_PCLK2Config                        0x08001f08   Section        0  stm32f2xx_rcc.o(i.RCC_PCLK2Config)
    i.RCC_PLLCmd                             0x08001f20   Section        0  stm32f2xx_rcc.o(i.RCC_PLLCmd)
    i.RCC_PLLConfig                          0x08001f2c   Section        0  stm32f2xx_rcc.o(i.RCC_PLLConfig)
    i.RCC_SYSCLKConfig                       0x08001f50   Section        0  stm32f2xx_rcc.o(i.RCC_SYSCLKConfig)
    i.RCC_WaitForHSEStartUp                  0x08001f68   Section        0  stm32f2xx_rcc.o(i.RCC_WaitForHSEStartUp)
    i.RTC_Alarm_IRQHandler                   0x08001fa0   Section        0  stm32f2xx_it.o(i.RTC_Alarm_IRQHandler)
    i.RTC_WKUP_IRQHandler                    0x08001fa2   Section        0  stm32f2xx_it.o(i.RTC_WKUP_IRQHandler)
    i.SDIO_IRQHandler                        0x08001fa4   Section        0  stm32f2xx_it.o(i.SDIO_IRQHandler)
    i.SPI1_IRQHandler                        0x08001fa6   Section        0  stm32f2xx_it.o(i.SPI1_IRQHandler)
    i.SPI2_IRQHandler                        0x08001fa8   Section        0  stm32f2xx_it.o(i.SPI2_IRQHandler)
    i.SPI3_IRQHandler                        0x08001faa   Section        0  stm32f2xx_it.o(i.SPI3_IRQHandler)
    i.SVC_Handler                            0x08001fac   Section        0  stm32f2xx_it.o(i.SVC_Handler)
    i.SendMassage                            0x08001fae   Section        0  boot.o(i.SendMassage)
    i.SetSysClock                            0x08001fbc   Section        0  system_stm32f2xx.o(i.SetSysClock)
    SetSysClock                              0x08001fbd   Thumb Code   192  system_stm32f2xx.o(i.SetSysClock)
    i.SysTick_Handler                        0x08002088   Section        0  stm32f2xx_it.o(i.SysTick_Handler)
    i.SystemInit                             0x0800208c   Section        0  system_stm32f2xx.o(i.SystemInit)
    i.TAMP_STAMP_IRQHandler                  0x080020e8   Section        0  stm32f2xx_it.o(i.TAMP_STAMP_IRQHandler)
    i.TIM1_BRK_TIM9_IRQHandler               0x080020ea   Section        0  stm32f2xx_it.o(i.TIM1_BRK_TIM9_IRQHandler)
    i.TIM1_CC_IRQHandler                     0x080020ec   Section        0  stm32f2xx_it.o(i.TIM1_CC_IRQHandler)
    i.TIM1_TRG_COM_TIM11_IRQHandler          0x080020ee   Section        0  stm32f2xx_it.o(i.TIM1_TRG_COM_TIM11_IRQHandler)
    i.TIM1_UP_TIM10_IRQHandler               0x080020f0   Section        0  stm32f2xx_it.o(i.TIM1_UP_TIM10_IRQHandler)
    i.TIM2_IRQHandler                        0x080020f2   Section        0  stm32f2xx_it.o(i.TIM2_IRQHandler)
    i.TIM3_IRQHandler                        0x080020f4   Section        0  stm32f2xx_it.o(i.TIM3_IRQHandler)
    i.TIM4_IRQHandler                        0x080020f6   Section        0  stm32f2xx_it.o(i.TIM4_IRQHandler)
    i.TIM5_IRQHandler                        0x080020f8   Section        0  stm32f2xx_it.o(i.TIM5_IRQHandler)
    i.TIM6_DAC_IRQHandler                    0x080020fa   Section        0  stm32f2xx_it.o(i.TIM6_DAC_IRQHandler)
    i.TIM7_IRQHandler                        0x080020fc   Section        0  stm32f2xx_it.o(i.TIM7_IRQHandler)
    i.TIM8_BRK_TIM12_IRQHandler              0x080020fe   Section        0  stm32f2xx_it.o(i.TIM8_BRK_TIM12_IRQHandler)
    i.TIM8_CC_IRQHandler                     0x08002100   Section        0  stm32f2xx_it.o(i.TIM8_CC_IRQHandler)
    i.TIM8_TRG_COM_TIM14_IRQHandler          0x08002102   Section        0  stm32f2xx_it.o(i.TIM8_TRG_COM_TIM14_IRQHandler)
    i.TIM8_UP_TIM13_IRQHandler               0x08002104   Section        0  stm32f2xx_it.o(i.TIM8_UP_TIM13_IRQHandler)
    i.UART4_IRQHandler                       0x08002106   Section        0  stm32f2xx_it.o(i.UART4_IRQHandler)
    i.UART5_IRQHandler                       0x08002108   Section        0  stm32f2xx_it.o(i.UART5_IRQHandler)
    i.USART1_IRQHandler                      0x0800210a   Section        0  stm32f2xx_it.o(i.USART1_IRQHandler)
    i.USART2_IRQHandler                      0x08002112   Section        0  stm32f2xx_it.o(i.USART2_IRQHandler)
    i.USART3_IRQHandler                      0x08002114   Section        0  stm32f2xx_it.o(i.USART3_IRQHandler)
    i.USART_ClearITPendingBit                0x08002116   Section        0  stm32f2xx_usart.o(i.USART_ClearITPendingBit)
    i.USART_Cmd                              0x08002134   Section        0  stm32f2xx_usart.o(i.USART_Cmd)
    i.USART_Configuration                    0x0800214c   Section        0  uart.o(i.USART_Configuration)
    i.USART_DeInit                           0x080021b4   Section        0  stm32f2xx_usart.o(i.USART_DeInit)
    i.USART_GetFlagStatus                    0x08002268   Section        0  stm32f2xx_usart.o(i.USART_GetFlagStatus)
    i.USART_GetITStatus                      0x08002282   Section        0  stm32f2xx_usart.o(i.USART_GetITStatus)
    i.USART_ITConfig                         0x080022d6   Section        0  stm32f2xx_usart.o(i.USART_ITConfig)
    i.USART_Init                             0x08002320   Section        0  stm32f2xx_usart.o(i.USART_Init)
    i.USART_Out                              0x080023f4   Section        0  uart.o(i.USART_Out)
    i.USART_ReceiveData                      0x08002414   Section        0  stm32f2xx_usart.o(i.USART_ReceiveData)
    i.USART_SendData                         0x0800241e   Section        0  stm32f2xx_usart.o(i.USART_SendData)
    i.USART_StructInit                       0x08002426   Section        0  stm32f2xx_usart.o(i.USART_StructInit)
    i.UsageFault_Handler                     0x0800243e   Section        0  stm32f2xx_it.o(i.UsageFault_Handler)
    i.WWDG_IRQHandler                        0x08002442   Section        0  stm32f2xx_it.o(i.WWDG_IRQHandler)
    i.__scatterload_copy                     0x08002444   Section       14  handlers.o(i.__scatterload_copy)
    i.__scatterload_null                     0x08002452   Section        2  handlers.o(i.__scatterload_null)
    i.__scatterload_zeroinit                 0x08002454   Section       14  handlers.o(i.__scatterload_zeroinit)
    i.arch_8803_Reset                        0x08002462   Section        0  arch_stm32.o(i.arch_8803_Reset)
    i.arch_ACTEMF_AllClear                   0x0800249c   Section        0  arch_stm32.o(i.arch_ACTEMF_AllClear)
    i.arch_GetBoardID                        0x080024c4   Section        0  arch_stm32.o(i.arch_GetBoardID)
    i.arch_GetBoardID_E480                   0x08002508   Section        0  arch_stm32.o(i.arch_GetBoardID_E480)
    i.arch_Get_Board_Type                    0x08002530   Section        0  arch_stm32.o(i.arch_Get_Board_Type)
    i.arch_Get_ID                            0x08002560   Section        0  arch_stm32.o(i.arch_Get_ID)
    i.arch_Jacquard_AllClear                 0x0800256c   Section        0  arch_stm32.o(i.arch_Jacquard_AllClear)
    i.arch_LED_Off                           0x080025ac   Section        0  arch_stm32.o(i.arch_LED_Off)
    i.arch_LED_On                            0x080025bc   Section        0  arch_stm32.o(i.arch_LED_On)
    i.arch_LED_Setup                         0x080025cc   Section        0  arch_stm32.o(i.arch_LED_Setup)
    i.arch_Power_Off                         0x080025d8   Section        0  arch_stm32.o(i.arch_Power_Off)
    i.arch_SendMessage                       0x080025fc   Section        0  can.o(i.arch_SendMessage)
    i.arch_Set_CANID                         0x08002664   Section        0  arch_stm32.o(i.arch_Set_CANID)
    i.arch_StepMotor_Disable                 0x0800267c   Section        0  arch_stm32.o(i.arch_StepMotor_Disable)
    i.arch_Upgrade_Finish                    0x080026d0   Section        0  upgrade.o(i.arch_Upgrade_Finish)
    i.arch_Upgrade_Get_Buf_Type              0x080026e8   Section        0  upgrade.o(i.arch_Upgrade_Get_Buf_Type)
    i.arch_Upgrade_Get_Burn_Size             0x08002722   Section        0  upgrade.o(i.arch_Upgrade_Get_Burn_Size)
    i.arch_Upgrade_Get_CRC_Data              0x08002732   Section        0  upgrade.o(i.arch_Upgrade_Get_CRC_Data)
    i.arch_Upgrade_Set_Buf_Type              0x0800274a   Section        0  upgrade.o(i.arch_Upgrade_Set_Buf_Type)
    i.arch_Upgrade_Set_Burn                  0x0800276c   Section        0  upgrade.o(i.arch_Upgrade_Set_Burn)
    i.arch_Upgrade_Set_Burn_Size             0x08002784   Section        0  upgrade.o(i.arch_Upgrade_Set_Burn_Size)
    i.arch_Upgrade_Set_CRC_Data              0x08002792   Section        0  upgrade.o(i.arch_Upgrade_Set_CRC_Data)
    i.arch_Upgrade_Set_Receive               0x080027a4   Section        0  upgrade.o(i.arch_Upgrade_Set_Receive)
    i.arch_Upgrade_is_Burn                   0x080027bc   Section        0  upgrade.o(i.arch_Upgrade_is_Burn)
    i.arch_Upgrade_is_Start                  0x080027dc   Section        0  upgrade.o(i.arch_Upgrade_is_Start)
    i.arch_Uprade_get_App_Start_add          0x080027fc   Section        0  upgrade.o(i.arch_Uprade_get_App_Start_add)
    i.arch_Uprade_get_Data_Start_add         0x08002804   Section        0  upgrade.o(i.arch_Uprade_get_Data_Start_add)
    i.arch_YARNEMF_AllClear                  0x0800280c   Section        0  arch_stm32.o(i.arch_YARNEMF_AllClear)
    i.arch_crc_ok                            0x0800286c   Section        0  upgrade.o(i.arch_crc_ok)
    i.arch_have_crc_flag                     0x0800289c   Section        0  upgrade.o(i.arch_have_crc_flag)
    i.arch_init                              0x080028b4   Section        0  arch_stm32.o(i.arch_init)
    i.delay                                  0x08002a00   Section        0  boot.o(i.delay)
    i.delayus                                0x08002a12   Section        0  arch_stm32.o(i.delayus)
    i.fmc_init                               0x08002a28   Section        0  upgrade.o(i.fmc_init)
    i.fmc_program                            0x08002aa4   Section        0  upgrade.o(i.fmc_program)
    i.fmc_start_addr                         0x08002b7c   Section        0  upgrade.o(i.fmc_start_addr)
    i.hook_EXTI_isr                          0x08002b98   Section        0  arch_stm32.o(i.hook_EXTI_isr)
    i.hook_UART1_isr                         0x08002b9c   Section        0  uart.o(i.hook_UART1_isr)
    i.main                                   0x08002bc8   Section        0  boot.o(i.main)
    i.myprint                                0x08003234   Section        0  dprintf.o(i.myprint)
    i.myprintFloat                           0x08003410   Section        0  dprintf.o(i.myprintFloat)
    myprintFloat                             0x08003411   Thumb Code   112  dprintf.o(i.myprintFloat)
    i.myprintchar                            0x08003484   Section        0  dprintf.o(i.myprintchar)
    myprintchar                              0x08003485   Thumb Code    28  dprintf.o(i.myprintchar)
    i.myprintf                               0x080034a0   Section        0  dprintf.o(i.myprintf)
    i.myprinti                               0x080034c8   Section        0  dprintf.o(i.myprinti)
    myprinti                                 0x080034c9   Thumb Code   202  dprintf.o(i.myprinti)
    i.myprints                               0x08003598   Section        0  dprintf.o(i.myprints)
    myprints                                 0x08003599   Thumb Code   216  dprintf.o(i.myprints)
    i.uart_rxhandler                         0x08003670   Section        0  uart.o(i.uart_rxhandler)
    .constdata                               0x080036a4   Section        6  boot.o(.constdata)
    .data                                    0x20000000   Section        4  dprintf.o(.data)
    .data                                    0x20000004   Section        2  eeprom.o(.data)
    .data                                    0x20000008   Section        4  can.o(.data)
    .data                                    0x2000000c   Section       60  arch_stm32.o(.data)
    .data                                    0x20000048   Section       24  upgrade.o(.data)
    .data                                    0x20000060   Section       12  boot.o(.data)
    .data                                    0x2000006c   Section        4  stm32f2xx_flash.o(.data)
    .data                                    0x20000070   Section       16  stm32f2xx_rcc.o(.data)
    APBAHBPrescTable                         0x20000070   Data          16  stm32f2xx_rcc.o(.data)
    .bss                                     0x20000080   Section       64  dprintf.o(.bss)
    .bss                                     0x200000c0   Section       18  uart.o(.bss)
    uart_rx                                  0x200000c0   Data          18  uart.o(.bss)
    .bss                                     0x200000d2   Section      200  eeprom.o(.bss)
    .bss                                     0x2000019c   Section       20  can.o(.bss)
    .bss                                     0x200001b0   Section     8192  boot.o(.bss)
    STACK                                    0x200021b0   Section     2048  startup_stm32f2xx.o(STACK)
    .ARM.__AT_0x2001F000                     0x2001f000   Section       20  boot.o(.ARM.__AT_0x2001F000)

    Global Symbols

    Symbol Name                              Value     Ov Type        Size  Object(Section)

    BuildAttributes$$THM_ISAv4$P$D$K$B$S$PE$A:L22UL41UL21$X:L11$S22US41US21$IEEE1$IW$USESV6$~STKCKD$USESV7$~SHL$OTIME$ROPI$EBA8$MICROLIB$REQ8$PRES8$EABIv2 0x00000000   Number         0  anon$$obj.o ABSOLUTE
    __ARM_use_no_argv                        0x00000000   Number         0  boot.o ABSOLUTE
    _printf_a                                0x00000000   Number         0  stubs.o ABSOLUTE
    _printf_c                                0x00000000   Number         0  stubs.o ABSOLUTE
    _printf_charcount                        0x00000000   Number         0  stubs.o ABSOLUTE
    _printf_d                                0x00000000   Number         0  stubs.o ABSOLUTE
    _printf_e                                0x00000000   Number         0  stubs.o ABSOLUTE
    _printf_f                                0x00000000   Number         0  stubs.o ABSOLUTE
    _printf_flags                            0x00000000   Number         0  stubs.o ABSOLUTE
    _printf_fp_dec                           0x00000000   Number         0  stubs.o ABSOLUTE
    _printf_fp_hex                           0x00000000   Number         0  stubs.o ABSOLUTE
    _printf_g                                0x00000000   Number         0  stubs.o ABSOLUTE
    _printf_i                                0x00000000   Number         0  stubs.o ABSOLUTE
    _printf_int_dec                          0x00000000   Number         0  stubs.o ABSOLUTE
    _printf_l                                0x00000000   Number         0  stubs.o ABSOLUTE
    _printf_lc                               0x00000000   Number         0  stubs.o ABSOLUTE
    _printf_ll                               0x00000000   Number         0  stubs.o ABSOLUTE
    _printf_lld                              0x00000000   Number         0  stubs.o ABSOLUTE
    _printf_lli                              0x00000000   Number         0  stubs.o ABSOLUTE
    _printf_llo                              0x00000000   Number         0  stubs.o ABSOLUTE
    _printf_llu                              0x00000000   Number         0  stubs.o ABSOLUTE
    _printf_llx                              0x00000000   Number         0  stubs.o ABSOLUTE
    _printf_longlong_dec                     0x00000000   Number         0  stubs.o ABSOLUTE
    _printf_longlong_hex                     0x00000000   Number         0  stubs.o ABSOLUTE
    _printf_longlong_oct                     0x00000000   Number         0  stubs.o ABSOLUTE
    _printf_ls                               0x00000000   Number         0  stubs.o ABSOLUTE
    _printf_mbtowc                           0x00000000   Number         0  stubs.o ABSOLUTE
    _printf_n                                0x00000000   Number         0  stubs.o ABSOLUTE
    _printf_o                                0x00000000   Number         0  stubs.o ABSOLUTE
    _printf_p                                0x00000000   Number         0  stubs.o ABSOLUTE
    _printf_percent                          0x00000000   Number         0  stubs.o ABSOLUTE
    _printf_pre_padding                      0x00000000   Number         0  stubs.o ABSOLUTE
    _printf_return_value                     0x00000000   Number         0  stubs.o ABSOLUTE
    _printf_s                                0x00000000   Number         0  stubs.o ABSOLUTE
    _printf_sizespec                         0x00000000   Number         0  stubs.o ABSOLUTE
    _printf_str                              0x00000000   Number         0  stubs.o ABSOLUTE
    _printf_truncate_signed                  0x00000000   Number         0  stubs.o ABSOLUTE
    _printf_truncate_unsigned                0x00000000   Number         0  stubs.o ABSOLUTE
    _printf_u                                0x00000000   Number         0  stubs.o ABSOLUTE
    _printf_wc                               0x00000000   Number         0  stubs.o ABSOLUTE
    _printf_wctomb                           0x00000000   Number         0  stubs.o ABSOLUTE
    _printf_widthprec                        0x00000000   Number         0  stubs.o ABSOLUTE
    _printf_x                                0x00000000   Number         0  stubs.o ABSOLUTE
    __cpp_initialize__aeabi_                  - Undefined Weak Reference
    __cxa_finalize                            - Undefined Weak Reference
    __decompress                              - Undefined Weak Reference
    _clock_init                               - Undefined Weak Reference
    _microlib_exit                            - Undefined Weak Reference
    __Vectors_Size                           0x00000184   Number         0  startup_stm32f2xx.o ABSOLUTE
    __Vectors                                0x08000000   Data           4  startup_stm32f2xx.o(RESET)
    __Vectors_End                            0x08000184   Data           0  startup_stm32f2xx.o(RESET)
    __main                                   0x08000185   Thumb Code     0  entry.o(.ARM.Collect$$$$00000000)
    _main_stk                                0x08000185   Thumb Code     0  entry2.o(.ARM.Collect$$$$00000001)
    _main_scatterload                        0x08000189   Thumb Code     0  entry5.o(.ARM.Collect$$$$00000004)
    __main_after_scatterload                 0x0800018d   Thumb Code     0  entry5.o(.ARM.Collect$$$$00000004)
    _main_clock                              0x0800018d   Thumb Code     0  entry7b.o(.ARM.Collect$$$$00000008)
    _main_cpp_init                           0x0800018d   Thumb Code     0  entry8b.o(.ARM.Collect$$$$0000000A)
    _main_init                               0x0800018d   Thumb Code     0  entry9a.o(.ARM.Collect$$$$0000000B)
    __rt_final_cpp                           0x08000195   Thumb Code     0  entry10a.o(.ARM.Collect$$$$0000000D)
    __rt_final_exit                          0x08000195   Thumb Code     0  entry11a.o(.ARM.Collect$$$$0000000F)
    Reset_Handler                            0x08000199   Thumb Code     8  startup_stm32f2xx.o(.text)
    CAN2_RX0_IRQHandler                      0x080001b3   Thumb Code     0  startup_stm32f2xx.o(.text)
    CAN2_RX1_IRQHandler                      0x080001b3   Thumb Code     0  startup_stm32f2xx.o(.text)
    CAN2_SCE_IRQHandler                      0x080001b3   Thumb Code     0  startup_stm32f2xx.o(.text)
    CAN2_TX_IRQHandler                       0x080001b3   Thumb Code     0  startup_stm32f2xx.o(.text)
    CRYP_IRQHandler                          0x080001b3   Thumb Code     0  startup_stm32f2xx.o(.text)
    DCMI_IRQHandler                          0x080001b3   Thumb Code     0  startup_stm32f2xx.o(.text)
    DMA2_Stream4_IRQHandler                  0x080001b3   Thumb Code     0  startup_stm32f2xx.o(.text)
    DMA2_Stream5_IRQHandler                  0x080001b3   Thumb Code     0  startup_stm32f2xx.o(.text)
    DMA2_Stream6_IRQHandler                  0x080001b3   Thumb Code     0  startup_stm32f2xx.o(.text)
    DMA2_Stream7_IRQHandler                  0x080001b3   Thumb Code     0  startup_stm32f2xx.o(.text)
    ETH_IRQHandler                           0x080001b3   Thumb Code     0  startup_stm32f2xx.o(.text)
    ETH_WKUP_IRQHandler                      0x080001b3   Thumb Code     0  startup_stm32f2xx.o(.text)
    HASH_RNG_IRQHandler                      0x080001b3   Thumb Code     0  startup_stm32f2xx.o(.text)
    I2C3_ER_IRQHandler                       0x080001b3   Thumb Code     0  startup_stm32f2xx.o(.text)
    I2C3_EV_IRQHandler                       0x080001b3   Thumb Code     0  startup_stm32f2xx.o(.text)
    OTG_FS_IRQHandler                        0x080001b3   Thumb Code     0  startup_stm32f2xx.o(.text)
    OTG_HS_EP1_IN_IRQHandler                 0x080001b3   Thumb Code     0  startup_stm32f2xx.o(.text)
    OTG_HS_EP1_OUT_IRQHandler                0x080001b3   Thumb Code     0  startup_stm32f2xx.o(.text)
    OTG_HS_IRQHandler                        0x080001b3   Thumb Code     0  startup_stm32f2xx.o(.text)
    OTG_HS_WKUP_IRQHandler                   0x080001b3   Thumb Code     0  startup_stm32f2xx.o(.text)
    USART6_IRQHandler                        0x080001b3   Thumb Code     0  startup_stm32f2xx.o(.text)
    strlen                                   0x080001bd   Thumb Code    14  strlen.o(.text)
    __aeabi_fadd                             0x080001cb   Thumb Code   164  fadd.o(.text)
    __aeabi_fsub                             0x0800026f   Thumb Code     6  fadd.o(.text)
    __aeabi_frsub                            0x08000275   Thumb Code     6  fadd.o(.text)
    __aeabi_fmul                             0x0800027b   Thumb Code   100  fmul.o(.text)
    __aeabi_i2f                              0x080002df   Thumb Code    18  fflti.o(.text)
    __aeabi_f2iz                             0x080002f1   Thumb Code    50  ffixi.o(.text)
    __I$use$fp                               0x08000323   Thumb Code     0  iusefp.o(.text)
    _float_round                             0x08000323   Thumb Code    18  fepilogue.o(.text)
    _float_epilogue                          0x08000335   Thumb Code    92  fepilogue.o(.text)
    __scatterload                            0x08000391   Thumb Code    28  init.o(.text)
    __scatterload_rt2                        0x08000391   Thumb Code     0  init.o(.text)
    ADC_IRQHandler                           0x080003b5   Thumb Code     2  stm32f2xx_it.o(i.ADC_IRQHandler)
    Alert_Send                               0x080003b7   Thumb Code    34  boot.o(i.Alert_Send)
    BusFault_Handler                         0x080003d9   Thumb Code     4  stm32f2xx_it.o(i.BusFault_Handler)
    CAN0_Receive                             0x080003dd   Thumb Code    58  can.o(i.CAN0_Receive)
    CAN1_RX0_IRQHandler                      0x08000421   Thumb Code     2  stm32f2xx_it.o(i.CAN1_RX0_IRQHandler)
    CAN1_RX1_IRQHandler                      0x08000423   Thumb Code     2  stm32f2xx_it.o(i.CAN1_RX1_IRQHandler)
    CAN1_SCE_IRQHandler                      0x08000425   Thumb Code     2  stm32f2xx_it.o(i.CAN1_SCE_IRQHandler)
    CAN1_TX_IRQHandler                       0x08000427   Thumb Code     2  stm32f2xx_it.o(i.CAN1_TX_IRQHandler)
    CAN_Configuration                        0x08000429   Thumb Code   196  can.o(i.CAN_Configuration)
    CAN_DeInit                               0x080004f5   Thumb Code    50  stm32f2xx_can.o(i.CAN_DeInit)
    CAN_FilterInit                           0x0800052d   Thumb Code   258  stm32f2xx_can.o(i.CAN_FilterInit)
    CAN_ITConfig                             0x08000635   Thumb Code    18  stm32f2xx_can.o(i.CAN_ITConfig)
    CAN_Init                                 0x08000647   Thumb Code   276  stm32f2xx_can.o(i.CAN_Init)
    CAN_MessagePending                       0x0800075b   Thumb Code    30  stm32f2xx_can.o(i.CAN_MessagePending)
    CAN_Receive                              0x08000779   Thumb Code   160  stm32f2xx_can.o(i.CAN_Receive)
    CAN_StructInit                           0x08000819   Thumb Code    32  stm32f2xx_can.o(i.CAN_StructInit)
    CAN_Transmit                             0x08000839   Thumb Code   294  stm32f2xx_can.o(i.CAN_Transmit)
    CRC16                                    0x0800095f   Thumb Code    58  upgrade.o(i.CRC16)
    DMA1_Stream0_IRQHandler                  0x08000999   Thumb Code     2  stm32f2xx_it.o(i.DMA1_Stream0_IRQHandler)
    DMA1_Stream1_IRQHandler                  0x0800099b   Thumb Code     2  stm32f2xx_it.o(i.DMA1_Stream1_IRQHandler)
    DMA1_Stream2_IRQHandler                  0x0800099d   Thumb Code     2  stm32f2xx_it.o(i.DMA1_Stream2_IRQHandler)
    DMA1_Stream3_IRQHandler                  0x0800099f   Thumb Code     2  stm32f2xx_it.o(i.DMA1_Stream3_IRQHandler)
    DMA1_Stream4_IRQHandler                  0x080009a1   Thumb Code     2  stm32f2xx_it.o(i.DMA1_Stream4_IRQHandler)
    DMA1_Stream5_IRQHandler                  0x080009a3   Thumb Code     2  stm32f2xx_it.o(i.DMA1_Stream5_IRQHandler)
    DMA1_Stream6_IRQHandler                  0x080009a5   Thumb Code     2  stm32f2xx_it.o(i.DMA1_Stream6_IRQHandler)
    DMA1_Stream7_IRQHandler                  0x080009a7   Thumb Code     2  stm32f2xx_it.o(i.DMA1_Stream7_IRQHandler)
    DMA2_Stream0_IRQHandler                  0x080009a9   Thumb Code     2  stm32f2xx_it.o(i.DMA2_Stream0_IRQHandler)
    DMA2_Stream1_IRQHandler                  0x080009ab   Thumb Code     2  stm32f2xx_it.o(i.DMA2_Stream1_IRQHandler)
    DMA2_Stream2_IRQHandler                  0x080009ad   Thumb Code     2  stm32f2xx_it.o(i.DMA2_Stream2_IRQHandler)
    DMA2_Stream3_IRQHandler                  0x080009af   Thumb Code     2  stm32f2xx_it.o(i.DMA2_Stream3_IRQHandler)
    DebugMon_Handler                         0x080009b1   Thumb Code     2  stm32f2xx_it.o(i.DebugMon_Handler)
    EE_Init                                  0x08000a5d   Thumb Code   556  eeprom.o(i.EE_Init)
    EE_Read                                  0x08000d9d   Thumb Code    62  eeprom.o(i.EE_Read)
    EE_ReadVariable                          0x08000de1   Thumb Code   104  eeprom.o(i.EE_ReadVariable)
    EE_Write                                 0x08000eed   Thumb Code    96  eeprom.o(i.EE_Write)
    EE_WriteVariable                         0x08000f51   Thumb Code    36  eeprom.o(i.EE_WriteVariable)
    EXTI0_IRQHandler                         0x08000f75   Thumb Code     8  stm32f2xx_it.o(i.EXTI0_IRQHandler)
    EXTI15_10_IRQHandler                     0x08000f7d   Thumb Code     8  stm32f2xx_it.o(i.EXTI15_10_IRQHandler)
    EXTI1_IRQHandler                         0x08000f85   Thumb Code     8  stm32f2xx_it.o(i.EXTI1_IRQHandler)
    EXTI2_IRQHandler                         0x08000f8d   Thumb Code     2  stm32f2xx_it.o(i.EXTI2_IRQHandler)
    EXTI3_IRQHandler                         0x08000f8f   Thumb Code     2  stm32f2xx_it.o(i.EXTI3_IRQHandler)
    EXTI4_IRQHandler                         0x08000f91   Thumb Code     2  stm32f2xx_it.o(i.EXTI4_IRQHandler)
    EXTI9_5_IRQHandler                       0x08000f93   Thumb Code     8  stm32f2xx_it.o(i.EXTI9_5_IRQHandler)
    Exec_check_app_last_ver                  0x08000f9b   Thumb Code    32  arch_stm32.o(i.Exec_check_app_last_ver)
    FLASH_ClearFlag                          0x08000fbd   Thumb Code     6  stm32f2xx_flash.o(i.FLASH_ClearFlag)
    FLASH_EraseSector                        0x08000fc9   Thumb Code   150  stm32f2xx_flash.o(i.FLASH_EraseSector)
    FLASH_GetStatus                          0x08001069   Thumb Code    66  stm32f2xx_flash.o(i.FLASH_GetStatus)
    FLASH_IRQHandler                         0x080010b1   Thumb Code     2  stm32f2xx_it.o(i.FLASH_IRQHandler)
    FLASH_Lock                               0x080010b5   Thumb Code    14  stm32f2xx_flash.o(i.FLASH_Lock)
    FLASH_OB_GetRDP                          0x080010c9   Thumb Code    18  stm32f2xx_flash.o(i.FLASH_OB_GetRDP)
    FLASH_OB_Launch                          0x080010e1   Thumb Code    26  stm32f2xx_flash.o(i.FLASH_OB_Launch)
    FLASH_OB_RDPConfig                       0x08001101   Thumb Code    22  stm32f2xx_flash.o(i.FLASH_OB_RDPConfig)
    FLASH_OB_Unlock                          0x0800111d   Thumb Code    24  stm32f2xx_flash.o(i.FLASH_OB_Unlock)
    FLASH_PrefetchBufferCmd                  0x08001141   Thumb Code    30  stm32f2xx_flash.o(i.FLASH_PrefetchBufferCmd)
    FLASH_ProgramHalfWord                    0x08001165   Thumb Code    92  stm32f2xx_flash.o(i.FLASH_ProgramHalfWord)
    FLASH_SetLatency                         0x080011c9   Thumb Code     6  stm32f2xx_flash.o(i.FLASH_SetLatency)
    FLASH_Unlock                             0x080011d5   Thumb Code    24  stm32f2xx_flash.o(i.FLASH_Unlock)
    FLASH_WaitForLastOperation               0x080011f9   Thumb Code    34  stm32f2xx_flash.o(i.FLASH_WaitForLastOperation)
    FSMC_IRQHandler                          0x0800121b   Thumb Code     2  stm32f2xx_it.o(i.FSMC_IRQHandler)
    FSMC_Init                                0x0800121d   Thumb Code    96  fsmc.o(i.FSMC_Init)
    FSMC_NORSRAMCmd                          0x0800127d   Thumb Code    46  stm32f2xx_fsmc.o(i.FSMC_NORSRAMCmd)
    FSMC_NORSRAMInit                         0x080012b1   Thumb Code   230  stm32f2xx_fsmc.o(i.FSMC_NORSRAMInit)
    GPIO_Configuration                       0x08001399   Thumb Code   982  gpio.o(i.GPIO_Configuration)
    GPIO_Configuration_default               0x0800178d   Thumb Code    98  gpio.o(i.GPIO_Configuration_default)
    GPIO_Configuration_powerctr              0x0800180d   Thumb Code   114  gpio.o(i.GPIO_Configuration_powerctr)
    GPIO_Init                                0x08001889   Thumb Code   144  stm32f2xx_gpio.o(i.GPIO_Init)
    GPIO_PinAFConfig                         0x08001919   Thumb Code    70  stm32f2xx_gpio.o(i.GPIO_PinAFConfig)
    GPIO_ReadInputDataBit                    0x0800195f   Thumb Code    18  stm32f2xx_gpio.o(i.GPIO_ReadInputDataBit)
    GPIO_ResetBits                           0x08001971   Thumb Code     4  stm32f2xx_gpio.o(i.GPIO_ResetBits)
    GPIO_SetBits                             0x08001975   Thumb Code     4  stm32f2xx_gpio.o(i.GPIO_SetBits)
    Get_CPLD_Ver_E490                        0x08001979   Thumb Code    58  arch_stm32.o(i.Get_CPLD_Ver_E490)
    Get_Cpld_Name_Ver                        0x080019c5   Thumb Code    66  arch_stm32.o(i.Get_Cpld_Name_Ver)
    Get_EXP_Board_E490                       0x08001a15   Thumb Code    34  arch_stm32.o(i.Get_EXP_Board_E490)
    Get_Sector_address_with_SecNo            0x08001a3d   Thumb Code    74  upgrade.o(i.Get_Sector_address_with_SecNo)
    GoApp                                    0x08001a89   Thumb Code    76  arch_stm32.o(i.GoApp)
    Gpio_cfg_yarn_                           0x08001af9   Thumb Code     2  gpio.o(i.Gpio_cfg_yarn_)
    HardFault_Handler                        0x08001afb   Thumb Code     4  stm32f2xx_it.o(i.HardFault_Handler)
    I2C1_ER_IRQHandler                       0x08001aff   Thumb Code     2  stm32f2xx_it.o(i.I2C1_ER_IRQHandler)
    I2C1_EV_IRQHandler                       0x08001b01   Thumb Code     2  stm32f2xx_it.o(i.I2C1_EV_IRQHandler)
    I2C2_ER_IRQHandler                       0x08001b03   Thumb Code     2  stm32f2xx_it.o(i.I2C2_ER_IRQHandler)
    I2C2_EV_IRQHandler                       0x08001b05   Thumb Code     2  stm32f2xx_it.o(i.I2C2_EV_IRQHandler)
    Jtag_Security                            0x08001b07   Thumb Code    34  arch_stm32.o(i.Jtag_Security)
    MemManage_Handler                        0x08001b29   Thumb Code     4  stm32f2xx_it.o(i.MemManage_Handler)
    Message_Send_4halfword                   0x08001b2d   Thumb Code    34  boot.o(i.Message_Send_4halfword)
    NMI_Handler                              0x08001b4f   Thumb Code     4  stm32f2xx_it.o(i.NMI_Handler)
    NVIC_Configuration                       0x08001b53   Thumb Code    22  arch_stm32.o(i.NVIC_Configuration)
    NVIC_Init                                0x08001b69   Thumb Code   106  misc.o(i.NVIC_Init)
    NVIC_PriorityGroupConfig                 0x08001be1   Thumb Code    10  misc.o(i.NVIC_PriorityGroupConfig)
    NVIC_SetVectorTable                      0x08001bf5   Thumb Code    12  misc.o(i.NVIC_SetVectorTable)
    OTG_FS_WKUP_IRQHandler                   0x08001c09   Thumb Code     2  stm32f2xx_it.o(i.OTG_FS_WKUP_IRQHandler)
    PVD_IRQHandler                           0x08001c0b   Thumb Code     2  stm32f2xx_it.o(i.PVD_IRQHandler)
    PendSV_Handler                           0x08001c0d   Thumb Code     2  stm32f2xx_it.o(i.PendSV_Handler)
    RCC_AHB1PeriphClockCmd                   0x08001c11   Thumb Code    26  stm32f2xx_rcc.o(i.RCC_AHB1PeriphClockCmd)
    RCC_AHB3PeriphClockCmd                   0x08001c31   Thumb Code    26  stm32f2xx_rcc.o(i.RCC_AHB3PeriphClockCmd)
    RCC_APB1PeriphClockCmd                   0x08001c51   Thumb Code    26  stm32f2xx_rcc.o(i.RCC_APB1PeriphClockCmd)
    RCC_APB1PeriphResetCmd                   0x08001c71   Thumb Code    26  stm32f2xx_rcc.o(i.RCC_APB1PeriphResetCmd)
    RCC_APB2PeriphClockCmd                   0x08001c91   Thumb Code    26  stm32f2xx_rcc.o(i.RCC_APB2PeriphClockCmd)
    RCC_APB2PeriphResetCmd                   0x08001cb1   Thumb Code    26  stm32f2xx_rcc.o(i.RCC_APB2PeriphResetCmd)
    RCC_Configuration                        0x08001cd1   Thumb Code   116  arch_stm32.o(i.RCC_Configuration)
    RCC_DeInit                               0x08001d45   Thumb Code    60  stm32f2xx_rcc.o(i.RCC_DeInit)
    RCC_GetClocksFreq                        0x08001d8d   Thumb Code   214  stm32f2xx_rcc.o(i.RCC_GetClocksFreq)
    RCC_GetFlagStatus                        0x08001e75   Thumb Code    60  stm32f2xx_rcc.o(i.RCC_GetFlagStatus)
    RCC_GetSYSCLKSource                      0x08001eb5   Thumb Code    10  stm32f2xx_rcc.o(i.RCC_GetSYSCLKSource)
    RCC_HCLKConfig                           0x08001ec5   Thumb Code    18  stm32f2xx_rcc.o(i.RCC_HCLKConfig)
    RCC_HSEConfig                            0x08001edd   Thumb Code    12  stm32f2xx_rcc.o(i.RCC_HSEConfig)
    RCC_IRQHandler                           0x08001eed   Thumb Code     2  stm32f2xx_it.o(i.RCC_IRQHandler)
    RCC_PCLK1Config                          0x08001ef1   Thumb Code    18  stm32f2xx_rcc.o(i.RCC_PCLK1Config)
    RCC_PCLK2Config                          0x08001f09   Thumb Code    20  stm32f2xx_rcc.o(i.RCC_PCLK2Config)
    RCC_PLLCmd                               0x08001f21   Thumb Code     6  stm32f2xx_rcc.o(i.RCC_PLLCmd)
    RCC_PLLConfig                            0x08001f2d   Thumb Code    30  stm32f2xx_rcc.o(i.RCC_PLLConfig)
    RCC_SYSCLKConfig                         0x08001f51   Thumb Code    18  stm32f2xx_rcc.o(i.RCC_SYSCLKConfig)
    RCC_WaitForHSEStartUp                    0x08001f69   Thumb Code    56  stm32f2xx_rcc.o(i.RCC_WaitForHSEStartUp)
    RTC_Alarm_IRQHandler                     0x08001fa1   Thumb Code     2  stm32f2xx_it.o(i.RTC_Alarm_IRQHandler)
    RTC_WKUP_IRQHandler                      0x08001fa3   Thumb Code     2  stm32f2xx_it.o(i.RTC_WKUP_IRQHandler)
    SDIO_IRQHandler                          0x08001fa5   Thumb Code     2  stm32f2xx_it.o(i.SDIO_IRQHandler)
    SPI1_IRQHandler                          0x08001fa7   Thumb Code     2  stm32f2xx_it.o(i.SPI1_IRQHandler)
    SPI2_IRQHandler                          0x08001fa9   Thumb Code     2  stm32f2xx_it.o(i.SPI2_IRQHandler)
    SPI3_IRQHandler                          0x08001fab   Thumb Code     2  stm32f2xx_it.o(i.SPI3_IRQHandler)
    SVC_Handler                              0x08001fad   Thumb Code     2  stm32f2xx_it.o(i.SVC_Handler)
    SendMassage                              0x08001faf   Thumb Code    14  boot.o(i.SendMassage)
    SysTick_Handler                          0x08002089   Thumb Code     2  stm32f2xx_it.o(i.SysTick_Handler)
    SystemInit                               0x0800208d   Thumb Code    74  system_stm32f2xx.o(i.SystemInit)
    TAMP_STAMP_IRQHandler                    0x080020e9   Thumb Code     2  stm32f2xx_it.o(i.TAMP_STAMP_IRQHandler)
    TIM1_BRK_TIM9_IRQHandler                 0x080020eb   Thumb Code     2  stm32f2xx_it.o(i.TIM1_BRK_TIM9_IRQHandler)
    TIM1_CC_IRQHandler                       0x080020ed   Thumb Code     2  stm32f2xx_it.o(i.TIM1_CC_IRQHandler)
    TIM1_TRG_COM_TIM11_IRQHandler            0x080020ef   Thumb Code     2  stm32f2xx_it.o(i.TIM1_TRG_COM_TIM11_IRQHandler)
    TIM1_UP_TIM10_IRQHandler                 0x080020f1   Thumb Code     2  stm32f2xx_it.o(i.TIM1_UP_TIM10_IRQHandler)
    TIM2_IRQHandler                          0x080020f3   Thumb Code     2  stm32f2xx_it.o(i.TIM2_IRQHandler)
    TIM3_IRQHandler                          0x080020f5   Thumb Code     2  stm32f2xx_it.o(i.TIM3_IRQHandler)
    TIM4_IRQHandler                          0x080020f7   Thumb Code     2  stm32f2xx_it.o(i.TIM4_IRQHandler)
    TIM5_IRQHandler                          0x080020f9   Thumb Code     2  stm32f2xx_it.o(i.TIM5_IRQHandler)
    TIM6_DAC_IRQHandler                      0x080020fb   Thumb Code     2  stm32f2xx_it.o(i.TIM6_DAC_IRQHandler)
    TIM7_IRQHandler                          0x080020fd   Thumb Code     2  stm32f2xx_it.o(i.TIM7_IRQHandler)
    TIM8_BRK_TIM12_IRQHandler                0x080020ff   Thumb Code     2  stm32f2xx_it.o(i.TIM8_BRK_TIM12_IRQHandler)
    TIM8_CC_IRQHandler                       0x08002101   Thumb Code     2  stm32f2xx_it.o(i.TIM8_CC_IRQHandler)
    TIM8_TRG_COM_TIM14_IRQHandler            0x08002103   Thumb Code     2  stm32f2xx_it.o(i.TIM8_TRG_COM_TIM14_IRQHandler)
    TIM8_UP_TIM13_IRQHandler                 0x08002105   Thumb Code     2  stm32f2xx_it.o(i.TIM8_UP_TIM13_IRQHandler)
    UART4_IRQHandler                         0x08002107   Thumb Code     2  stm32f2xx_it.o(i.UART4_IRQHandler)
    UART5_IRQHandler                         0x08002109   Thumb Code     2  stm32f2xx_it.o(i.UART5_IRQHandler)
    USART1_IRQHandler                        0x0800210b   Thumb Code     8  stm32f2xx_it.o(i.USART1_IRQHandler)
    USART2_IRQHandler                        0x08002113   Thumb Code     2  stm32f2xx_it.o(i.USART2_IRQHandler)
    USART3_IRQHandler                        0x08002115   Thumb Code     2  stm32f2xx_it.o(i.USART3_IRQHandler)
    USART_ClearITPendingBit                  0x08002117   Thumb Code    30  stm32f2xx_usart.o(i.USART_ClearITPendingBit)
    USART_Cmd                                0x08002135   Thumb Code    24  stm32f2xx_usart.o(i.USART_Cmd)
    USART_Configuration                      0x0800214d   Thumb Code    98  uart.o(i.USART_Configuration)
    USART_DeInit                             0x080021b5   Thumb Code   156  stm32f2xx_usart.o(i.USART_DeInit)
    USART_GetFlagStatus                      0x08002269   Thumb Code    26  stm32f2xx_usart.o(i.USART_GetFlagStatus)
    USART_GetITStatus                        0x08002283   Thumb Code    84  stm32f2xx_usart.o(i.USART_GetITStatus)
    USART_ITConfig                           0x080022d7   Thumb Code    74  stm32f2xx_usart.o(i.USART_ITConfig)
    USART_Init                               0x08002321   Thumb Code   204  stm32f2xx_usart.o(i.USART_Init)
    USART_Out                                0x080023f5   Thumb Code    28  uart.o(i.USART_Out)
    USART_ReceiveData                        0x08002415   Thumb Code    10  stm32f2xx_usart.o(i.USART_ReceiveData)
    USART_SendData                           0x0800241f   Thumb Code     8  stm32f2xx_usart.o(i.USART_SendData)
    USART_StructInit                         0x08002427   Thumb Code    24  stm32f2xx_usart.o(i.USART_StructInit)
    UsageFault_Handler                       0x0800243f   Thumb Code     4  stm32f2xx_it.o(i.UsageFault_Handler)
    WWDG_IRQHandler                          0x08002443   Thumb Code     2  stm32f2xx_it.o(i.WWDG_IRQHandler)
    __scatterload_copy                       0x08002445   Thumb Code    14  handlers.o(i.__scatterload_copy)
    __scatterload_null                       0x08002453   Thumb Code     2  handlers.o(i.__scatterload_null)
    __scatterload_zeroinit                   0x08002455   Thumb Code    14  handlers.o(i.__scatterload_zeroinit)
    arch_8803_Reset                          0x08002463   Thumb Code    58  arch_stm32.o(i.arch_8803_Reset)
    arch_ACTEMF_AllClear                     0x0800249d   Thumb Code    36  arch_stm32.o(i.arch_ACTEMF_AllClear)
    arch_GetBoardID                          0x080024c5   Thumb Code    62  arch_stm32.o(i.arch_GetBoardID)
    arch_GetBoardID_E480                     0x08002509   Thumb Code    34  arch_stm32.o(i.arch_GetBoardID_E480)
    arch_Get_Board_Type                      0x08002531   Thumb Code    44  arch_stm32.o(i.arch_Get_Board_Type)
    arch_Get_ID                              0x08002561   Thumb Code     6  arch_stm32.o(i.arch_Get_ID)
    arch_Jacquard_AllClear                   0x0800256d   Thumb Code    60  arch_stm32.o(i.arch_Jacquard_AllClear)
    arch_LED_Off                             0x080025ad   Thumb Code    12  arch_stm32.o(i.arch_LED_Off)
    arch_LED_On                              0x080025bd   Thumb Code    12  arch_stm32.o(i.arch_LED_On)
    arch_LED_Setup                           0x080025cd   Thumb Code     6  arch_stm32.o(i.arch_LED_Setup)
    arch_Power_Off                           0x080025d9   Thumb Code    28  arch_stm32.o(i.arch_Power_Off)
    arch_SendMessage                         0x080025fd   Thumb Code   100  can.o(i.arch_SendMessage)
    arch_Set_CANID                           0x08002665   Thumb Code    20  arch_stm32.o(i.arch_Set_CANID)
    arch_StepMotor_Disable                   0x0800267d   Thumb Code    78  arch_stm32.o(i.arch_StepMotor_Disable)
    arch_Upgrade_Finish                      0x080026d1   Thumb Code    18  upgrade.o(i.arch_Upgrade_Finish)
    arch_Upgrade_Get_Buf_Type                0x080026e9   Thumb Code    58  upgrade.o(i.arch_Upgrade_Get_Buf_Type)
    arch_Upgrade_Get_Burn_Size               0x08002723   Thumb Code    16  upgrade.o(i.arch_Upgrade_Get_Burn_Size)
    arch_Upgrade_Get_CRC_Data                0x08002733   Thumb Code    24  upgrade.o(i.arch_Upgrade_Get_CRC_Data)
    arch_Upgrade_Set_Buf_Type                0x0800274b   Thumb Code    32  upgrade.o(i.arch_Upgrade_Set_Buf_Type)
    arch_Upgrade_Set_Burn                    0x0800276d   Thumb Code    18  upgrade.o(i.arch_Upgrade_Set_Burn)
    arch_Upgrade_Set_Burn_Size               0x08002785   Thumb Code    14  upgrade.o(i.arch_Upgrade_Set_Burn_Size)
    arch_Upgrade_Set_CRC_Data                0x08002793   Thumb Code    18  upgrade.o(i.arch_Upgrade_Set_CRC_Data)
    arch_Upgrade_Set_Receive                 0x080027a5   Thumb Code    18  upgrade.o(i.arch_Upgrade_Set_Receive)
    arch_Upgrade_is_Burn                     0x080027bd   Thumb Code    28  upgrade.o(i.arch_Upgrade_is_Burn)
    arch_Upgrade_is_Start                    0x080027dd   Thumb Code    28  upgrade.o(i.arch_Upgrade_is_Start)
    arch_Uprade_get_App_Start_add            0x080027fd   Thumb Code     4  upgrade.o(i.arch_Uprade_get_App_Start_add)
    arch_Uprade_get_Data_Start_add           0x08002805   Thumb Code     4  upgrade.o(i.arch_Uprade_get_Data_Start_add)
    arch_YARNEMF_AllClear                    0x0800280d   Thumb Code    86  arch_stm32.o(i.arch_YARNEMF_AllClear)
    arch_crc_ok                              0x0800286d   Thumb Code    46  upgrade.o(i.arch_crc_ok)
    arch_have_crc_flag                       0x0800289d   Thumb Code    18  upgrade.o(i.arch_have_crc_flag)
    arch_init                                0x080028b5   Thumb Code   240  arch_stm32.o(i.arch_init)
    delay                                    0x08002a01   Thumb Code    18  boot.o(i.delay)
    delayus                                  0x08002a13   Thumb Code    20  arch_stm32.o(i.delayus)
    fmc_init                                 0x08002a29   Thumb Code    90  upgrade.o(i.fmc_init)
    fmc_program                              0x08002aa5   Thumb Code   190  upgrade.o(i.fmc_program)
    fmc_start_addr                           0x08002b7d   Thumb Code    20  upgrade.o(i.fmc_start_addr)
    hook_EXTI_isr                            0x08002b99   Thumb Code     2  arch_stm32.o(i.hook_EXTI_isr)
    hook_UART1_isr                           0x08002b9d   Thumb Code    40  uart.o(i.hook_UART1_isr)
    main                                     0x08002bc9   Thumb Code  1450  boot.o(i.main)
    myprint                                  0x08003235   Thumb Code   468  dprintf.o(i.myprint)
    myprintf                                 0x080034a1   Thumb Code    34  dprintf.o(i.myprintf)
    uart_rxhandler                           0x08003671   Thumb Code    48  uart.o(i.uart_rxhandler)
    Region$$Table$$Base                      0x080036ac   Number         0  anon$$obj.o(Region$$Table)
    Region$$Table$$Limit                     0x080036cc   Number         0  anon$$obj.o(Region$$Table)
    printf_disable                           0x20000000   Data           4  dprintf.o(.data)
    DataVar                                  0x20000004   Data           2  eeprom.o(.data)
    can_receive_count                        0x20000008   Data           4  can.o(.data)
    led_status                               0x2000000c   Data           1  arch_stm32.o(.data)
    led_disable                              0x2000000d   Data           1  arch_stm32.o(.data)
    led_delay                                0x20000010   Data           4  arch_stm32.o(.data)
    led_delay_setup                          0x20000014   Data           4  arch_stm32.o(.data)
    wait_time_ms                             0x20000018   Data           4  arch_stm32.o(.data)
    wait_time_us                             0x2000001c   Data           4  arch_stm32.o(.data)
    arch_mode                                0x20000020   Data           4  arch_stm32.o(.data)
    arch_board_id                            0x20000024   Data           4  arch_stm32.o(.data)
    last_app_ver                             0x20000028   Data           2  arch_stm32.o(.data)
    Test_arg_EMF_clear_Time                  0x2000002a   Data           3  arch_stm32.o(.data)
    cpld_name                                0x2000002e   Data           2  arch_stm32.o(.data)
    cpld_ver                                 0x20000030   Data           2  arch_stm32.o(.data)
    cpld_expID                               0x20000032   Data           2  arch_stm32.o(.data)
    DC24N_ALARM_set                          0x20000034   Data           4  arch_stm32.o(.data)
    DC24P_ALARM_set                          0x20000038   Data           4  arch_stm32.o(.data)
    SYS_is_PowerOn                           0x2000003c   Data           1  arch_stm32.o(.data)
    Jump_To                                  0x20000040   Data           4  arch_stm32.o(.data)
    JumpAddress                              0x20000044   Data           4  arch_stm32.o(.data)
    fmc_start_address                        0x20000048   Data           4  upgrade.o(.data)
    fmc_start_sector                         0x2000004c   Data           4  upgrade.o(.data)
    fmc_start_sector_no                      0x20000050   Data           4  upgrade.o(.data)
    fmc_offset                               0x20000054   Data           4  upgrade.o(.data)
    fmc_sector_size                          0x20000058   Data           4  upgrade.o(.data)
    fmc_err_count                            0x2000005c   Data           4  upgrade.o(.data)
    Data_Count                               0x20000060   Data           4  boot.o(.data)
    Yarn_use_Step                            0x20000064   Data           1  boot.o(.data)
    TZ_use_Step                              0x20000065   Data           1  boot.o(.data)
    SK_use_Step                              0x20000066   Data           1  boot.o(.data)
    ms01_loop_cnt                            0x20000068   Data           4  boot.o(.data)
    Flash_next_do                            0x2000006c   Data           4  stm32f2xx_flash.o(.data)
    print_buf                                0x20000080   Data          64  dprintf.o(.bss)
    VirtAddVarTab                            0x200000d2   Data         200  eeprom.o(.bss)
    RxMessage                                0x2000019c   Data          20  can.o(.bss)
    Buff                                     0x200001b0   Data        8192  boot.o(.bss)
    __initial_sp                             0x200029b0   Data           0  startup_stm32f2xx.o(STACK)
    BootVer                                  0x2001f000   Data          20  boot.o(.ARM.__AT_0x2001F000)



==============================================================================

Memory Map of the image

  Image Entry point : 0x08000185

  Load Region LR_IROM1 (Base: 0x08000000, Size: 0x0000374c, Max: 0x00020000, ABSOLUTE)

    Execution Region ER_IROM1 (Exec base: 0x08000000, Load base: 0x08000000, Size: 0x000036cc, Max: 0x00020000, ABSOLUTE)

    Exec Addr    Load Addr    Size         Type   Attr      Idx    E Section Name        Object

    0x08000000   0x08000000   0x00000184   Data   RO         5546    RESET               startup_stm32f2xx.o
    0x08000184   0x08000184   0x00000000   Code   RO         5551  * .ARM.Collect$$$$00000000  mc_w.l(entry.o)
    0x08000184   0x08000184   0x00000004   Code   RO         5825    .ARM.Collect$$$$00000001  mc_w.l(entry2.o)
    0x08000188   0x08000188   0x00000004   Code   RO         5828    .ARM.Collect$$$$00000004  mc_w.l(entry5.o)
    0x0800018c   0x0800018c   0x00000000   Code   RO         5830    .ARM.Collect$$$$00000008  mc_w.l(entry7b.o)
    0x0800018c   0x0800018c   0x00000000   Code   RO         5832    .ARM.Collect$$$$0000000A  mc_w.l(entry8b.o)
    0x0800018c   0x0800018c   0x00000008   Code   RO         5833    .ARM.Collect$$$$0000000B  mc_w.l(entry9a.o)
    0x08000194   0x08000194   0x00000000   Code   RO         5835    .ARM.Collect$$$$0000000D  mc_w.l(entry10a.o)
    0x08000194   0x08000194   0x00000000   Code   RO         5837    .ARM.Collect$$$$0000000F  mc_w.l(entry11a.o)
    0x08000194   0x08000194   0x00000004   Code   RO         5826    .ARM.Collect$$$$00002712  mc_w.l(entry2.o)
    0x08000198   0x08000198   0x00000024   Code   RO         5547    .text               startup_stm32f2xx.o
    0x080001bc   0x080001bc   0x0000000e   Code   RO         5554    .text               mc_w.l(strlen.o)
    0x080001ca   0x080001ca   0x000000b0   Code   RO         5817    .text               mf_w.l(fadd.o)
    0x0800027a   0x0800027a   0x00000064   Code   RO         5819    .text               mf_w.l(fmul.o)
    0x080002de   0x080002de   0x00000012   Code   RO         5821    .text               mf_w.l(fflti.o)
    0x080002f0   0x080002f0   0x00000032   Code   RO         5823    .text               mf_w.l(ffixi.o)
    0x08000322   0x08000322   0x00000000   Code   RO         5844    .text               mc_w.l(iusefp.o)
    0x08000322   0x08000322   0x0000006e   Code   RO         5845    .text               mf_w.l(fepilogue.o)
    0x08000390   0x08000390   0x00000024   Code   RO         5857    .text               mc_w.l(init.o)
    0x080003b4   0x080003b4   0x00000002   Code   RO          533    i.ADC_IRQHandler    stm32f2xx_it.o
    0x080003b6   0x080003b6   0x00000022   Code   RO         1398    i.Alert_Send        boot.o
    0x080003d8   0x080003d8   0x00000004   Code   RO          534    i.BusFault_Handler  stm32f2xx_it.o
    0x080003dc   0x080003dc   0x00000044   Code   RO          477    i.CAN0_Receive      can.o
    0x08000420   0x08000420   0x00000002   Code   RO          535    i.CAN1_RX0_IRQHandler  stm32f2xx_it.o
    0x08000422   0x08000422   0x00000002   Code   RO          536    i.CAN1_RX1_IRQHandler  stm32f2xx_it.o
    0x08000424   0x08000424   0x00000002   Code   RO          537    i.CAN1_SCE_IRQHandler  stm32f2xx_it.o
    0x08000426   0x08000426   0x00000002   Code   RO          538    i.CAN1_TX_IRQHandler  stm32f2xx_it.o
    0x08000428   0x08000428   0x000000cc   Code   RO          478    i.CAN_Configuration  can.o
    0x080004f4   0x080004f4   0x00000038   Code   RO         1756    i.CAN_DeInit        stm32f2xx_can.o
    0x0800052c   0x0800052c   0x00000108   Code   RO         1758    i.CAN_FilterInit    stm32f2xx_can.o
    0x08000634   0x08000634   0x00000012   Code   RO         1764    i.CAN_ITConfig      stm32f2xx_can.o
    0x08000646   0x08000646   0x00000114   Code   RO         1765    i.CAN_Init          stm32f2xx_can.o
    0x0800075a   0x0800075a   0x0000001e   Code   RO         1766    i.CAN_MessagePending  stm32f2xx_can.o
    0x08000778   0x08000778   0x000000a0   Code   RO         1768    i.CAN_Receive       stm32f2xx_can.o
    0x08000818   0x08000818   0x00000020   Code   RO         1772    i.CAN_StructInit    stm32f2xx_can.o
    0x08000838   0x08000838   0x00000126   Code   RO         1774    i.CAN_Transmit      stm32f2xx_can.o
    0x0800095e   0x0800095e   0x0000003a   Code   RO         1223    i.CRC16             upgrade.o
    0x08000998   0x08000998   0x00000002   Code   RO          539    i.DMA1_Stream0_IRQHandler  stm32f2xx_it.o
    0x0800099a   0x0800099a   0x00000002   Code   RO          540    i.DMA1_Stream1_IRQHandler  stm32f2xx_it.o
    0x0800099c   0x0800099c   0x00000002   Code   RO          541    i.DMA1_Stream2_IRQHandler  stm32f2xx_it.o
    0x0800099e   0x0800099e   0x00000002   Code   RO          542    i.DMA1_Stream3_IRQHandler  stm32f2xx_it.o
    0x080009a0   0x080009a0   0x00000002   Code   RO          543    i.DMA1_Stream4_IRQHandler  stm32f2xx_it.o
    0x080009a2   0x080009a2   0x00000002   Code   RO          544    i.DMA1_Stream5_IRQHandler  stm32f2xx_it.o
    0x080009a4   0x080009a4   0x00000002   Code   RO          545    i.DMA1_Stream6_IRQHandler  stm32f2xx_it.o
    0x080009a6   0x080009a6   0x00000002   Code   RO          546    i.DMA1_Stream7_IRQHandler  stm32f2xx_it.o
    0x080009a8   0x080009a8   0x00000002   Code   RO          547    i.DMA2_Stream0_IRQHandler  stm32f2xx_it.o
    0x080009aa   0x080009aa   0x00000002   Code   RO          548    i.DMA2_Stream1_IRQHandler  stm32f2xx_it.o
    0x080009ac   0x080009ac   0x00000002   Code   RO          549    i.DMA2_Stream2_IRQHandler  stm32f2xx_it.o
    0x080009ae   0x080009ae   0x00000002   Code   RO          550    i.DMA2_Stream3_IRQHandler  stm32f2xx_it.o
    0x080009b0   0x080009b0   0x00000002   Code   RO          551    i.DebugMon_Handler  stm32f2xx_it.o
    0x080009b2   0x080009b2   0x00000002   PAD
    0x080009b4   0x080009b4   0x00000058   Code   RO          398    i.EE_FindValidPage  eeprom.o
    0x08000a0c   0x08000a0c   0x00000050   Code   RO          399    i.EE_Format         eeprom.o
    0x08000a5c   0x08000a5c   0x00000240   Code   RO          400    i.EE_Init           eeprom.o
    0x08000c9c   0x08000c9c   0x00000100   Code   RO          401    i.EE_PageTransfer   eeprom.o
    0x08000d9c   0x08000d9c   0x00000044   Code   RO          402    i.EE_Read           eeprom.o
    0x08000de0   0x08000de0   0x00000074   Code   RO          403    i.EE_ReadVariable   eeprom.o
    0x08000e54   0x08000e54   0x00000098   Code   RO          404    i.EE_VerifyPageFullWriteVariable  eeprom.o
    0x08000eec   0x08000eec   0x00000064   Code   RO          405    i.EE_Write          eeprom.o
    0x08000f50   0x08000f50   0x00000024   Code   RO          406    i.EE_WriteVariable  eeprom.o
    0x08000f74   0x08000f74   0x00000008   Code   RO          552    i.EXTI0_IRQHandler  stm32f2xx_it.o
    0x08000f7c   0x08000f7c   0x00000008   Code   RO          553    i.EXTI15_10_IRQHandler  stm32f2xx_it.o
    0x08000f84   0x08000f84   0x00000008   Code   RO          554    i.EXTI1_IRQHandler  stm32f2xx_it.o
    0x08000f8c   0x08000f8c   0x00000002   Code   RO          555    i.EXTI2_IRQHandler  stm32f2xx_it.o
    0x08000f8e   0x08000f8e   0x00000002   Code   RO          556    i.EXTI3_IRQHandler  stm32f2xx_it.o
    0x08000f90   0x08000f90   0x00000002   Code   RO          557    i.EXTI4_IRQHandler  stm32f2xx_it.o
    0x08000f92   0x08000f92   0x00000008   Code   RO          558    i.EXTI9_5_IRQHandler  stm32f2xx_it.o
    0x08000f9a   0x08000f9a   0x00000020   Code   RO          970    i.Exec_check_app_last_ver  arch_stm32.o
    0x08000fba   0x08000fba   0x00000002   PAD
    0x08000fbc   0x08000fbc   0x0000000c   Code   RO         2669    i.FLASH_ClearFlag   stm32f2xx_flash.o
    0x08000fc8   0x08000fc8   0x000000a0   Code   RO         2673    i.FLASH_EraseSector  stm32f2xx_flash.o
    0x08001068   0x08001068   0x00000048   Code   RO         2675    i.FLASH_GetStatus   stm32f2xx_flash.o
    0x080010b0   0x080010b0   0x00000002   Code   RO          559    i.FLASH_IRQHandler  stm32f2xx_it.o
    0x080010b2   0x080010b2   0x00000002   PAD
    0x080010b4   0x080010b4   0x00000014   Code   RO         2679    i.FLASH_Lock        stm32f2xx_flash.o
    0x080010c8   0x080010c8   0x00000018   Code   RO         2682    i.FLASH_OB_GetRDP   stm32f2xx_flash.o
    0x080010e0   0x080010e0   0x00000020   Code   RO         2685    i.FLASH_OB_Launch   stm32f2xx_flash.o
    0x08001100   0x08001100   0x0000001c   Code   RO         2687    i.FLASH_OB_RDPConfig  stm32f2xx_flash.o
    0x0800111c   0x0800111c   0x00000024   Code   RO         2688    i.FLASH_OB_Unlock   stm32f2xx_flash.o
    0x08001140   0x08001140   0x00000024   Code   RO         2691    i.FLASH_PrefetchBufferCmd  stm32f2xx_flash.o
    0x08001164   0x08001164   0x00000064   Code   RO         2694    i.FLASH_ProgramHalfWord  stm32f2xx_flash.o
    0x080011c8   0x080011c8   0x0000000c   Code   RO         2696    i.FLASH_SetLatency  stm32f2xx_flash.o
    0x080011d4   0x080011d4   0x00000024   Code   RO         2697    i.FLASH_Unlock      stm32f2xx_flash.o
    0x080011f8   0x080011f8   0x00000022   Code   RO         2698    i.FLASH_WaitForLastOperation  stm32f2xx_flash.o
    0x0800121a   0x0800121a   0x00000002   Code   RO          560    i.FSMC_IRQHandler   stm32f2xx_it.o
    0x0800121c   0x0800121c   0x00000060   Code   RO          371    i.FSMC_Init         fsmc.o
    0x0800127c   0x0800127c   0x00000034   Code   RO         2881    i.FSMC_NORSRAMCmd   stm32f2xx_fsmc.o
    0x080012b0   0x080012b0   0x000000e6   Code   RO         2883    i.FSMC_NORSRAMInit  stm32f2xx_fsmc.o
    0x08001396   0x08001396   0x00000002   PAD
    0x08001398   0x08001398   0x000003f4   Code   RO          287    i.GPIO_Configuration  gpio.o
    0x0800178c   0x0800178c   0x00000080   Code   RO          290    i.GPIO_Configuration_default  gpio.o
    0x0800180c   0x0800180c   0x0000007c   Code   RO          291    i.GPIO_Configuration_powerctr  gpio.o
    0x08001888   0x08001888   0x00000090   Code   RO         3003    i.GPIO_Init         stm32f2xx_gpio.o
    0x08001918   0x08001918   0x00000046   Code   RO         3004    i.GPIO_PinAFConfig  stm32f2xx_gpio.o
    0x0800195e   0x0800195e   0x00000012   Code   RO         3007    i.GPIO_ReadInputDataBit  stm32f2xx_gpio.o
    0x08001970   0x08001970   0x00000004   Code   RO         3010    i.GPIO_ResetBits    stm32f2xx_gpio.o
    0x08001974   0x08001974   0x00000004   Code   RO         3011    i.GPIO_SetBits      stm32f2xx_gpio.o
    0x08001978   0x08001978   0x0000004c   Code   RO          971    i.Get_CPLD_Ver_E490  arch_stm32.o
    0x080019c4   0x080019c4   0x00000050   Code   RO          972    i.Get_Cpld_Name_Ver  arch_stm32.o
    0x08001a14   0x08001a14   0x00000028   Code   RO          973    i.Get_EXP_Board_E490  arch_stm32.o
    0x08001a3c   0x08001a3c   0x0000004a   Code   RO         1224    i.Get_Sector_address_with_SecNo  upgrade.o
    0x08001a86   0x08001a86   0x00000002   PAD
    0x08001a88   0x08001a88   0x00000070   Code   RO          974    i.GoApp             arch_stm32.o
    0x08001af8   0x08001af8   0x00000002   Code   RO          296    i.Gpio_cfg_yarn_    gpio.o
    0x08001afa   0x08001afa   0x00000004   Code   RO          561    i.HardFault_Handler  stm32f2xx_it.o
    0x08001afe   0x08001afe   0x00000002   Code   RO          562    i.I2C1_ER_IRQHandler  stm32f2xx_it.o
    0x08001b00   0x08001b00   0x00000002   Code   RO          563    i.I2C1_EV_IRQHandler  stm32f2xx_it.o
    0x08001b02   0x08001b02   0x00000002   Code   RO          564    i.I2C2_ER_IRQHandler  stm32f2xx_it.o
    0x08001b04   0x08001b04   0x00000002   Code   RO          565    i.I2C2_EV_IRQHandler  stm32f2xx_it.o
    0x08001b06   0x08001b06   0x00000022   Code   RO          975    i.Jtag_Security     arch_stm32.o
    0x08001b28   0x08001b28   0x00000004   Code   RO          566    i.MemManage_Handler  stm32f2xx_it.o
    0x08001b2c   0x08001b2c   0x00000022   Code   RO         1399    i.Message_Send_4halfword  boot.o
    0x08001b4e   0x08001b4e   0x00000004   Code   RO          567    i.NMI_Handler       stm32f2xx_it.o
    0x08001b52   0x08001b52   0x00000016   Code   RO          977    i.NVIC_Configuration  arch_stm32.o
    0x08001b68   0x08001b68   0x00000078   Code   RO         1448    i.NVIC_Init         misc.o
    0x08001be0   0x08001be0   0x00000014   Code   RO         1449    i.NVIC_PriorityGroupConfig  misc.o
    0x08001bf4   0x08001bf4   0x00000014   Code   RO         1450    i.NVIC_SetVectorTable  misc.o
    0x08001c08   0x08001c08   0x00000002   Code   RO          568    i.OTG_FS_WKUP_IRQHandler  stm32f2xx_it.o
    0x08001c0a   0x08001c0a   0x00000002   Code   RO          569    i.PVD_IRQHandler    stm32f2xx_it.o
    0x08001c0c   0x08001c0c   0x00000002   Code   RO          570    i.PendSV_Handler    stm32f2xx_it.o
    0x08001c0e   0x08001c0e   0x00000002   PAD
    0x08001c10   0x08001c10   0x00000020   Code   RO         3638    i.RCC_AHB1PeriphClockCmd  stm32f2xx_rcc.o
    0x08001c30   0x08001c30   0x00000020   Code   RO         3644    i.RCC_AHB3PeriphClockCmd  stm32f2xx_rcc.o
    0x08001c50   0x08001c50   0x00000020   Code   RO         3647    i.RCC_APB1PeriphClockCmd  stm32f2xx_rcc.o
    0x08001c70   0x08001c70   0x00000020   Code   RO         3649    i.RCC_APB1PeriphResetCmd  stm32f2xx_rcc.o
    0x08001c90   0x08001c90   0x00000020   Code   RO         3650    i.RCC_APB2PeriphClockCmd  stm32f2xx_rcc.o
    0x08001cb0   0x08001cb0   0x00000020   Code   RO         3652    i.RCC_APB2PeriphResetCmd  stm32f2xx_rcc.o
    0x08001cd0   0x08001cd0   0x00000074   Code   RO          978    i.RCC_Configuration  arch_stm32.o
    0x08001d44   0x08001d44   0x00000048   Code   RO         3658    i.RCC_DeInit        stm32f2xx_rcc.o
    0x08001d8c   0x08001d8c   0x000000e8   Code   RO         3659    i.RCC_GetClocksFreq  stm32f2xx_rcc.o
    0x08001e74   0x08001e74   0x00000040   Code   RO         3660    i.RCC_GetFlagStatus  stm32f2xx_rcc.o
    0x08001eb4   0x08001eb4   0x00000010   Code   RO         3662    i.RCC_GetSYSCLKSource  stm32f2xx_rcc.o
    0x08001ec4   0x08001ec4   0x00000018   Code   RO         3663    i.RCC_HCLKConfig    stm32f2xx_rcc.o
    0x08001edc   0x08001edc   0x00000010   Code   RO         3664    i.RCC_HSEConfig     stm32f2xx_rcc.o
    0x08001eec   0x08001eec   0x00000002   Code   RO          571    i.RCC_IRQHandler    stm32f2xx_it.o
    0x08001eee   0x08001eee   0x00000002   PAD
    0x08001ef0   0x08001ef0   0x00000018   Code   RO         3672    i.RCC_PCLK1Config   stm32f2xx_rcc.o
    0x08001f08   0x08001f08   0x00000018   Code   RO         3673    i.RCC_PCLK2Config   stm32f2xx_rcc.o
    0x08001f20   0x08001f20   0x0000000c   Code   RO         3674    i.RCC_PLLCmd        stm32f2xx_rcc.o
    0x08001f2c   0x08001f2c   0x00000024   Code   RO         3675    i.RCC_PLLConfig     stm32f2xx_rcc.o
    0x08001f50   0x08001f50   0x00000018   Code   RO         3680    i.RCC_SYSCLKConfig  stm32f2xx_rcc.o
    0x08001f68   0x08001f68   0x00000038   Code   RO         3681    i.RCC_WaitForHSEStartUp  stm32f2xx_rcc.o
    0x08001fa0   0x08001fa0   0x00000002   Code   RO          572    i.RTC_Alarm_IRQHandler  stm32f2xx_it.o
    0x08001fa2   0x08001fa2   0x00000002   Code   RO          573    i.RTC_WKUP_IRQHandler  stm32f2xx_it.o
    0x08001fa4   0x08001fa4   0x00000002   Code   RO          574    i.SDIO_IRQHandler   stm32f2xx_it.o
    0x08001fa6   0x08001fa6   0x00000002   Code   RO          575    i.SPI1_IRQHandler   stm32f2xx_it.o
    0x08001fa8   0x08001fa8   0x00000002   Code   RO          576    i.SPI2_IRQHandler   stm32f2xx_it.o
    0x08001faa   0x08001faa   0x00000002   Code   RO          577    i.SPI3_IRQHandler   stm32f2xx_it.o
    0x08001fac   0x08001fac   0x00000002   Code   RO          578    i.SVC_Handler       stm32f2xx_it.o
    0x08001fae   0x08001fae   0x0000000e   Code   RO         1400    i.SendMassage       boot.o
    0x08001fbc   0x08001fbc   0x000000cc   Code   RO         5506    i.SetSysClock       system_stm32f2xx.o
    0x08002088   0x08002088   0x00000002   Code   RO          579    i.SysTick_Handler   stm32f2xx_it.o
    0x0800208a   0x0800208a   0x00000002   PAD
    0x0800208c   0x0800208c   0x0000005c   Code   RO         5508    i.SystemInit        system_stm32f2xx.o
    0x080020e8   0x080020e8   0x00000002   Code   RO          580    i.TAMP_STAMP_IRQHandler  stm32f2xx_it.o
    0x080020ea   0x080020ea   0x00000002   Code   RO          581    i.TIM1_BRK_TIM9_IRQHandler  stm32f2xx_it.o
    0x080020ec   0x080020ec   0x00000002   Code   RO          582    i.TIM1_CC_IRQHandler  stm32f2xx_it.o
    0x080020ee   0x080020ee   0x00000002   Code   RO          583    i.TIM1_TRG_COM_TIM11_IRQHandler  stm32f2xx_it.o
    0x080020f0   0x080020f0   0x00000002   Code   RO          584    i.TIM1_UP_TIM10_IRQHandler  stm32f2xx_it.o
    0x080020f2   0x080020f2   0x00000002   Code   RO          585    i.TIM2_IRQHandler   stm32f2xx_it.o
    0x080020f4   0x080020f4   0x00000002   Code   RO          586    i.TIM3_IRQHandler   stm32f2xx_it.o
    0x080020f6   0x080020f6   0x00000002   Code   RO          587    i.TIM4_IRQHandler   stm32f2xx_it.o
    0x080020f8   0x080020f8   0x00000002   Code   RO          588    i.TIM5_IRQHandler   stm32f2xx_it.o
    0x080020fa   0x080020fa   0x00000002   Code   RO          589    i.TIM6_DAC_IRQHandler  stm32f2xx_it.o
    0x080020fc   0x080020fc   0x00000002   Code   RO          590    i.TIM7_IRQHandler   stm32f2xx_it.o
    0x080020fe   0x080020fe   0x00000002   Code   RO          591    i.TIM8_BRK_TIM12_IRQHandler  stm32f2xx_it.o
    0x08002100   0x08002100   0x00000002   Code   RO          592    i.TIM8_CC_IRQHandler  stm32f2xx_it.o
    0x08002102   0x08002102   0x00000002   Code   RO          593    i.TIM8_TRG_COM_TIM14_IRQHandler  stm32f2xx_it.o
    0x08002104   0x08002104   0x00000002   Code   RO          594    i.TIM8_UP_TIM13_IRQHandler  stm32f2xx_it.o
    0x08002106   0x08002106   0x00000002   Code   RO          595    i.UART4_IRQHandler  stm32f2xx_it.o
    0x08002108   0x08002108   0x00000002   Code   RO          596    i.UART5_IRQHandler  stm32f2xx_it.o
    0x0800210a   0x0800210a   0x00000008   Code   RO          597    i.USART1_IRQHandler  stm32f2xx_it.o
    0x08002112   0x08002112   0x00000002   Code   RO          598    i.USART2_IRQHandler  stm32f2xx_it.o
    0x08002114   0x08002114   0x00000002   Code   RO          599    i.USART3_IRQHandler  stm32f2xx_it.o
    0x08002116   0x08002116   0x0000001e   Code   RO         5249    i.USART_ClearITPendingBit  stm32f2xx_usart.o
    0x08002134   0x08002134   0x00000018   Code   RO         5252    i.USART_Cmd         stm32f2xx_usart.o
    0x0800214c   0x0800214c   0x00000068   Code   RO           79    i.USART_Configuration  uart.o
    0x080021b4   0x080021b4   0x000000b4   Code   RO         5254    i.USART_DeInit      stm32f2xx_usart.o
    0x08002268   0x08002268   0x0000001a   Code   RO         5255    i.USART_GetFlagStatus  stm32f2xx_usart.o
    0x08002282   0x08002282   0x00000054   Code   RO         5256    i.USART_GetITStatus  stm32f2xx_usart.o
    0x080022d6   0x080022d6   0x0000004a   Code   RO         5258    i.USART_ITConfig    stm32f2xx_usart.o
    0x08002320   0x08002320   0x000000d4   Code   RO         5259    i.USART_Init        stm32f2xx_usart.o
    0x080023f4   0x080023f4   0x00000020   Code   RO           81    i.USART_Out         uart.o
    0x08002414   0x08002414   0x0000000a   Code   RO         5266    i.USART_ReceiveData  stm32f2xx_usart.o
    0x0800241e   0x0800241e   0x00000008   Code   RO         5269    i.USART_SendData    stm32f2xx_usart.o
    0x08002426   0x08002426   0x00000018   Code   RO         5275    i.USART_StructInit  stm32f2xx_usart.o
    0x0800243e   0x0800243e   0x00000004   Code   RO          600    i.UsageFault_Handler  stm32f2xx_it.o
    0x08002442   0x08002442   0x00000002   Code   RO          601    i.WWDG_IRQHandler   stm32f2xx_it.o
    0x08002444   0x08002444   0x0000000e   Code   RO         5869    i.__scatterload_copy  mc_w.l(handlers.o)
    0x08002452   0x08002452   0x00000002   Code   RO         5870    i.__scatterload_null  mc_w.l(handlers.o)
    0x08002454   0x08002454   0x0000000e   Code   RO         5871    i.__scatterload_zeroinit  mc_w.l(handlers.o)
    0x08002462   0x08002462   0x0000003a   Code   RO          984    i.arch_8803_Reset   arch_stm32.o
    0x0800249c   0x0800249c   0x00000028   Code   RO          985    i.arch_ACTEMF_AllClear  arch_stm32.o
    0x080024c4   0x080024c4   0x00000044   Code   RO          986    i.arch_GetBoardID   arch_stm32.o
    0x08002508   0x08002508   0x00000028   Code   RO          987    i.arch_GetBoardID_E480  arch_stm32.o
    0x08002530   0x08002530   0x00000030   Code   RO          988    i.arch_Get_Board_Type  arch_stm32.o
    0x08002560   0x08002560   0x0000000c   Code   RO          989    i.arch_Get_ID       arch_stm32.o
    0x0800256c   0x0800256c   0x00000040   Code   RO          991    i.arch_Jacquard_AllClear  arch_stm32.o
    0x080025ac   0x080025ac   0x00000010   Code   RO          992    i.arch_LED_Off      arch_stm32.o
    0x080025bc   0x080025bc   0x00000010   Code   RO          993    i.arch_LED_On       arch_stm32.o
    0x080025cc   0x080025cc   0x0000000c   Code   RO          994    i.arch_LED_Setup    arch_stm32.o
    0x080025d8   0x080025d8   0x00000024   Code   RO          995    i.arch_Power_Off    arch_stm32.o
    0x080025fc   0x080025fc   0x00000068   Code   RO          481    i.arch_SendMessage  can.o
    0x08002664   0x08002664   0x00000018   Code   RO          997    i.arch_Set_CANID    arch_stm32.o
    0x0800267c   0x0800267c   0x00000054   Code   RO          998    i.arch_StepMotor_Disable  arch_stm32.o
    0x080026d0   0x080026d0   0x00000018   Code   RO         1226    i.arch_Upgrade_Finish  upgrade.o
    0x080026e8   0x080026e8   0x0000003a   Code   RO         1227    i.arch_Upgrade_Get_Buf_Type  upgrade.o
    0x08002722   0x08002722   0x00000010   Code   RO         1228    i.arch_Upgrade_Get_Burn_Size  upgrade.o
    0x08002732   0x08002732   0x00000018   Code   RO         1229    i.arch_Upgrade_Get_CRC_Data  upgrade.o
    0x0800274a   0x0800274a   0x00000020   Code   RO         1230    i.arch_Upgrade_Set_Buf_Type  upgrade.o
    0x0800276a   0x0800276a   0x00000002   PAD
    0x0800276c   0x0800276c   0x00000018   Code   RO         1231    i.arch_Upgrade_Set_Burn  upgrade.o
    0x08002784   0x08002784   0x0000000e   Code   RO         1232    i.arch_Upgrade_Set_Burn_Size  upgrade.o
    0x08002792   0x08002792   0x00000012   Code   RO         1233    i.arch_Upgrade_Set_CRC_Data  upgrade.o
    0x080027a4   0x080027a4   0x00000018   Code   RO         1234    i.arch_Upgrade_Set_Receive  upgrade.o
    0x080027bc   0x080027bc   0x00000020   Code   RO         1236    i.arch_Upgrade_is_Burn  upgrade.o
    0x080027dc   0x080027dc   0x00000020   Code   RO         1237    i.arch_Upgrade_is_Start  upgrade.o
    0x080027fc   0x080027fc   0x00000008   Code   RO         1238    i.arch_Uprade_get_App_Start_add  upgrade.o
    0x08002804   0x08002804   0x00000008   Code   RO         1239    i.arch_Uprade_get_Data_Start_add  upgrade.o
    0x0800280c   0x0800280c   0x00000060   Code   RO          999    i.arch_YARNEMF_AllClear  arch_stm32.o
    0x0800286c   0x0800286c   0x0000002e   Code   RO         1240    i.arch_crc_ok       upgrade.o
    0x0800289a   0x0800289a   0x00000002   PAD
    0x0800289c   0x0800289c   0x00000018   Code   RO         1241    i.arch_have_crc_flag  upgrade.o
    0x080028b4   0x080028b4   0x0000014c   Code   RO         1000    i.arch_init         arch_stm32.o
    0x08002a00   0x08002a00   0x00000012   Code   RO         1401    i.delay             boot.o
    0x08002a12   0x08002a12   0x00000014   Code   RO         1001    i.delayus           arch_stm32.o
    0x08002a26   0x08002a26   0x00000002   PAD
    0x08002a28   0x08002a28   0x0000007c   Code   RO         1244    i.fmc_init          upgrade.o
    0x08002aa4   0x08002aa4   0x000000d8   Code   RO         1245    i.fmc_program       upgrade.o
    0x08002b7c   0x08002b7c   0x0000001c   Code   RO         1247    i.fmc_start_addr    upgrade.o
    0x08002b98   0x08002b98   0x00000002   Code   RO         1002    i.hook_EXTI_isr     arch_stm32.o
    0x08002b9a   0x08002b9a   0x00000002   PAD
    0x08002b9c   0x08002b9c   0x0000002c   Code   RO           85    i.hook_UART1_isr    uart.o
    0x08002bc8   0x08002bc8   0x0000066c   Code   RO         1402    i.main              boot.o
    0x08003234   0x08003234   0x000001dc   Code   RO            2    i.myprint           dprintf.o
    0x08003410   0x08003410   0x00000074   Code   RO            3    i.myprintFloat      dprintf.o
    0x08003484   0x08003484   0x0000001c   Code   RO            4    i.myprintchar       dprintf.o
    0x080034a0   0x080034a0   0x00000028   Code   RO            5    i.myprintf          dprintf.o
    0x080034c8   0x080034c8   0x000000d0   Code   RO            6    i.myprinti          dprintf.o
    0x08003598   0x08003598   0x000000d8   Code   RO            7    i.myprints          dprintf.o
    0x08003670   0x08003670   0x00000034   Code   RO           91    i.uart_rxhandler    uart.o
    0x080036a4   0x080036a4   0x00000006   Data   RO         1405    .constdata          boot.o
    0x080036aa   0x080036aa   0x00000002   PAD
    0x080036ac   0x080036ac   0x00000020   Data   RO         5867    Region$$Table       anon$$obj.o


    Execution Region RW_IRAM1 (Exec base: 0x20000000, Load base: 0x080036cc, Size: 0x000029b0, Max: 0x0001f000, ABSOLUTE)

    Exec Addr    Load Addr    Size         Type   Attr      Idx    E Section Name        Object

    0x20000000   0x080036cc   0x00000004   Data   RW           11    .data               dprintf.o
    0x20000004   0x080036d0   0x00000002   Data   RW          408    .data               eeprom.o
    0x20000006   0x080036d2   0x00000002   PAD
    0x20000008   0x080036d4   0x00000004   Data   RW          483    .data               can.o
    0x2000000c   0x080036d8   0x0000003c   Data   RW         1006    .data               arch_stm32.o
    0x20000048   0x08003714   0x00000018   Data   RW         1248    .data               upgrade.o
    0x20000060   0x0800372c   0x0000000c   Data   RW         1406    .data               boot.o
    0x2000006c   0x08003738   0x00000004   Data   RW         2699    .data               stm32f2xx_flash.o
    0x20000070   0x0800373c   0x00000010   Data   RW         3682    .data               stm32f2xx_rcc.o
    0x20000080        -       0x00000040   Zero   RW           10    .bss                dprintf.o
    0x200000c0        -       0x00000012   Zero   RW           92    .bss                uart.o
    0x200000d2        -       0x000000c8   Zero   RW          407    .bss                eeprom.o
    0x2000019a   0x0800374c   0x00000002   PAD
    0x2000019c        -       0x00000014   Zero   RW          482    .bss                can.o
    0x200001b0        -       0x00002000   Zero   RW         1404    .bss                boot.o
    0x200021b0        -       0x00000800   Zero   RW         5544    STACK               startup_stm32f2xx.o


    Execution Region RW_IRAM2 (Exec base: 0x2001f000, Load base: 0x0800374c, Size: 0x00000014, Max: 0x00001000, ABSOLUTE, UNINIT)

    Exec Addr    Load Addr    Size         Type   Attr      Idx    E Section Name        Object

    0x2001f000        -       0x00000014   Zero   RW         1403    .ARM.__AT_0x2001F000  boot.o


==============================================================================

Image component sizes


      Code (inc. data)   RO Data    RW Data    ZI Data      Debug   Object Name

      1480        238          0         60          0      18879   arch_stm32.o
      1744        474          6         12       8212       5500   boot.o
       376         22          0          4         20       2932   can.o
      1084         24          0          4         64       7736   dprintf.o
      1472        104          0          2        200      11480   eeprom.o
        96          0          0          0          0        604   fsmc.o
      1266         70          0          0          0       2757   gpio.o
       160         32          0          0          0       2057   misc.o
        36          8        388          0       2048        832   startup_stm32f2xx.o
      1130         12          0          0          0       6011   stm32f2xx_can.o
       602         90          0          4          0       7945   stm32f2xx_flash.o
       282          6          0          0          0       1801   stm32f2xx_fsmc.o
       240          0          0          0          0       3435   stm32f2xx_gpio.o
       178          0          0          0          0      31941   stm32f2xx_it.o
       792        114          0         16          0      12094   stm32f2xx_rcc.o
       672         32          0          0          0       7121   stm32f2xx_usart.o
       296         30          0          0          0       1529   system_stm32f2xx.o
       232         18          0          0         18     260920   uart.o
       884        120          0         24          0      13930   upgrade.o

    ----------------------------------------------------------------------
     13046       1394        428        128      10564     399504   Object Totals
         0          0         32          0          0          0   (incl. Generated)
        24          0          2          2          2          0   (incl. Padding)

    ----------------------------------------------------------------------

      Code (inc. data)   RO Data    RW Data    ZI Data      Debug   Library Member Name

         0          0          0          0          0          0   entry.o
         0          0          0          0          0          0   entry10a.o
         0          0          0          0          0          0   entry11a.o
         8          4          0          0          0          0   entry2.o
         4          0          0          0          0          0   entry5.o
         0          0          0          0          0          0   entry7b.o
         0          0          0          0          0          0   entry8b.o
         8          4          0          0          0          0   entry9a.o
        30          0          0          0          0          0   handlers.o
        36          8          0          0          0         68   init.o
         0          0          0          0          0          0   iusefp.o
        14          0          0          0          0         68   strlen.o
       176          0          0          0          0        140   fadd.o
       110          0          0          0          0        168   fepilogue.o
        50          0          0          0          0         68   ffixi.o
        18          0          0          0          0         68   fflti.o
       100          0          0          0          0         76   fmul.o

    ----------------------------------------------------------------------
       554         16          0          0          0        656   Library Totals
         0          0          0          0          0          0   (incl. Padding)

    ----------------------------------------------------------------------

      Code (inc. data)   RO Data    RW Data    ZI Data      Debug   Library Name

       100         16          0          0          0        136   mc_w.l
       454          0          0          0          0        520   mf_w.l

    ----------------------------------------------------------------------
       554         16          0          0          0        656   Library Totals

    ----------------------------------------------------------------------

==============================================================================


      Code (inc. data)   RO Data    RW Data    ZI Data      Debug   

     13600       1410        428        128      10564     389704   Grand Totals
     13600       1410        428        128      10564     389704   ELF Image Totals
     13600       1410        428        128          0          0   ROM Totals

==============================================================================

    Total RO  Size (Code + RO Data)                14028 (  13.70kB)
    Total RW  Size (RW Data + ZI Data)             10692 (  10.44kB)
    Total ROM Size (Code + RO Data + RW Data)      14156 (  13.82kB)

==============================================================================

