<!doctype html public "-//w3c//dtd html 4.0 transitional//en">
<html><head>
<title>Static Call Graph - [.\Objects\E457_STM32F205.axf]</title></head>
<body><HR>
<H1>Static Call Graph for image .\Objects\E457_STM32F205.axf</H1><HR>
<BR><P>#&#060CALLGRAPH&#062# ARM Linker, 5060960: Last Updated: Mon Dec 05 09:34:31 2022
<BR><P>
<H3>Maximum Stack Usage =        808 bytes + Unknown(Cycles, Untraceable Function Pointers)</H3><H3>
Call chain for Maximum Stack Depth:</H3>
main &rArr; Command_loop &rArr; Command_exec_otherset &rArr; Upgrade_Boot &rArr; myprintf &rArr; myprint &rArr; myprintFloat &rArr; myprinti &rArr; myprints &rArr; myprintchar &rArr; USART_Out
<P>
<H3>
Mutually Recursive functions
</H3> <LI><a href="#[4a]">CAN2_RX0_IRQHandler</a>&nbsp;&nbsp;&nbsp;&rArr;&nbsp;&nbsp;&nbsp;<a href="#[4a]">CAN2_RX0_IRQHandler</a><BR>
</UL>
<P>
<H3>
Function Pointers
</H3><UL>
 <LI><a href="#[1c]">ADC_IRQHandler</a> from stm32f2xx_it.o(i.ADC_IRQHandler) referenced from startup_stm32f2xx.o(RESET)
 <LI><a href="#[4]">BusFault_Handler</a> from stm32f2xx_it.o(i.BusFault_Handler) referenced from startup_stm32f2xx.o(RESET)
 <LI><a href="#[1e]">CAN1_RX0_IRQHandler</a> from stm32f2xx_it.o(i.CAN1_RX0_IRQHandler) referenced from startup_stm32f2xx.o(RESET)
 <LI><a href="#[1f]">CAN1_RX1_IRQHandler</a> from stm32f2xx_it.o(i.CAN1_RX1_IRQHandler) referenced from startup_stm32f2xx.o(RESET)
 <LI><a href="#[20]">CAN1_SCE_IRQHandler</a> from stm32f2xx_it.o(i.CAN1_SCE_IRQHandler) referenced from startup_stm32f2xx.o(RESET)
 <LI><a href="#[1d]">CAN1_TX_IRQHandler</a> from stm32f2xx_it.o(i.CAN1_TX_IRQHandler) referenced from startup_stm32f2xx.o(RESET)
 <LI><a href="#[4a]">CAN2_RX0_IRQHandler</a> from startup_stm32f2xx.o(.text) referenced from startup_stm32f2xx.o(RESET)
 <LI><a href="#[4b]">CAN2_RX1_IRQHandler</a> from startup_stm32f2xx.o(.text) referenced from startup_stm32f2xx.o(RESET)
 <LI><a href="#[4c]">CAN2_SCE_IRQHandler</a> from startup_stm32f2xx.o(.text) referenced from startup_stm32f2xx.o(RESET)
 <LI><a href="#[49]">CAN2_TX_IRQHandler</a> from startup_stm32f2xx.o(.text) referenced from startup_stm32f2xx.o(RESET)
 <LI><a href="#[59]">CRYP_IRQHandler</a> from startup_stm32f2xx.o(.text) referenced from startup_stm32f2xx.o(RESET)
 <LI><a href="#[58]">DCMI_IRQHandler</a> from startup_stm32f2xx.o(.text) referenced from startup_stm32f2xx.o(RESET)
 <LI><a href="#[15]">DMA1_Stream0_IRQHandler</a> from stm32f2xx_it.o(i.DMA1_Stream0_IRQHandler) referenced from startup_stm32f2xx.o(RESET)
 <LI><a href="#[16]">DMA1_Stream1_IRQHandler</a> from stm32f2xx_it.o(i.DMA1_Stream1_IRQHandler) referenced from startup_stm32f2xx.o(RESET)
 <LI><a href="#[17]">DMA1_Stream2_IRQHandler</a> from stm32f2xx_it.o(i.DMA1_Stream2_IRQHandler) referenced from startup_stm32f2xx.o(RESET)
 <LI><a href="#[18]">DMA1_Stream3_IRQHandler</a> from stm32f2xx_it.o(i.DMA1_Stream3_IRQHandler) referenced from startup_stm32f2xx.o(RESET)
 <LI><a href="#[19]">DMA1_Stream4_IRQHandler</a> from stm32f2xx_it.o(i.DMA1_Stream4_IRQHandler) referenced from startup_stm32f2xx.o(RESET)
 <LI><a href="#[1a]">DMA1_Stream5_IRQHandler</a> from stm32f2xx_it.o(i.DMA1_Stream5_IRQHandler) referenced from startup_stm32f2xx.o(RESET)
 <LI><a href="#[1b]">DMA1_Stream6_IRQHandler</a> from stm32f2xx_it.o(i.DMA1_Stream6_IRQHandler) referenced from startup_stm32f2xx.o(RESET)
 <LI><a href="#[39]">DMA1_Stream7_IRQHandler</a> from stm32f2xx_it.o(i.DMA1_Stream7_IRQHandler) referenced from startup_stm32f2xx.o(RESET)
 <LI><a href="#[42]">DMA2_Stream0_IRQHandler</a> from stm32f2xx_it.o(i.DMA2_Stream0_IRQHandler) referenced from startup_stm32f2xx.o(RESET)
 <LI><a href="#[43]">DMA2_Stream1_IRQHandler</a> from stm32f2xx_it.o(i.DMA2_Stream1_IRQHandler) referenced from startup_stm32f2xx.o(RESET)
 <LI><a href="#[44]">DMA2_Stream2_IRQHandler</a> from stm32f2xx_it.o(i.DMA2_Stream2_IRQHandler) referenced from startup_stm32f2xx.o(RESET)
 <LI><a href="#[45]">DMA2_Stream3_IRQHandler</a> from stm32f2xx_it.o(i.DMA2_Stream3_IRQHandler) referenced from startup_stm32f2xx.o(RESET)
 <LI><a href="#[46]">DMA2_Stream4_IRQHandler</a> from startup_stm32f2xx.o(.text) referenced from startup_stm32f2xx.o(RESET)
 <LI><a href="#[4e]">DMA2_Stream5_IRQHandler</a> from startup_stm32f2xx.o(.text) referenced from startup_stm32f2xx.o(RESET)
 <LI><a href="#[4f]">DMA2_Stream6_IRQHandler</a> from startup_stm32f2xx.o(.text) referenced from startup_stm32f2xx.o(RESET)
 <LI><a href="#[50]">DMA2_Stream7_IRQHandler</a> from startup_stm32f2xx.o(.text) referenced from startup_stm32f2xx.o(RESET)
 <LI><a href="#[7]">DebugMon_Handler</a> from stm32f2xx_it.o(i.DebugMon_Handler) referenced from startup_stm32f2xx.o(RESET)
 <LI><a href="#[47]">ETH_IRQHandler</a> from startup_stm32f2xx.o(.text) referenced from startup_stm32f2xx.o(RESET)
 <LI><a href="#[48]">ETH_WKUP_IRQHandler</a> from startup_stm32f2xx.o(.text) referenced from startup_stm32f2xx.o(RESET)
 <LI><a href="#[10]">EXTI0_IRQHandler</a> from stm32f2xx_it.o(i.EXTI0_IRQHandler) referenced from startup_stm32f2xx.o(RESET)
 <LI><a href="#[32]">EXTI15_10_IRQHandler</a> from stm32f2xx_it.o(i.EXTI15_10_IRQHandler) referenced from startup_stm32f2xx.o(RESET)
 <LI><a href="#[11]">EXTI1_IRQHandler</a> from stm32f2xx_it.o(i.EXTI1_IRQHandler) referenced from startup_stm32f2xx.o(RESET)
 <LI><a href="#[12]">EXTI2_IRQHandler</a> from stm32f2xx_it.o(i.EXTI2_IRQHandler) referenced from startup_stm32f2xx.o(RESET)
 <LI><a href="#[13]">EXTI3_IRQHandler</a> from stm32f2xx_it.o(i.EXTI3_IRQHandler) referenced from startup_stm32f2xx.o(RESET)
 <LI><a href="#[14]">EXTI4_IRQHandler</a> from stm32f2xx_it.o(i.EXTI4_IRQHandler) referenced from startup_stm32f2xx.o(RESET)
 <LI><a href="#[21]">EXTI9_5_IRQHandler</a> from stm32f2xx_it.o(i.EXTI9_5_IRQHandler) referenced from startup_stm32f2xx.o(RESET)
 <LI><a href="#[e]">FLASH_IRQHandler</a> from stm32f2xx_it.o(i.FLASH_IRQHandler) referenced from startup_stm32f2xx.o(RESET)
 <LI><a href="#[3a]">FSMC_IRQHandler</a> from stm32f2xx_it.o(i.FSMC_IRQHandler) referenced from startup_stm32f2xx.o(RESET)
 <LI><a href="#[5a]">HASH_RNG_IRQHandler</a> from startup_stm32f2xx.o(.text) referenced from startup_stm32f2xx.o(RESET)
 <LI><a href="#[2]">HardFault_Handler</a> from stm32f2xx_it.o(i.HardFault_Handler) referenced from startup_stm32f2xx.o(RESET)
 <LI><a href="#[2a]">I2C1_ER_IRQHandler</a> from stm32f2xx_it.o(i.I2C1_ER_IRQHandler) referenced from startup_stm32f2xx.o(RESET)
 <LI><a href="#[29]">I2C1_EV_IRQHandler</a> from stm32f2xx_it.o(i.I2C1_EV_IRQHandler) referenced from startup_stm32f2xx.o(RESET)
 <LI><a href="#[2c]">I2C2_ER_IRQHandler</a> from stm32f2xx_it.o(i.I2C2_ER_IRQHandler) referenced from startup_stm32f2xx.o(RESET)
 <LI><a href="#[2b]">I2C2_EV_IRQHandler</a> from stm32f2xx_it.o(i.I2C2_EV_IRQHandler) referenced from startup_stm32f2xx.o(RESET)
 <LI><a href="#[53]">I2C3_ER_IRQHandler</a> from startup_stm32f2xx.o(.text) referenced from startup_stm32f2xx.o(RESET)
 <LI><a href="#[52]">I2C3_EV_IRQHandler</a> from startup_stm32f2xx.o(.text) referenced from startup_stm32f2xx.o(RESET)
 <LI><a href="#[3]">MemManage_Handler</a> from stm32f2xx_it.o(i.MemManage_Handler) referenced from startup_stm32f2xx.o(RESET)
 <LI><a href="#[1]">NMI_Handler</a> from stm32f2xx_it.o(i.NMI_Handler) referenced from startup_stm32f2xx.o(RESET)
 <LI><a href="#[4d]">OTG_FS_IRQHandler</a> from startup_stm32f2xx.o(.text) referenced from startup_stm32f2xx.o(RESET)
 <LI><a href="#[34]">OTG_FS_WKUP_IRQHandler</a> from stm32f2xx_it.o(i.OTG_FS_WKUP_IRQHandler) referenced from startup_stm32f2xx.o(RESET)
 <LI><a href="#[55]">OTG_HS_EP1_IN_IRQHandler</a> from startup_stm32f2xx.o(.text) referenced from startup_stm32f2xx.o(RESET)
 <LI><a href="#[54]">OTG_HS_EP1_OUT_IRQHandler</a> from startup_stm32f2xx.o(.text) referenced from startup_stm32f2xx.o(RESET)
 <LI><a href="#[57]">OTG_HS_IRQHandler</a> from startup_stm32f2xx.o(.text) referenced from startup_stm32f2xx.o(RESET)
 <LI><a href="#[56]">OTG_HS_WKUP_IRQHandler</a> from startup_stm32f2xx.o(.text) referenced from startup_stm32f2xx.o(RESET)
 <LI><a href="#[b]">PVD_IRQHandler</a> from stm32f2xx_it.o(i.PVD_IRQHandler) referenced from startup_stm32f2xx.o(RESET)
 <LI><a href="#[8]">PendSV_Handler</a> from stm32f2xx_it.o(i.PendSV_Handler) referenced from startup_stm32f2xx.o(RESET)
 <LI><a href="#[f]">RCC_IRQHandler</a> from stm32f2xx_it.o(i.RCC_IRQHandler) referenced from startup_stm32f2xx.o(RESET)
 <LI><a href="#[33]">RTC_Alarm_IRQHandler</a> from stm32f2xx_it.o(i.RTC_Alarm_IRQHandler) referenced from startup_stm32f2xx.o(RESET)
 <LI><a href="#[d]">RTC_WKUP_IRQHandler</a> from stm32f2xx_it.o(i.RTC_WKUP_IRQHandler) referenced from startup_stm32f2xx.o(RESET)
 <LI><a href="#[0]">Reset_Handler</a> from startup_stm32f2xx.o(.text) referenced from startup_stm32f2xx.o(RESET)
 <LI><a href="#[3b]">SDIO_IRQHandler</a> from stm32f2xx_it.o(i.SDIO_IRQHandler) referenced from startup_stm32f2xx.o(RESET)
 <LI><a href="#[2d]">SPI1_IRQHandler</a> from stm32f2xx_it.o(i.SPI1_IRQHandler) referenced from startup_stm32f2xx.o(RESET)
 <LI><a href="#[2e]">SPI2_IRQHandler</a> from stm32f2xx_it.o(i.SPI2_IRQHandler) referenced from startup_stm32f2xx.o(RESET)
 <LI><a href="#[3d]">SPI3_IRQHandler</a> from stm32f2xx_it.o(i.SPI3_IRQHandler) referenced from startup_stm32f2xx.o(RESET)
 <LI><a href="#[6]">SVC_Handler</a> from stm32f2xx_it.o(i.SVC_Handler) referenced from startup_stm32f2xx.o(RESET)
 <LI><a href="#[9]">SysTick_Handler</a> from stm32f2xx_it.o(i.SysTick_Handler) referenced from startup_stm32f2xx.o(RESET)
 <LI><a href="#[5c]">SystemInit</a> from system_stm32f2xx.o(i.SystemInit) referenced from startup_stm32f2xx.o(.text)
 <LI><a href="#[c]">TAMP_STAMP_IRQHandler</a> from stm32f2xx_it.o(i.TAMP_STAMP_IRQHandler) referenced from startup_stm32f2xx.o(RESET)
 <LI><a href="#[22]">TIM1_BRK_TIM9_IRQHandler</a> from stm32f2xx_it.o(i.TIM1_BRK_TIM9_IRQHandler) referenced from startup_stm32f2xx.o(RESET)
 <LI><a href="#[25]">TIM1_CC_IRQHandler</a> from stm32f2xx_it.o(i.TIM1_CC_IRQHandler) referenced from startup_stm32f2xx.o(RESET)
 <LI><a href="#[24]">TIM1_TRG_COM_TIM11_IRQHandler</a> from stm32f2xx_it.o(i.TIM1_TRG_COM_TIM11_IRQHandler) referenced from startup_stm32f2xx.o(RESET)
 <LI><a href="#[23]">TIM1_UP_TIM10_IRQHandler</a> from stm32f2xx_it.o(i.TIM1_UP_TIM10_IRQHandler) referenced from startup_stm32f2xx.o(RESET)
 <LI><a href="#[26]">TIM2_IRQHandler</a> from stm32f2xx_it.o(i.TIM2_IRQHandler) referenced from startup_stm32f2xx.o(RESET)
 <LI><a href="#[27]">TIM3_IRQHandler</a> from stm32f2xx_it.o(i.TIM3_IRQHandler) referenced from startup_stm32f2xx.o(RESET)
 <LI><a href="#[28]">TIM4_IRQHandler</a> from stm32f2xx_it.o(i.TIM4_IRQHandler) referenced from startup_stm32f2xx.o(RESET)
 <LI><a href="#[3c]">TIM5_IRQHandler</a> from stm32f2xx_it.o(i.TIM5_IRQHandler) referenced from startup_stm32f2xx.o(RESET)
 <LI><a href="#[40]">TIM6_DAC_IRQHandler</a> from stm32f2xx_it.o(i.TIM6_DAC_IRQHandler) referenced from startup_stm32f2xx.o(RESET)
 <LI><a href="#[41]">TIM7_IRQHandler</a> from stm32f2xx_it.o(i.TIM7_IRQHandler) referenced from startup_stm32f2xx.o(RESET)
 <LI><a href="#[35]">TIM8_BRK_TIM12_IRQHandler</a> from stm32f2xx_it.o(i.TIM8_BRK_TIM12_IRQHandler) referenced from startup_stm32f2xx.o(RESET)
 <LI><a href="#[38]">TIM8_CC_IRQHandler</a> from stm32f2xx_it.o(i.TIM8_CC_IRQHandler) referenced from startup_stm32f2xx.o(RESET)
 <LI><a href="#[37]">TIM8_TRG_COM_TIM14_IRQHandler</a> from stm32f2xx_it.o(i.TIM8_TRG_COM_TIM14_IRQHandler) referenced from startup_stm32f2xx.o(RESET)
 <LI><a href="#[36]">TIM8_UP_TIM13_IRQHandler</a> from stm32f2xx_it.o(i.TIM8_UP_TIM13_IRQHandler) referenced from startup_stm32f2xx.o(RESET)
 <LI><a href="#[3e]">UART4_IRQHandler</a> from stm32f2xx_it.o(i.UART4_IRQHandler) referenced from startup_stm32f2xx.o(RESET)
 <LI><a href="#[3f]">UART5_IRQHandler</a> from stm32f2xx_it.o(i.UART5_IRQHandler) referenced from startup_stm32f2xx.o(RESET)
 <LI><a href="#[2f]">USART1_IRQHandler</a> from stm32f2xx_it.o(i.USART1_IRQHandler) referenced from startup_stm32f2xx.o(RESET)
 <LI><a href="#[30]">USART2_IRQHandler</a> from stm32f2xx_it.o(i.USART2_IRQHandler) referenced from startup_stm32f2xx.o(RESET)
 <LI><a href="#[31]">USART3_IRQHandler</a> from stm32f2xx_it.o(i.USART3_IRQHandler) referenced from startup_stm32f2xx.o(RESET)
 <LI><a href="#[51]">USART6_IRQHandler</a> from startup_stm32f2xx.o(.text) referenced from startup_stm32f2xx.o(RESET)
 <LI><a href="#[5]">UsageFault_Handler</a> from stm32f2xx_it.o(i.UsageFault_Handler) referenced from startup_stm32f2xx.o(RESET)
 <LI><a href="#[a]">WWDG_IRQHandler</a> from stm32f2xx_it.o(i.WWDG_IRQHandler) referenced from startup_stm32f2xx.o(RESET)
 <LI><a href="#[5d]">__main</a> from entry.o(.ARM.Collect$$$$00000000) referenced from startup_stm32f2xx.o(.text)
 <LI><a href="#[5e]">fputc</a> from uart.o(i.fputc) referenced from printf5.o(i.__0printf$5)
 <LI><a href="#[5b]">main</a> from main.o(i.main) referenced from entry9a.o(.ARM.Collect$$$$0000000B)
</UL>
<P>
<H3>
Global Symbols
</H3>
<P><STRONG><a name="[5d]"></a>__main</STRONG> (Thumb, 0 bytes, Stack size unknown bytes, entry.o(.ARM.Collect$$$$00000000))
<BR>[Address Reference Count : 1]<UL><LI> startup_stm32f2xx.o(.text)
</UL>
<P><STRONG><a name="[3ac]"></a>_main_stk</STRONG> (Thumb, 0 bytes, Stack size unknown bytes, entry2.o(.ARM.Collect$$$$00000001))

<P><STRONG><a name="[5f]"></a>_main_scatterload</STRONG> (Thumb, 0 bytes, Stack size unknown bytes, entry5.o(.ARM.Collect$$$$00000004))
<BR><BR>[Calls]<UL><LI><a href="#[60]">&gt;&gt;</a>&nbsp;&nbsp;&nbsp;__scatterload
</UL>

<P><STRONG><a name="[77]"></a>__main_after_scatterload</STRONG> (Thumb, 0 bytes, Stack size unknown bytes, entry5.o(.ARM.Collect$$$$00000004))
<BR><BR>[Called By]<UL><LI><a href="#[60]">&gt;&gt;</a>&nbsp;&nbsp;&nbsp;__scatterload
</UL>

<P><STRONG><a name="[3ad]"></a>_main_clock</STRONG> (Thumb, 0 bytes, Stack size unknown bytes, entry7b.o(.ARM.Collect$$$$00000008))

<P><STRONG><a name="[3ae]"></a>_main_cpp_init</STRONG> (Thumb, 0 bytes, Stack size unknown bytes, entry8b.o(.ARM.Collect$$$$0000000A))

<P><STRONG><a name="[3af]"></a>_main_init</STRONG> (Thumb, 0 bytes, Stack size unknown bytes, entry9a.o(.ARM.Collect$$$$0000000B))

<P><STRONG><a name="[3b0]"></a>__rt_lib_shutdown_fini</STRONG> (Thumb, 0 bytes, Stack size unknown bytes, entry12b.o(.ARM.Collect$$$$0000000E))

<P><STRONG><a name="[3b1]"></a>__rt_final_cpp</STRONG> (Thumb, 0 bytes, Stack size unknown bytes, entry10a.o(.ARM.Collect$$$$0000000F))

<P><STRONG><a name="[3b2]"></a>__rt_final_exit</STRONG> (Thumb, 0 bytes, Stack size unknown bytes, entry11a.o(.ARM.Collect$$$$00000011))

<P><STRONG><a name="[0]"></a>Reset_Handler</STRONG> (Thumb, 8 bytes, Stack size 0 bytes, startup_stm32f2xx.o(.text))
<BR>[Address Reference Count : 1]<UL><LI> startup_stm32f2xx.o(RESET)
</UL>
<P><STRONG><a name="[4a]"></a>CAN2_RX0_IRQHandler</STRONG> (Thumb, 0 bytes, Stack size 0 bytes, startup_stm32f2xx.o(.text))
<BR><BR>[Calls]<UL><LI><a href="#[4a]">&gt;&gt;</a>&nbsp;&nbsp;&nbsp;CAN2_RX0_IRQHandler
</UL>
<BR>[Called By]<UL><LI><a href="#[4a]">&gt;&gt;</a>&nbsp;&nbsp;&nbsp;CAN2_RX0_IRQHandler
</UL>
<BR>[Address Reference Count : 1]<UL><LI> startup_stm32f2xx.o(RESET)
</UL>
<P><STRONG><a name="[4b]"></a>CAN2_RX1_IRQHandler</STRONG> (Thumb, 0 bytes, Stack size 0 bytes, startup_stm32f2xx.o(.text))
<BR>[Address Reference Count : 1]<UL><LI> startup_stm32f2xx.o(RESET)
</UL>
<P><STRONG><a name="[4c]"></a>CAN2_SCE_IRQHandler</STRONG> (Thumb, 0 bytes, Stack size 0 bytes, startup_stm32f2xx.o(.text))
<BR>[Address Reference Count : 1]<UL><LI> startup_stm32f2xx.o(RESET)
</UL>
<P><STRONG><a name="[49]"></a>CAN2_TX_IRQHandler</STRONG> (Thumb, 0 bytes, Stack size 0 bytes, startup_stm32f2xx.o(.text))
<BR>[Address Reference Count : 1]<UL><LI> startup_stm32f2xx.o(RESET)
</UL>
<P><STRONG><a name="[59]"></a>CRYP_IRQHandler</STRONG> (Thumb, 0 bytes, Stack size 0 bytes, startup_stm32f2xx.o(.text))
<BR>[Address Reference Count : 1]<UL><LI> startup_stm32f2xx.o(RESET)
</UL>
<P><STRONG><a name="[58]"></a>DCMI_IRQHandler</STRONG> (Thumb, 0 bytes, Stack size 0 bytes, startup_stm32f2xx.o(.text))
<BR>[Address Reference Count : 1]<UL><LI> startup_stm32f2xx.o(RESET)
</UL>
<P><STRONG><a name="[46]"></a>DMA2_Stream4_IRQHandler</STRONG> (Thumb, 0 bytes, Stack size 0 bytes, startup_stm32f2xx.o(.text))
<BR>[Address Reference Count : 1]<UL><LI> startup_stm32f2xx.o(RESET)
</UL>
<P><STRONG><a name="[4e]"></a>DMA2_Stream5_IRQHandler</STRONG> (Thumb, 0 bytes, Stack size 0 bytes, startup_stm32f2xx.o(.text))
<BR>[Address Reference Count : 1]<UL><LI> startup_stm32f2xx.o(RESET)
</UL>
<P><STRONG><a name="[4f]"></a>DMA2_Stream6_IRQHandler</STRONG> (Thumb, 0 bytes, Stack size 0 bytes, startup_stm32f2xx.o(.text))
<BR>[Address Reference Count : 1]<UL><LI> startup_stm32f2xx.o(RESET)
</UL>
<P><STRONG><a name="[50]"></a>DMA2_Stream7_IRQHandler</STRONG> (Thumb, 0 bytes, Stack size 0 bytes, startup_stm32f2xx.o(.text))
<BR>[Address Reference Count : 1]<UL><LI> startup_stm32f2xx.o(RESET)
</UL>
<P><STRONG><a name="[47]"></a>ETH_IRQHandler</STRONG> (Thumb, 0 bytes, Stack size 0 bytes, startup_stm32f2xx.o(.text))
<BR>[Address Reference Count : 1]<UL><LI> startup_stm32f2xx.o(RESET)
</UL>
<P><STRONG><a name="[48]"></a>ETH_WKUP_IRQHandler</STRONG> (Thumb, 0 bytes, Stack size 0 bytes, startup_stm32f2xx.o(.text))
<BR>[Address Reference Count : 1]<UL><LI> startup_stm32f2xx.o(RESET)
</UL>
<P><STRONG><a name="[5a]"></a>HASH_RNG_IRQHandler</STRONG> (Thumb, 0 bytes, Stack size 0 bytes, startup_stm32f2xx.o(.text))
<BR>[Address Reference Count : 1]<UL><LI> startup_stm32f2xx.o(RESET)
</UL>
<P><STRONG><a name="[53]"></a>I2C3_ER_IRQHandler</STRONG> (Thumb, 0 bytes, Stack size 0 bytes, startup_stm32f2xx.o(.text))
<BR>[Address Reference Count : 1]<UL><LI> startup_stm32f2xx.o(RESET)
</UL>
<P><STRONG><a name="[52]"></a>I2C3_EV_IRQHandler</STRONG> (Thumb, 0 bytes, Stack size 0 bytes, startup_stm32f2xx.o(.text))
<BR>[Address Reference Count : 1]<UL><LI> startup_stm32f2xx.o(RESET)
</UL>
<P><STRONG><a name="[4d]"></a>OTG_FS_IRQHandler</STRONG> (Thumb, 0 bytes, Stack size 0 bytes, startup_stm32f2xx.o(.text))
<BR>[Address Reference Count : 1]<UL><LI> startup_stm32f2xx.o(RESET)
</UL>
<P><STRONG><a name="[55]"></a>OTG_HS_EP1_IN_IRQHandler</STRONG> (Thumb, 0 bytes, Stack size 0 bytes, startup_stm32f2xx.o(.text))
<BR>[Address Reference Count : 1]<UL><LI> startup_stm32f2xx.o(RESET)
</UL>
<P><STRONG><a name="[54]"></a>OTG_HS_EP1_OUT_IRQHandler</STRONG> (Thumb, 0 bytes, Stack size 0 bytes, startup_stm32f2xx.o(.text))
<BR>[Address Reference Count : 1]<UL><LI> startup_stm32f2xx.o(RESET)
</UL>
<P><STRONG><a name="[57]"></a>OTG_HS_IRQHandler</STRONG> (Thumb, 0 bytes, Stack size 0 bytes, startup_stm32f2xx.o(.text))
<BR>[Address Reference Count : 1]<UL><LI> startup_stm32f2xx.o(RESET)
</UL>
<P><STRONG><a name="[56]"></a>OTG_HS_WKUP_IRQHandler</STRONG> (Thumb, 0 bytes, Stack size 0 bytes, startup_stm32f2xx.o(.text))
<BR>[Address Reference Count : 1]<UL><LI> startup_stm32f2xx.o(RESET)
</UL>
<P><STRONG><a name="[51]"></a>USART6_IRQHandler</STRONG> (Thumb, 0 bytes, Stack size 0 bytes, startup_stm32f2xx.o(.text))
<BR>[Address Reference Count : 1]<UL><LI> startup_stm32f2xx.o(RESET)
</UL>
<P><STRONG><a name="[200]"></a>__aeabi_memcpy</STRONG> (Thumb, 36 bytes, Stack size 0 bytes, memcpya.o(.text))
<BR><BR>[Called By]<UL><LI><a href="#[349]">&gt;&gt;</a>&nbsp;&nbsp;&nbsp;can_SendMessage
<LI><a href="#[238]">&gt;&gt;</a>&nbsp;&nbsp;&nbsp;Message_TX_Push
<LI><a href="#[131]">&gt;&gt;</a>&nbsp;&nbsp;&nbsp;Exec_write_main_id_to_flash
</UL>

<P><STRONG><a name="[3b3]"></a>__aeabi_memcpy4</STRONG> (Thumb, 0 bytes, Stack size 0 bytes, memcpya.o(.text), UNUSED)

<P><STRONG><a name="[3b4]"></a>__aeabi_memcpy8</STRONG> (Thumb, 0 bytes, Stack size 0 bytes, memcpya.o(.text), UNUSED)

<P><STRONG><a name="[39d]"></a>strlen</STRONG> (Thumb, 14 bytes, Stack size 0 bytes, strlen.o(.text))
<BR><BR>[Called By]<UL><LI><a href="#[397]">&gt;&gt;</a>&nbsp;&nbsp;&nbsp;myprints
</UL>

<P><STRONG><a name="[3b5]"></a>__I$use$fp</STRONG> (Thumb, 0 bytes, Stack size unknown bytes, iusefp.o(.text), UNUSED)

<P><STRONG><a name="[75]"></a>__rt_ctype_table</STRONG> (Thumb, 4 bytes, Stack size 0 bytes, ctype_o.o(.text))
<BR><BR>[Called By]<UL><LI><a href="#[66]">&gt;&gt;</a>&nbsp;&nbsp;&nbsp;strtol
</UL>

<P><STRONG><a name="[1c]"></a>ADC_IRQHandler</STRONG> (Thumb, 2 bytes, Stack size 0 bytes, stm32f2xx_it.o(i.ADC_IRQHandler))
<BR>[Address Reference Count : 1]<UL><LI> startup_stm32f2xx.o(RESET)
</UL>
<P><STRONG><a name="[1f]"></a>CAN1_RX1_IRQHandler</STRONG> (Thumb, 2 bytes, Stack size 0 bytes, stm32f2xx_it.o(i.CAN1_RX1_IRQHandler))
<BR>[Address Reference Count : 1]<UL><LI> startup_stm32f2xx.o(RESET)
</UL>
<P><STRONG><a name="[62]"></a>__aeabi_memset</STRONG> (Thumb, 14 bytes, Stack size 0 bytes, memseta.o(.text))
<BR><BR>[Called By]<UL><LI><a href="#[2ec]">&gt;&gt;</a>&nbsp;&nbsp;&nbsp;init_step_data_fill_zero
<LI><a href="#[63]">&gt;&gt;</a>&nbsp;&nbsp;&nbsp;_memset$wrapper
<LI><a href="#[61]">&gt;&gt;</a>&nbsp;&nbsp;&nbsp;__aeabi_memclr
</UL>

<P><STRONG><a name="[3b6]"></a>__aeabi_memset4</STRONG> (Thumb, 0 bytes, Stack size 0 bytes, memseta.o(.text), UNUSED)

<P><STRONG><a name="[3b7]"></a>__aeabi_memset8</STRONG> (Thumb, 0 bytes, Stack size 0 bytes, memseta.o(.text), UNUSED)

<P><STRONG><a name="[61]"></a>__aeabi_memclr</STRONG> (Thumb, 4 bytes, Stack size 0 bytes, memseta.o(.text))
<BR><BR>[Calls]<UL><LI><a href="#[62]">&gt;&gt;</a>&nbsp;&nbsp;&nbsp;__aeabi_memset
</UL>
<BR>[Called By]<UL><LI><a href="#[d9]">&gt;&gt;</a>&nbsp;&nbsp;&nbsp;StepMotor_DD_config
</UL>

<P><STRONG><a name="[391]"></a>__aeabi_memclr4</STRONG> (Thumb, 0 bytes, Stack size 0 bytes, memseta.o(.text))
<BR><BR>[Called By]<UL><LI><a href="#[2ec]">&gt;&gt;</a>&nbsp;&nbsp;&nbsp;init_step_data_fill_zero
</UL>

<P><STRONG><a name="[3b8]"></a>__aeabi_memclr8</STRONG> (Thumb, 0 bytes, Stack size 0 bytes, memseta.o(.text), UNUSED)

<P><STRONG><a name="[63]"></a>_memset$wrapper</STRONG> (Thumb, 18 bytes, Stack size 8 bytes, memseta.o(.text), UNUSED)
<BR><BR>[Calls]<UL><LI><a href="#[62]">&gt;&gt;</a>&nbsp;&nbsp;&nbsp;__aeabi_memset
</UL>

<P><STRONG><a name="[1fd]"></a>memcmp</STRONG> (Thumb, 26 bytes, Stack size 12 bytes, memcmp.o(.text))
<BR><BR>[Stack]<UL><LI>Max Depth = 12<LI>Call Chain = memcmp
</UL>
<BR>[Called By]<UL><LI><a href="#[137]">&gt;&gt;</a>&nbsp;&nbsp;&nbsp;Exec_check_is_binding_ok
<LI><a href="#[20f]">&gt;&gt;</a>&nbsp;&nbsp;&nbsp;Get_SYS_Data_Time
</UL>

<P><STRONG><a name="[64]"></a>atoi</STRONG> (Thumb, 26 bytes, Stack size 16 bytes, atoi.o(.text))
<BR><BR>[Stack]<UL><LI>Max Depth = 88<LI>Call Chain = atoi &rArr; strtol &rArr; _strtoul
</UL>
<BR>[Calls]<UL><LI><a href="#[66]">&gt;&gt;</a>&nbsp;&nbsp;&nbsp;strtol
<LI><a href="#[65]">&gt;&gt;</a>&nbsp;&nbsp;&nbsp;__aeabi_errno_addr
</UL>
<BR>[Called By]<UL><LI><a href="#[20f]">&gt;&gt;</a>&nbsp;&nbsp;&nbsp;Get_SYS_Data_Time
</UL>

<P><STRONG><a name="[67]"></a>__aeabi_fadd</STRONG> (Thumb, 164 bytes, Stack size 16 bytes, fadd.o(.text))
<BR><BR>[Stack]<UL><LI>Max Depth = 20<LI>Call Chain = __aeabi_fadd &rArr; _float_epilogue
</UL>
<BR>[Calls]<UL><LI><a href="#[69]">&gt;&gt;</a>&nbsp;&nbsp;&nbsp;_float_round
<LI><a href="#[68]">&gt;&gt;</a>&nbsp;&nbsp;&nbsp;_float_epilogue
</UL>
<BR>[Called By]<UL><LI><a href="#[6b]">&gt;&gt;</a>&nbsp;&nbsp;&nbsp;__aeabi_frsub
<LI><a href="#[6a]">&gt;&gt;</a>&nbsp;&nbsp;&nbsp;__aeabi_fsub
</UL>

<P><STRONG><a name="[6a]"></a>__aeabi_fsub</STRONG> (Thumb, 6 bytes, Stack size 0 bytes, fadd.o(.text), UNUSED)
<BR><BR>[Calls]<UL><LI><a href="#[67]">&gt;&gt;</a>&nbsp;&nbsp;&nbsp;__aeabi_fadd
</UL>

<P><STRONG><a name="[6b]"></a>__aeabi_frsub</STRONG> (Thumb, 6 bytes, Stack size 0 bytes, fadd.o(.text))
<BR><BR>[Stack]<UL><LI>Max Depth = 20<LI>Call Chain = __aeabi_frsub &rArr; __aeabi_fadd &rArr; _float_epilogue
</UL>
<BR>[Calls]<UL><LI><a href="#[67]">&gt;&gt;</a>&nbsp;&nbsp;&nbsp;__aeabi_fadd
</UL>
<BR>[Called By]<UL><LI><a href="#[399]">&gt;&gt;</a>&nbsp;&nbsp;&nbsp;myprintFloat
</UL>

<P><STRONG><a name="[39c]"></a>__aeabi_fmul</STRONG> (Thumb, 100 bytes, Stack size 8 bytes, fmul.o(.text))
<BR><BR>[Stack]<UL><LI>Max Depth = 8<LI>Call Chain = __aeabi_fmul
</UL>
<BR>[Called By]<UL><LI><a href="#[399]">&gt;&gt;</a>&nbsp;&nbsp;&nbsp;myprintFloat
</UL>

<P><STRONG><a name="[6c]"></a>__aeabi_ddiv</STRONG> (Thumb, 222 bytes, Stack size 32 bytes, ddiv.o(.text))
<BR><BR>[Stack]<UL><LI>Max Depth = 40<LI>Call Chain = __aeabi_ddiv &rArr; _double_round
</UL>
<BR>[Calls]<UL><LI><a href="#[6d]">&gt;&gt;</a>&nbsp;&nbsp;&nbsp;_double_round
</UL>
<BR>[Called By]<UL><LI><a href="#[cc]">&gt;&gt;</a>&nbsp;&nbsp;&nbsp;alert_Set_overloaddata
</UL>

<P><STRONG><a name="[6e]"></a>__aeabi_i2f</STRONG> (Thumb, 18 bytes, Stack size 0 bytes, fflti.o(.text))
<BR><BR>[Stack]<UL><LI>Max Depth = 4<LI>Call Chain = __aeabi_i2f &rArr; _float_epilogue
</UL>
<BR>[Calls]<UL><LI><a href="#[68]">&gt;&gt;</a>&nbsp;&nbsp;&nbsp;_float_epilogue
</UL>
<BR>[Called By]<UL><LI><a href="#[396]">&gt;&gt;</a>&nbsp;&nbsp;&nbsp;myprint
<LI><a href="#[399]">&gt;&gt;</a>&nbsp;&nbsp;&nbsp;myprintFloat
</UL>

<P><STRONG><a name="[6f]"></a>__aeabi_i2d</STRONG> (Thumb, 34 bytes, Stack size 16 bytes, dflti.o(.text))
<BR><BR>[Stack]<UL><LI>Max Depth = 56<LI>Call Chain = __aeabi_i2d &rArr; _double_epilogue &rArr; _double_round
</UL>
<BR>[Calls]<UL><LI><a href="#[70]">&gt;&gt;</a>&nbsp;&nbsp;&nbsp;_double_epilogue
</UL>
<BR>[Called By]<UL><LI><a href="#[cc]">&gt;&gt;</a>&nbsp;&nbsp;&nbsp;alert_Set_overloaddata
</UL>

<P><STRONG><a name="[39b]"></a>__aeabi_f2iz</STRONG> (Thumb, 50 bytes, Stack size 0 bytes, ffixi.o(.text))
<BR><BR>[Called By]<UL><LI><a href="#[399]">&gt;&gt;</a>&nbsp;&nbsp;&nbsp;myprintFloat
</UL>

<P><STRONG><a name="[71]"></a>__aeabi_d2uiz</STRONG> (Thumb, 50 bytes, Stack size 8 bytes, dfixui.o(.text))
<BR><BR>[Stack]<UL><LI>Max Depth = 8<LI>Call Chain = __aeabi_d2uiz
</UL>
<BR>[Calls]<UL><LI><a href="#[72]">&gt;&gt;</a>&nbsp;&nbsp;&nbsp;__aeabi_llsr
</UL>
<BR>[Called By]<UL><LI><a href="#[cc]">&gt;&gt;</a>&nbsp;&nbsp;&nbsp;alert_Set_overloaddata
</UL>

<P><STRONG><a name="[73]"></a>__aeabi_uldivmod</STRONG> (Thumb, 98 bytes, Stack size 40 bytes, uldiv.o(.text), UNUSED)
<BR><BR>[Calls]<UL><LI><a href="#[74]">&gt;&gt;</a>&nbsp;&nbsp;&nbsp;__aeabi_llsl
<LI><a href="#[72]">&gt;&gt;</a>&nbsp;&nbsp;&nbsp;__aeabi_llsr
</UL>
<BR>[Called By]<UL><LI><a href="#[328]">&gt;&gt;</a>&nbsp;&nbsp;&nbsp;_printf_core
</UL>

<P><STRONG><a name="[72]"></a>__aeabi_llsr</STRONG> (Thumb, 32 bytes, Stack size 0 bytes, llushr.o(.text))
<BR><BR>[Called By]<UL><LI><a href="#[71]">&gt;&gt;</a>&nbsp;&nbsp;&nbsp;__aeabi_d2uiz
<LI><a href="#[73]">&gt;&gt;</a>&nbsp;&nbsp;&nbsp;__aeabi_uldivmod
<LI><a href="#[70]">&gt;&gt;</a>&nbsp;&nbsp;&nbsp;_double_epilogue
</UL>

<P><STRONG><a name="[3b9]"></a>_ll_ushift_r</STRONG> (Thumb, 0 bytes, Stack size 0 bytes, llushr.o(.text), UNUSED)

<P><STRONG><a name="[66]"></a>strtol</STRONG> (Thumb, 112 bytes, Stack size 32 bytes, strtol.o(.text))
<BR><BR>[Stack]<UL><LI>Max Depth = 72<LI>Call Chain = strtol &rArr; _strtoul
</UL>
<BR>[Calls]<UL><LI><a href="#[76]">&gt;&gt;</a>&nbsp;&nbsp;&nbsp;_strtoul
<LI><a href="#[75]">&gt;&gt;</a>&nbsp;&nbsp;&nbsp;__rt_ctype_table
<LI><a href="#[65]">&gt;&gt;</a>&nbsp;&nbsp;&nbsp;__aeabi_errno_addr
</UL>
<BR>[Called By]<UL><LI><a href="#[64]">&gt;&gt;</a>&nbsp;&nbsp;&nbsp;atoi
</UL>

<P><STRONG><a name="[69]"></a>_float_round</STRONG> (Thumb, 18 bytes, Stack size 0 bytes, fepilogue.o(.text))
<BR><BR>[Called By]<UL><LI><a href="#[67]">&gt;&gt;</a>&nbsp;&nbsp;&nbsp;__aeabi_fadd
</UL>

<P><STRONG><a name="[68]"></a>_float_epilogue</STRONG> (Thumb, 92 bytes, Stack size 4 bytes, fepilogue.o(.text))
<BR><BR>[Stack]<UL><LI>Max Depth = 4<LI>Call Chain = _float_epilogue
</UL>
<BR>[Called By]<UL><LI><a href="#[6e]">&gt;&gt;</a>&nbsp;&nbsp;&nbsp;__aeabi_i2f
<LI><a href="#[67]">&gt;&gt;</a>&nbsp;&nbsp;&nbsp;__aeabi_fadd
</UL>

<P><STRONG><a name="[6d]"></a>_double_round</STRONG> (Thumb, 30 bytes, Stack size 8 bytes, depilogue.o(.text))
<BR><BR>[Stack]<UL><LI>Max Depth = 8<LI>Call Chain = _double_round
</UL>
<BR>[Called By]<UL><LI><a href="#[6c]">&gt;&gt;</a>&nbsp;&nbsp;&nbsp;__aeabi_ddiv
<LI><a href="#[70]">&gt;&gt;</a>&nbsp;&nbsp;&nbsp;_double_epilogue
</UL>

<P><STRONG><a name="[70]"></a>_double_epilogue</STRONG> (Thumb, 156 bytes, Stack size 32 bytes, depilogue.o(.text))
<BR><BR>[Stack]<UL><LI>Max Depth = 40<LI>Call Chain = _double_epilogue &rArr; _double_round
</UL>
<BR>[Calls]<UL><LI><a href="#[74]">&gt;&gt;</a>&nbsp;&nbsp;&nbsp;__aeabi_llsl
<LI><a href="#[72]">&gt;&gt;</a>&nbsp;&nbsp;&nbsp;__aeabi_llsr
<LI><a href="#[6d]">&gt;&gt;</a>&nbsp;&nbsp;&nbsp;_double_round
</UL>
<BR>[Called By]<UL><LI><a href="#[6f]">&gt;&gt;</a>&nbsp;&nbsp;&nbsp;__aeabi_i2d
</UL>

<P><STRONG><a name="[60]"></a>__scatterload</STRONG> (Thumb, 28 bytes, Stack size 0 bytes, init.o(.text))
<BR><BR>[Calls]<UL><LI><a href="#[77]">&gt;&gt;</a>&nbsp;&nbsp;&nbsp;__main_after_scatterload
</UL>
<BR>[Called By]<UL><LI><a href="#[5f]">&gt;&gt;</a>&nbsp;&nbsp;&nbsp;_main_scatterload
</UL>

<P><STRONG><a name="[3ba]"></a>__scatterload_rt2</STRONG> (Thumb, 0 bytes, Stack size 0 bytes, init.o(.text), UNUSED)

<P><STRONG><a name="[74]"></a>__aeabi_llsl</STRONG> (Thumb, 30 bytes, Stack size 0 bytes, llshl.o(.text))
<BR><BR>[Called By]<UL><LI><a href="#[73]">&gt;&gt;</a>&nbsp;&nbsp;&nbsp;__aeabi_uldivmod
<LI><a href="#[70]">&gt;&gt;</a>&nbsp;&nbsp;&nbsp;_double_epilogue
</UL>

<P><STRONG><a name="[3bb]"></a>_ll_shift_l</STRONG> (Thumb, 0 bytes, Stack size 0 bytes, llshl.o(.text), UNUSED)

<P><STRONG><a name="[76]"></a>_strtoul</STRONG> (Thumb, 158 bytes, Stack size 40 bytes, _strtoul.o(.text))
<BR><BR>[Stack]<UL><LI>Max Depth = 40<LI>Call Chain = _strtoul
</UL>
<BR>[Calls]<UL><LI><a href="#[78]">&gt;&gt;</a>&nbsp;&nbsp;&nbsp;_chval
<LI><a href="#[65]">&gt;&gt;</a>&nbsp;&nbsp;&nbsp;__aeabi_errno_addr
</UL>
<BR>[Called By]<UL><LI><a href="#[66]">&gt;&gt;</a>&nbsp;&nbsp;&nbsp;strtol
</UL>

<P><STRONG><a name="[78]"></a>_chval</STRONG> (Thumb, 28 bytes, Stack size 0 bytes, _chval.o(.text))
<BR><BR>[Called By]<UL><LI><a href="#[76]">&gt;&gt;</a>&nbsp;&nbsp;&nbsp;_strtoul
</UL>

<P><STRONG><a name="[3bc]"></a>__decompress</STRONG> (Thumb, 0 bytes, Stack size unknown bytes, __dczerorl2.o(.text), UNUSED)

<P><STRONG><a name="[3bd]"></a>__decompress1</STRONG> (Thumb, 86 bytes, Stack size unknown bytes, __dczerorl2.o(.text), UNUSED)

<P><STRONG><a name="[7b]"></a>ADC2_HardInit</STRONG> (Thumb, 218 bytes, Stack size 112 bytes, adc.o(i.ADC2_HardInit))
<BR><BR>[Stack]<UL><LI>Max Depth = 144<LI>Call Chain = ADC2_HardInit &rArr; ADC2_ChannelsConfig &rArr; ADC_RegularChannelConfig
</UL>
<BR>[Calls]<UL><LI><a href="#[81]">&gt;&gt;</a>&nbsp;&nbsp;&nbsp;RCC_APB2PeriphClockCmd
<LI><a href="#[7c]">&gt;&gt;</a>&nbsp;&nbsp;&nbsp;RCC_AHB1PeriphClockCmd
<LI><a href="#[88]">&gt;&gt;</a>&nbsp;&nbsp;&nbsp;NVIC_Init
<LI><a href="#[7e]">&gt;&gt;</a>&nbsp;&nbsp;&nbsp;DMA_StructInit
<LI><a href="#[7f]">&gt;&gt;</a>&nbsp;&nbsp;&nbsp;DMA_Init
<LI><a href="#[87]">&gt;&gt;</a>&nbsp;&nbsp;&nbsp;DMA_ITConfig
<LI><a href="#[7d]">&gt;&gt;</a>&nbsp;&nbsp;&nbsp;DMA_DeInit
<LI><a href="#[80]">&gt;&gt;</a>&nbsp;&nbsp;&nbsp;DMA_Cmd
<LI><a href="#[82]">&gt;&gt;</a>&nbsp;&nbsp;&nbsp;ADC_StructInit
<LI><a href="#[83]">&gt;&gt;</a>&nbsp;&nbsp;&nbsp;ADC_Init
<LI><a href="#[84]">&gt;&gt;</a>&nbsp;&nbsp;&nbsp;ADC_DMARequestAfterLastTransferCmd
<LI><a href="#[85]">&gt;&gt;</a>&nbsp;&nbsp;&nbsp;ADC_DMACmd
<LI><a href="#[86]">&gt;&gt;</a>&nbsp;&nbsp;&nbsp;ADC_Cmd
<LI><a href="#[79]">&gt;&gt;</a>&nbsp;&nbsp;&nbsp;ADC2_ChannelsConfig
</UL>
<BR>[Called By]<UL><LI><a href="#[362]">&gt;&gt;</a>&nbsp;&nbsp;&nbsp;arch_init
</UL>

<P><STRONG><a name="[86]"></a>ADC_Cmd</STRONG> (Thumb, 24 bytes, Stack size 0 bytes, stm32f2xx_adc.o(i.ADC_Cmd))
<BR><BR>[Called By]<UL><LI><a href="#[8a]">&gt;&gt;</a>&nbsp;&nbsp;&nbsp;ADC_HardInit
<LI><a href="#[7b]">&gt;&gt;</a>&nbsp;&nbsp;&nbsp;ADC2_HardInit
</UL>

<P><STRONG><a name="[8b]"></a>ADC_CommonInit</STRONG> (Thumb, 36 bytes, Stack size 0 bytes, stm32f2xx_adc.o(i.ADC_CommonInit))
<BR><BR>[Called By]<UL><LI><a href="#[8a]">&gt;&gt;</a>&nbsp;&nbsp;&nbsp;ADC_HardInit
</UL>

<P><STRONG><a name="[85]"></a>ADC_DMACmd</STRONG> (Thumb, 24 bytes, Stack size 0 bytes, stm32f2xx_adc.o(i.ADC_DMACmd))
<BR><BR>[Called By]<UL><LI><a href="#[8a]">&gt;&gt;</a>&nbsp;&nbsp;&nbsp;ADC_HardInit
<LI><a href="#[7b]">&gt;&gt;</a>&nbsp;&nbsp;&nbsp;ADC2_HardInit
</UL>

<P><STRONG><a name="[84]"></a>ADC_DMARequestAfterLastTransferCmd</STRONG> (Thumb, 24 bytes, Stack size 0 bytes, stm32f2xx_adc.o(i.ADC_DMARequestAfterLastTransferCmd))
<BR><BR>[Called By]<UL><LI><a href="#[8a]">&gt;&gt;</a>&nbsp;&nbsp;&nbsp;ADC_HardInit
<LI><a href="#[7b]">&gt;&gt;</a>&nbsp;&nbsp;&nbsp;ADC2_HardInit
</UL>

<P><STRONG><a name="[8a]"></a>ADC_HardInit</STRONG> (Thumb, 244 bytes, Stack size 128 bytes, adc.o(i.ADC_HardInit))
<BR><BR>[Stack]<UL><LI>Max Depth = 160<LI>Call Chain = ADC_HardInit &rArr; ADC_ChannelsConfig &rArr; ADC_RegularChannelConfig
</UL>
<BR>[Calls]<UL><LI><a href="#[81]">&gt;&gt;</a>&nbsp;&nbsp;&nbsp;RCC_APB2PeriphClockCmd
<LI><a href="#[7c]">&gt;&gt;</a>&nbsp;&nbsp;&nbsp;RCC_AHB1PeriphClockCmd
<LI><a href="#[88]">&gt;&gt;</a>&nbsp;&nbsp;&nbsp;NVIC_Init
<LI><a href="#[7e]">&gt;&gt;</a>&nbsp;&nbsp;&nbsp;DMA_StructInit
<LI><a href="#[7f]">&gt;&gt;</a>&nbsp;&nbsp;&nbsp;DMA_Init
<LI><a href="#[87]">&gt;&gt;</a>&nbsp;&nbsp;&nbsp;DMA_ITConfig
<LI><a href="#[7d]">&gt;&gt;</a>&nbsp;&nbsp;&nbsp;DMA_DeInit
<LI><a href="#[80]">&gt;&gt;</a>&nbsp;&nbsp;&nbsp;DMA_Cmd
<LI><a href="#[8d]">&gt;&gt;</a>&nbsp;&nbsp;&nbsp;ADC_VBATCmd
<LI><a href="#[8c]">&gt;&gt;</a>&nbsp;&nbsp;&nbsp;ADC_TempSensorVrefintCmd
<LI><a href="#[82]">&gt;&gt;</a>&nbsp;&nbsp;&nbsp;ADC_StructInit
<LI><a href="#[83]">&gt;&gt;</a>&nbsp;&nbsp;&nbsp;ADC_Init
<LI><a href="#[84]">&gt;&gt;</a>&nbsp;&nbsp;&nbsp;ADC_DMARequestAfterLastTransferCmd
<LI><a href="#[85]">&gt;&gt;</a>&nbsp;&nbsp;&nbsp;ADC_DMACmd
<LI><a href="#[8b]">&gt;&gt;</a>&nbsp;&nbsp;&nbsp;ADC_CommonInit
<LI><a href="#[86]">&gt;&gt;</a>&nbsp;&nbsp;&nbsp;ADC_Cmd
<LI><a href="#[89]">&gt;&gt;</a>&nbsp;&nbsp;&nbsp;ADC_ChannelsConfig
</UL>
<BR>[Called By]<UL><LI><a href="#[362]">&gt;&gt;</a>&nbsp;&nbsp;&nbsp;arch_init
</UL>

<P><STRONG><a name="[83]"></a>ADC_Init</STRONG> (Thumb, 82 bytes, Stack size 4 bytes, stm32f2xx_adc.o(i.ADC_Init))
<BR><BR>[Stack]<UL><LI>Max Depth = 4<LI>Call Chain = ADC_Init
</UL>
<BR>[Called By]<UL><LI><a href="#[8a]">&gt;&gt;</a>&nbsp;&nbsp;&nbsp;ADC_HardInit
<LI><a href="#[7b]">&gt;&gt;</a>&nbsp;&nbsp;&nbsp;ADC2_HardInit
</UL>

<P><STRONG><a name="[7a]"></a>ADC_RegularChannelConfig</STRONG> (Thumb, 144 bytes, Stack size 8 bytes, stm32f2xx_adc.o(i.ADC_RegularChannelConfig))
<BR><BR>[Stack]<UL><LI>Max Depth = 8<LI>Call Chain = ADC_RegularChannelConfig
</UL>
<BR>[Called By]<UL><LI><a href="#[89]">&gt;&gt;</a>&nbsp;&nbsp;&nbsp;ADC_ChannelsConfig
<LI><a href="#[79]">&gt;&gt;</a>&nbsp;&nbsp;&nbsp;ADC2_ChannelsConfig
</UL>

<P><STRONG><a name="[8f]"></a>ADC_SoftwareStartConv</STRONG> (Thumb, 10 bytes, Stack size 0 bytes, stm32f2xx_adc.o(i.ADC_SoftwareStartConv))
<BR><BR>[Called By]<UL><LI><a href="#[8e]">&gt;&gt;</a>&nbsp;&nbsp;&nbsp;ADC_start_main
</UL>

<P><STRONG><a name="[82]"></a>ADC_StructInit</STRONG> (Thumb, 20 bytes, Stack size 0 bytes, stm32f2xx_adc.o(i.ADC_StructInit))
<BR><BR>[Called By]<UL><LI><a href="#[8a]">&gt;&gt;</a>&nbsp;&nbsp;&nbsp;ADC_HardInit
<LI><a href="#[7b]">&gt;&gt;</a>&nbsp;&nbsp;&nbsp;ADC2_HardInit
</UL>

<P><STRONG><a name="[8c]"></a>ADC_TempSensorVrefintCmd</STRONG> (Thumb, 34 bytes, Stack size 0 bytes, stm32f2xx_adc.o(i.ADC_TempSensorVrefintCmd))
<BR><BR>[Called By]<UL><LI><a href="#[8a]">&gt;&gt;</a>&nbsp;&nbsp;&nbsp;ADC_HardInit
</UL>

<P><STRONG><a name="[8d]"></a>ADC_VBATCmd</STRONG> (Thumb, 34 bytes, Stack size 0 bytes, stm32f2xx_adc.o(i.ADC_VBATCmd))
<BR><BR>[Called By]<UL><LI><a href="#[8a]">&gt;&gt;</a>&nbsp;&nbsp;&nbsp;ADC_HardInit
</UL>

<P><STRONG><a name="[8e]"></a>ADC_start_main</STRONG> (Thumb, 18 bytes, Stack size 8 bytes, adc.o(i.ADC_start_main))
<BR><BR>[Stack]<UL><LI>Max Depth = 8<LI>Call Chain = ADC_start_main
</UL>
<BR>[Calls]<UL><LI><a href="#[8f]">&gt;&gt;</a>&nbsp;&nbsp;&nbsp;ADC_SoftwareStartConv
</UL>
<BR>[Called By]<UL><LI><a href="#[5b]">&gt;&gt;</a>&nbsp;&nbsp;&nbsp;main
</UL>

<P><STRONG><a name="[39e]"></a>Alarm_Init</STRONG> (Thumb, 72 bytes, Stack size 16 bytes, main.o(i.Alarm_Init))
<BR><BR>[Stack]<UL><LI>Max Depth = 16<LI>Call Chain = Alarm_Init
</UL>
<BR>[Called By]<UL><LI><a href="#[368]">&gt;&gt;</a>&nbsp;&nbsp;&nbsp;reg_init
</UL>

<P><STRONG><a name="[90]"></a>Alert_Clear</STRONG> (Thumb, 26 bytes, Stack size 8 bytes, alert.o(i.Alert_Clear))
<BR><BR>[Stack]<UL><LI>Max Depth = 12<LI>Call Chain = Alert_Clear &rArr; alert_delete
</UL>
<BR>[Calls]<UL><LI><a href="#[91]">&gt;&gt;</a>&nbsp;&nbsp;&nbsp;alert_delete
</UL>
<BR>[Called By]<UL><LI><a href="#[be]">&gt;&gt;</a>&nbsp;&nbsp;&nbsp;Command_exec_alarm
</UL>

<P><STRONG><a name="[390]"></a>Alert_Code_Send_Delay_ISR</STRONG> (Thumb, 14 bytes, Stack size 0 bytes, alert.o(i.Alert_Code_Send_Delay_ISR))
<BR><BR>[Called By]<UL><LI><a href="#[382]">&gt;&gt;</a>&nbsp;&nbsp;&nbsp;hook_time_2ms
</UL>

<P><STRONG><a name="[94]"></a>Alert_Code_Send_Delay_Setcnt</STRONG> (Thumb, 6 bytes, Stack size 0 bytes, alert.o(i.Alert_Code_Send_Delay_Setcnt))
<BR><BR>[Called By]<UL><LI><a href="#[92]">&gt;&gt;</a>&nbsp;&nbsp;&nbsp;Alert_Poll
</UL>

<P><STRONG><a name="[92]"></a>Alert_Poll</STRONG> (Thumb, 104 bytes, Stack size 8 bytes, alert.o(i.Alert_Poll))
<BR><BR>[Stack]<UL><LI>Max Depth = 92<LI>Call Chain = Alert_Poll &rArr; Message_Send_Alert &rArr; arch_SendMessage &rArr; Message_TX_Push &rArr; alert_push
</UL>
<BR>[Calls]<UL><LI><a href="#[96]">&gt;&gt;</a>&nbsp;&nbsp;&nbsp;Scan_error
<LI><a href="#[93]">&gt;&gt;</a>&nbsp;&nbsp;&nbsp;Message_Send_Alert
<LI><a href="#[98]">&gt;&gt;</a>&nbsp;&nbsp;&nbsp;alert_push
<LI><a href="#[95]">&gt;&gt;</a>&nbsp;&nbsp;&nbsp;alert_pop
<LI><a href="#[97]">&gt;&gt;</a>&nbsp;&nbsp;&nbsp;alert_find
<LI><a href="#[94]">&gt;&gt;</a>&nbsp;&nbsp;&nbsp;Alert_Code_Send_Delay_Setcnt
</UL>
<BR>[Called By]<UL><LI><a href="#[5b]">&gt;&gt;</a>&nbsp;&nbsp;&nbsp;main
</UL>

<P><STRONG><a name="[365]"></a>Arch_E499_step_pwm_enable</STRONG> (Thumb, 8 bytes, Stack size 0 bytes, arch_stm32.o(i.Arch_E499_step_pwm_enable))
<BR><BR>[Called By]<UL><LI><a href="#[362]">&gt;&gt;</a>&nbsp;&nbsp;&nbsp;arch_init
</UL>

<P><STRONG><a name="[4]"></a>BusFault_Handler</STRONG> (Thumb, 8 bytes, Stack size 0 bytes, stm32f2xx_it.o(i.BusFault_Handler))
<BR><BR>[Stack]<UL><LI>Max Depth = 84<LI>Call Chain = BusFault_Handler &rArr; alert_cpu_fatal &rArr; Message_Send_Alert &rArr; arch_SendMessage &rArr; Message_TX_Push &rArr; alert_push
</UL>
<BR>[Calls]<UL><LI><a href="#[99]">&gt;&gt;</a>&nbsp;&nbsp;&nbsp;alert_cpu_fatal
</UL>
<BR>[Address Reference Count : 1]<UL><LI> startup_stm32f2xx.o(RESET)
</UL>
<P><STRONG><a name="[9a]"></a>CAN0_Receive</STRONG> (Thumb, 32 bytes, Stack size 8 bytes, can.o(i.CAN0_Receive))
<BR><BR>[Stack]<UL><LI>Max Depth = 8<LI>Call Chain = CAN0_Receive
</UL>
<BR>[Calls]<UL><LI><a href="#[9c]">&gt;&gt;</a>&nbsp;&nbsp;&nbsp;CAN_Receive
<LI><a href="#[9b]">&gt;&gt;</a>&nbsp;&nbsp;&nbsp;CAN_MessagePending
</UL>
<BR>[Called By]<UL><LI><a href="#[12c]">&gt;&gt;</a>&nbsp;&nbsp;&nbsp;Upgrade_Boot
</UL>

<P><STRONG><a name="[1e]"></a>CAN1_RX0_IRQHandler</STRONG> (Thumb, 4 bytes, Stack size 0 bytes, stm32f2xx_it.o(i.CAN1_RX0_IRQHandler))
<BR><BR>[Stack]<UL><LI>Max Depth = 52<LI>Call Chain = CAN1_RX0_IRQHandler &rArr; hook_CAN_isr &rArr; Message_Push &rArr; alert_push
</UL>
<BR>[Calls]<UL><LI><a href="#[9d]">&gt;&gt;</a>&nbsp;&nbsp;&nbsp;hook_CAN_isr
</UL>
<BR>[Address Reference Count : 1]<UL><LI> startup_stm32f2xx.o(RESET)
</UL>
<P><STRONG><a name="[20]"></a>CAN1_SCE_IRQHandler</STRONG> (Thumb, 4 bytes, Stack size 0 bytes, stm32f2xx_it.o(i.CAN1_SCE_IRQHandler))
<BR><BR>[Stack]<UL><LI>Max Depth = 24<LI>Call Chain = CAN1_SCE_IRQHandler &rArr; hook_CAN_err_isr &rArr; CAN_GetITStatus
</UL>
<BR>[Calls]<UL><LI><a href="#[9e]">&gt;&gt;</a>&nbsp;&nbsp;&nbsp;hook_CAN_err_isr
</UL>
<BR>[Address Reference Count : 1]<UL><LI> startup_stm32f2xx.o(RESET)
</UL>
<P><STRONG><a name="[1d]"></a>CAN1_TX_IRQHandler</STRONG> (Thumb, 2 bytes, Stack size 0 bytes, stm32f2xx_it.o(i.CAN1_TX_IRQHandler))
<BR>[Address Reference Count : 1]<UL><LI> startup_stm32f2xx.o(RESET)
</UL>
<P><STRONG><a name="[37c]"></a>CAN_ClearITPendingBit</STRONG> (Thumb, 164 bytes, Stack size 4 bytes, stm32f2xx_can.o(i.CAN_ClearITPendingBit))
<BR><BR>[Stack]<UL><LI>Max Depth = 4<LI>Call Chain = CAN_ClearITPendingBit
</UL>
<BR>[Called By]<UL><LI><a href="#[9e]">&gt;&gt;</a>&nbsp;&nbsp;&nbsp;hook_CAN_err_isr
</UL>

<P><STRONG><a name="[9f]"></a>CAN_Configuration</STRONG> (Thumb, 314 bytes, Stack size 56 bytes, can.o(i.CAN_Configuration))
<BR><BR>[Stack]<UL><LI>Max Depth = 64<LI>Call Chain = CAN_Configuration &rArr; CAN_FilterInit
</UL>
<BR>[Calls]<UL><LI><a href="#[a0]">&gt;&gt;</a>&nbsp;&nbsp;&nbsp;RCC_APB1PeriphClockCmd
<LI><a href="#[88]">&gt;&gt;</a>&nbsp;&nbsp;&nbsp;NVIC_Init
<LI><a href="#[a2]">&gt;&gt;</a>&nbsp;&nbsp;&nbsp;CAN_StructInit
<LI><a href="#[a3]">&gt;&gt;</a>&nbsp;&nbsp;&nbsp;CAN_Init
<LI><a href="#[a6]">&gt;&gt;</a>&nbsp;&nbsp;&nbsp;CAN_ITConfig
<LI><a href="#[a5]">&gt;&gt;</a>&nbsp;&nbsp;&nbsp;CAN_FilterInit
<LI><a href="#[a1]">&gt;&gt;</a>&nbsp;&nbsp;&nbsp;CAN_DeInit
<LI><a href="#[a4]">&gt;&gt;</a>&nbsp;&nbsp;&nbsp;arch_Set_CANID
</UL>
<BR>[Called By]<UL><LI><a href="#[362]">&gt;&gt;</a>&nbsp;&nbsp;&nbsp;arch_init
</UL>

<P><STRONG><a name="[a1]"></a>CAN_DeInit</STRONG> (Thumb, 56 bytes, Stack size 8 bytes, stm32f2xx_can.o(i.CAN_DeInit))
<BR><BR>[Stack]<UL><LI>Max Depth = 8<LI>Call Chain = CAN_DeInit
</UL>
<BR>[Calls]<UL><LI><a href="#[a7]">&gt;&gt;</a>&nbsp;&nbsp;&nbsp;RCC_APB1PeriphResetCmd
</UL>
<BR>[Called By]<UL><LI><a href="#[9f]">&gt;&gt;</a>&nbsp;&nbsp;&nbsp;CAN_Configuration
</UL>

<P><STRONG><a name="[a5]"></a>CAN_FilterInit</STRONG> (Thumb, 228 bytes, Stack size 8 bytes, stm32f2xx_can.o(i.CAN_FilterInit))
<BR><BR>[Stack]<UL><LI>Max Depth = 8<LI>Call Chain = CAN_FilterInit
</UL>
<BR>[Called By]<UL><LI><a href="#[9f]">&gt;&gt;</a>&nbsp;&nbsp;&nbsp;CAN_Configuration
</UL>

<P><STRONG><a name="[a8]"></a>CAN_GetITStatus</STRONG> (Thumb, 264 bytes, Stack size 8 bytes, stm32f2xx_can.o(i.CAN_GetITStatus))
<BR><BR>[Stack]<UL><LI>Max Depth = 8<LI>Call Chain = CAN_GetITStatus
</UL>
<BR>[Calls]<UL><LI><a href="#[a9]">&gt;&gt;</a>&nbsp;&nbsp;&nbsp;CheckITStatus
</UL>
<BR>[Called By]<UL><LI><a href="#[9e]">&gt;&gt;</a>&nbsp;&nbsp;&nbsp;hook_CAN_err_isr
</UL>

<P><STRONG><a name="[212]"></a>CAN_GetLSBTransmitErrorCounter</STRONG> (Thumb, 8 bytes, Stack size 0 bytes, stm32f2xx_can.o(i.CAN_GetLSBTransmitErrorCounter))
<BR><BR>[Called By]<UL><LI><a href="#[ac]">&gt;&gt;</a>&nbsp;&nbsp;&nbsp;Get_CAN_err_cnt
</UL>

<P><STRONG><a name="[210]"></a>CAN_GetLastErrorCode</STRONG> (Thumb, 10 bytes, Stack size 0 bytes, stm32f2xx_can.o(i.CAN_GetLastErrorCode))
<BR><BR>[Called By]<UL><LI><a href="#[9e]">&gt;&gt;</a>&nbsp;&nbsp;&nbsp;hook_CAN_err_isr
<LI><a href="#[ab]">&gt;&gt;</a>&nbsp;&nbsp;&nbsp;Get_CAN_Last_ErrorCode
</UL>

<P><STRONG><a name="[211]"></a>CAN_GetReceiveErrorCounter</STRONG> (Thumb, 6 bytes, Stack size 0 bytes, stm32f2xx_can.o(i.CAN_GetReceiveErrorCounter))
<BR><BR>[Called By]<UL><LI><a href="#[ac]">&gt;&gt;</a>&nbsp;&nbsp;&nbsp;Get_CAN_err_cnt
</UL>

<P><STRONG><a name="[a6]"></a>CAN_ITConfig</STRONG> (Thumb, 22 bytes, Stack size 0 bytes, stm32f2xx_can.o(i.CAN_ITConfig))
<BR><BR>[Called By]<UL><LI><a href="#[9f]">&gt;&gt;</a>&nbsp;&nbsp;&nbsp;CAN_Configuration
</UL>

<P><STRONG><a name="[a3]"></a>CAN_Init</STRONG> (Thumb, 274 bytes, Stack size 0 bytes, stm32f2xx_can.o(i.CAN_Init))
<BR><BR>[Called By]<UL><LI><a href="#[9f]">&gt;&gt;</a>&nbsp;&nbsp;&nbsp;CAN_Configuration
</UL>

<P><STRONG><a name="[9b]"></a>CAN_MessagePending</STRONG> (Thumb, 28 bytes, Stack size 0 bytes, stm32f2xx_can.o(i.CAN_MessagePending))
<BR><BR>[Called By]<UL><LI><a href="#[9a]">&gt;&gt;</a>&nbsp;&nbsp;&nbsp;CAN0_Receive
</UL>

<P><STRONG><a name="[9c]"></a>CAN_Receive</STRONG> (Thumb, 122 bytes, Stack size 0 bytes, stm32f2xx_can.o(i.CAN_Receive))
<BR><BR>[Called By]<UL><LI><a href="#[9d]">&gt;&gt;</a>&nbsp;&nbsp;&nbsp;hook_CAN_isr
<LI><a href="#[9a]">&gt;&gt;</a>&nbsp;&nbsp;&nbsp;CAN0_Receive
</UL>

<P><STRONG><a name="[a2]"></a>CAN_StructInit</STRONG> (Thumb, 32 bytes, Stack size 0 bytes, stm32f2xx_can.o(i.CAN_StructInit))
<BR><BR>[Called By]<UL><LI><a href="#[9f]">&gt;&gt;</a>&nbsp;&nbsp;&nbsp;CAN_Configuration
</UL>

<P><STRONG><a name="[376]"></a>CAN_Transmit</STRONG> (Thumb, 234 bytes, Stack size 4 bytes, stm32f2xx_can.o(i.CAN_Transmit))
<BR><BR>[Stack]<UL><LI>Max Depth = 4<LI>Call Chain = CAN_Transmit
</UL>
<BR>[Called By]<UL><LI><a href="#[349]">&gt;&gt;</a>&nbsp;&nbsp;&nbsp;can_SendMessage
</UL>

<P><STRONG><a name="[35d]"></a>CRC16</STRONG> (Thumb, 56 bytes, Stack size 8 bytes, upgrade.o(i.CRC16))
<BR><BR>[Stack]<UL><LI>Max Depth = 8<LI>Call Chain = CRC16
</UL>
<BR>[Called By]<UL><LI><a href="#[323]">&gt;&gt;</a>&nbsp;&nbsp;&nbsp;arch_crc_ok
</UL>

<P><STRONG><a name="[aa]"></a>Can_error_printf</STRONG> (Thumb, 26 bytes, Stack size 8 bytes, can.o(i.Can_error_printf))
<BR><BR>[Stack]<UL><LI>Max Depth = 32<LI>Call Chain = Can_error_printf &rArr; __2printf
</UL>
<BR>[Calls]<UL><LI><a href="#[ac]">&gt;&gt;</a>&nbsp;&nbsp;&nbsp;Get_CAN_err_cnt
<LI><a href="#[ab]">&gt;&gt;</a>&nbsp;&nbsp;&nbsp;Get_CAN_Last_ErrorCode
<LI><a href="#[ad]">&gt;&gt;</a>&nbsp;&nbsp;&nbsp;__2printf
</UL>
<BR>[Called By]<UL><LI><a href="#[361]">&gt;&gt;</a>&nbsp;&nbsp;&nbsp;uart_get_printf_key
</UL>

<P><STRONG><a name="[3a9]"></a>CheckIn_Timer</STRONG> (Thumb, 32 bytes, Stack size 0 bytes, arch_stm32.o(i.CheckIn_Timer))
<BR><BR>[Called By]<UL><LI><a href="#[38d]">&gt;&gt;</a>&nbsp;&nbsp;&nbsp;time_2ms_prog
</UL>

<P><STRONG><a name="[ae]"></a>CheckOverloadBranch</STRONG> (Thumb, 42 bytes, Stack size 8 bytes, arch_stm32.o(i.CheckOverloadBranch))
<BR><BR>[Stack]<UL><LI>Max Depth = 20<LI>Call Chain = CheckOverloadBranch &rArr; alert_push
</UL>
<BR>[Calls]<UL><LI><a href="#[98]">&gt;&gt;</a>&nbsp;&nbsp;&nbsp;alert_push
</UL>
<BR>[Called By]<UL><LI><a href="#[1a9]">&gt;&gt;</a>&nbsp;&nbsp;&nbsp;hook_EXTI_isr
<LI><a href="#[1aa]">&gt;&gt;</a>&nbsp;&nbsp;&nbsp;EXTI_CHECK_iscomming
<LI><a href="#[17e]">&gt;&gt;</a>&nbsp;&nbsp;&nbsp;arch_adc2_isr
</UL>

<P><STRONG><a name="[af]"></a>Check_CMD_is_Support</STRONG> (Thumb, 36 bytes, Stack size 8 bytes, main.o(i.Check_CMD_is_Support))
<BR><BR>[Stack]<UL><LI>Max Depth = 84<LI>Call Chain = Check_CMD_is_Support &rArr; Message_Send_4halfword &rArr; arch_SendMessage &rArr; Message_TX_Push &rArr; alert_push
</UL>
<BR>[Calls]<UL><LI><a href="#[b0]">&gt;&gt;</a>&nbsp;&nbsp;&nbsp;Message_Send_4halfword
</UL>
<BR>[Called By]<UL><LI><a href="#[166]">&gt;&gt;</a>&nbsp;&nbsp;&nbsp;Command_exec_xzq
<LI><a href="#[15e]">&gt;&gt;</a>&nbsp;&nbsp;&nbsp;Command_exec_sysset
<LI><a href="#[13c]">&gt;&gt;</a>&nbsp;&nbsp;&nbsp;Command_exec_peripheral
<LI><a href="#[123]">&gt;&gt;</a>&nbsp;&nbsp;&nbsp;Command_exec_otherset
<LI><a href="#[103]">&gt;&gt;</a>&nbsp;&nbsp;&nbsp;Command_exec_motor_other
<LI><a href="#[d7]">&gt;&gt;</a>&nbsp;&nbsp;&nbsp;Command_exec_motor_density
<LI><a href="#[d2]">&gt;&gt;</a>&nbsp;&nbsp;&nbsp;Command_exec_dct
<LI><a href="#[cf]">&gt;&gt;</a>&nbsp;&nbsp;&nbsp;Command_exec_data_store
<LI><a href="#[cd]">&gt;&gt;</a>&nbsp;&nbsp;&nbsp;Command_exec_checkonline
<LI><a href="#[be]">&gt;&gt;</a>&nbsp;&nbsp;&nbsp;Command_exec_alarm
<LI><a href="#[b9]">&gt;&gt;</a>&nbsp;&nbsp;&nbsp;Command_exec_Testcode
</UL>

<P><STRONG><a name="[b1]"></a>Check_Can_ERR_loop</STRONG> (Thumb, 34 bytes, Stack size 8 bytes, can.o(i.Check_Can_ERR_loop))
<BR><BR>[Stack]<UL><LI>Max Depth = 8<LI>Call Chain = Check_Can_ERR_loop
</UL>
<BR>[Calls]<UL><LI><a href="#[b2]">&gt;&gt;</a>&nbsp;&nbsp;&nbsp;arch_LED_Setup
</UL>
<BR>[Called By]<UL><LI><a href="#[5b]">&gt;&gt;</a>&nbsp;&nbsp;&nbsp;main
</UL>

<P><STRONG><a name="[b3]"></a>Check_DirStatus</STRONG> (Thumb, 52 bytes, Stack size 8 bytes, main.o(i.Check_DirStatus))
<BR><BR>[Stack]<UL><LI>Max Depth = 24<LI>Call Chain = Check_DirStatus &rArr; arch_Get_DirStatus
</UL>
<BR>[Calls]<UL><LI><a href="#[98]">&gt;&gt;</a>&nbsp;&nbsp;&nbsp;alert_push
<LI><a href="#[b4]">&gt;&gt;</a>&nbsp;&nbsp;&nbsp;arch_Get_DirStatus
</UL>
<BR>[Called By]<UL><LI><a href="#[be]">&gt;&gt;</a>&nbsp;&nbsp;&nbsp;Command_exec_alarm
</UL>

<P><STRONG><a name="[b5]"></a>Check_DirStatus_new</STRONG> (Thumb, 60 bytes, Stack size 16 bytes, main.o(i.Check_DirStatus_new))
<BR><BR>[Stack]<UL><LI>Max Depth = 24<LI>Call Chain = Check_DirStatus_new &rArr; arch_get_dir2
</UL>
<BR>[Calls]<UL><LI><a href="#[b7]">&gt;&gt;</a>&nbsp;&nbsp;&nbsp;arch_get_dir2
<LI><a href="#[b6]">&gt;&gt;</a>&nbsp;&nbsp;&nbsp;arch_get_dir1
</UL>
<BR>[Called By]<UL><LI><a href="#[38b]">&gt;&gt;</a>&nbsp;&nbsp;&nbsp;time_250us_prog
</UL>

<P><STRONG><a name="[2c3]"></a>Check_Ecoder_is_stable</STRONG> (Thumb, 26 bytes, Stack size 0 bytes, encoder.o(i.Check_Ecoder_is_stable))
<BR><BR>[Called By]<UL><LI><a href="#[185]">&gt;&gt;</a>&nbsp;&nbsp;&nbsp;StepMotor_exec
</UL>

<P><STRONG><a name="[146]"></a>Check_is_MT6813PWM_Mode</STRONG> (Thumb, 6 bytes, Stack size 0 bytes, time.o(i.Check_is_MT6813PWM_Mode))
<BR><BR>[Called By]<UL><LI><a href="#[13c]">&gt;&gt;</a>&nbsp;&nbsp;&nbsp;Command_exec_peripheral
<LI><a href="#[1a3]">&gt;&gt;</a>&nbsp;&nbsp;&nbsp;SSI_Read
<LI><a href="#[394]">&gt;&gt;</a>&nbsp;&nbsp;&nbsp;tim3_pwm_timeout_loop
<LI><a href="#[5b]">&gt;&gt;</a>&nbsp;&nbsp;&nbsp;main
<LI><a href="#[1bc]">&gt;&gt;</a>&nbsp;&nbsp;&nbsp;Encoder_Poll
<LI><a href="#[185]">&gt;&gt;</a>&nbsp;&nbsp;&nbsp;StepMotor_exec
</UL>

<P><STRONG><a name="[2c7]"></a>Check_step_stop_timeout</STRONG> (Thumb, 38 bytes, Stack size 0 bytes, step.o(i.Check_step_stop_timeout))
<BR><BR>[Called By]<UL><LI><a href="#[ba]">&gt;&gt;</a>&nbsp;&nbsp;&nbsp;StepMotor_justrun
<LI><a href="#[2c8]">&gt;&gt;</a>&nbsp;&nbsp;&nbsp;StepMotor_exec_new_dd
<LI><a href="#[185]">&gt;&gt;</a>&nbsp;&nbsp;&nbsp;StepMotor_exec
</UL>

<P><STRONG><a name="[b8]"></a>Checkin_need_send_data</STRONG> (Thumb, 42 bytes, Stack size 8 bytes, arch_stm32.o(i.Checkin_need_send_data))
<BR><BR>[Stack]<UL><LI>Max Depth = 84<LI>Call Chain = Checkin_need_send_data &rArr; Message_Send_4halfword &rArr; arch_SendMessage &rArr; Message_TX_Push &rArr; alert_push
</UL>
<BR>[Calls]<UL><LI><a href="#[b0]">&gt;&gt;</a>&nbsp;&nbsp;&nbsp;Message_Send_4halfword
</UL>
<BR>[Called By]<UL><LI><a href="#[5b]">&gt;&gt;</a>&nbsp;&nbsp;&nbsp;main
</UL>

<P><STRONG><a name="[338]"></a>Clear_alarm_status_withMASK</STRONG> (Thumb, 30 bytes, Stack size 0 bytes, arch_stm32.o(i.Clear_alarm_status_withMASK))
<BR><BR>[Called By]<UL><LI><a href="#[24e]">&gt;&gt;</a>&nbsp;&nbsp;&nbsp;arch_power_IC_fault_check
<LI><a href="#[24b]">&gt;&gt;</a>&nbsp;&nbsp;&nbsp;arch_YARN_Overload_Check
<LI><a href="#[24d]">&gt;&gt;</a>&nbsp;&nbsp;&nbsp;arch_Jacquard_Overload_Check
<LI><a href="#[24a]">&gt;&gt;</a>&nbsp;&nbsp;&nbsp;arch_AD24_Overload_Check
<LI><a href="#[24c]">&gt;&gt;</a>&nbsp;&nbsp;&nbsp;arch_ACT_Overload_Check
</UL>

<P><STRONG><a name="[b9]"></a>Command_exec_Testcode</STRONG> (Thumb, 442 bytes, Stack size 16 bytes, main.o(i.Command_exec_Testcode))
<BR><BR>[Stack]<UL><LI>Max Depth = 132<LI>Call Chain = Command_exec_Testcode &rArr; StepMotor_justrun &rArr; arch_StepMotor_Stop &rArr; Message_send_log_LX &rArr; arch_SendMessage &rArr; Message_TX_Push &rArr; alert_push
</UL>
<BR>[Calls]<UL><LI><a href="#[af]">&gt;&gt;</a>&nbsp;&nbsp;&nbsp;Check_CMD_is_Support
<LI><a href="#[ba]">&gt;&gt;</a>&nbsp;&nbsp;&nbsp;StepMotor_justrun
<LI><a href="#[bd]">&gt;&gt;</a>&nbsp;&nbsp;&nbsp;Setlogid
<LI><a href="#[bb]">&gt;&gt;</a>&nbsp;&nbsp;&nbsp;Send_postion_ecode
<LI><a href="#[bc]">&gt;&gt;</a>&nbsp;&nbsp;&nbsp;Send_coder_info
<LI><a href="#[b0]">&gt;&gt;</a>&nbsp;&nbsp;&nbsp;Message_Send_4halfword
</UL>
<BR>[Called By]<UL><LI><a href="#[173]">&gt;&gt;</a>&nbsp;&nbsp;&nbsp;Command_loop
</UL>

<P><STRONG><a name="[be]"></a>Command_exec_alarm</STRONG> (Thumb, 668 bytes, Stack size 8 bytes, main.o(i.Command_exec_alarm))
<BR><BR>[Stack]<UL><LI>Max Depth = 364<LI>Call Chain = Command_exec_alarm &rArr; Exec_alarm_check_end &rArr; exec_EMF_YARN_ &rArr; Exec_EMF &rArr; arch_YARNEMF_Setup &rArr; arch_YARN_Step_Setup &rArr; StepMotor_exec &rArr; StepMotor_Reset &rArr; arch_StepMotor_Stop &rArr; Message_send_log_LX &rArr; arch_SendMessage &rArr; Message_TX_Push &rArr; alert_push
</UL>
<BR>[Calls]<UL><LI><a href="#[b3]">&gt;&gt;</a>&nbsp;&nbsp;&nbsp;Check_DirStatus
<LI><a href="#[af]">&gt;&gt;</a>&nbsp;&nbsp;&nbsp;Check_CMD_is_Support
<LI><a href="#[c7]">&gt;&gt;</a>&nbsp;&nbsp;&nbsp;tanzhen_zt_get
<LI><a href="#[c6]">&gt;&gt;</a>&nbsp;&nbsp;&nbsp;tanzhen_delay_set
<LI><a href="#[cc]">&gt;&gt;</a>&nbsp;&nbsp;&nbsp;alert_Set_overloaddata
<LI><a href="#[cb]">&gt;&gt;</a>&nbsp;&nbsp;&nbsp;Send_alert_content_loop
<LI><a href="#[90]">&gt;&gt;</a>&nbsp;&nbsp;&nbsp;Alert_Clear
<LI><a href="#[bf]">&gt;&gt;</a>&nbsp;&nbsp;&nbsp;arch_check_power_isok
<LI><a href="#[c0]">&gt;&gt;</a>&nbsp;&nbsp;&nbsp;arch_Power_ctrl_ex
<LI><a href="#[c1]">&gt;&gt;</a>&nbsp;&nbsp;&nbsp;arch_8844_Reset
<LI><a href="#[c5]">&gt;&gt;</a>&nbsp;&nbsp;&nbsp;OverLoad_Setup
<LI><a href="#[b0]">&gt;&gt;</a>&nbsp;&nbsp;&nbsp;Message_Send_4halfword
<LI><a href="#[c2]">&gt;&gt;</a>&nbsp;&nbsp;&nbsp;Message_Send
<LI><a href="#[c3]">&gt;&gt;</a>&nbsp;&nbsp;&nbsp;Get_ErrorStatus
<LI><a href="#[c4]">&gt;&gt;</a>&nbsp;&nbsp;&nbsp;Encoder_sendError
<LI><a href="#[c9]">&gt;&gt;</a>&nbsp;&nbsp;&nbsp;Exec_alarm_shock
<LI><a href="#[ca]">&gt;&gt;</a>&nbsp;&nbsp;&nbsp;Exec_alarm_check_start
<LI><a href="#[c8]">&gt;&gt;</a>&nbsp;&nbsp;&nbsp;Exec_alarm_check_end
</UL>
<BR>[Called By]<UL><LI><a href="#[173]">&gt;&gt;</a>&nbsp;&nbsp;&nbsp;Command_loop
</UL>

<P><STRONG><a name="[cd]"></a>Command_exec_checkonline</STRONG> (Thumb, 60 bytes, Stack size 8 bytes, main.o(i.Command_exec_checkonline))
<BR><BR>[Stack]<UL><LI>Max Depth = 92<LI>Call Chain = Command_exec_checkonline &rArr; Check_CMD_is_Support &rArr; Message_Send_4halfword &rArr; arch_SendMessage &rArr; Message_TX_Push &rArr; alert_push
</UL>
<BR>[Calls]<UL><LI><a href="#[af]">&gt;&gt;</a>&nbsp;&nbsp;&nbsp;Check_CMD_is_Support
<LI><a href="#[ce]">&gt;&gt;</a>&nbsp;&nbsp;&nbsp;arch_Get_ID
<LI><a href="#[b0]">&gt;&gt;</a>&nbsp;&nbsp;&nbsp;Message_Send_4halfword
</UL>
<BR>[Called By]<UL><LI><a href="#[173]">&gt;&gt;</a>&nbsp;&nbsp;&nbsp;Command_loop
</UL>

<P><STRONG><a name="[cf]"></a>Command_exec_data_store</STRONG> (Thumb, 76 bytes, Stack size 16 bytes, main.o(i.Command_exec_data_store))
<BR><BR>[Stack]<UL><LI>Max Depth = 172<LI>Call Chain = Command_exec_data_store &rArr; Exec_Write_data_sys_Key &rArr; EE_Write &rArr; EE_WriteVariable &rArr; EE_PageTransfer &rArr; EE_VerifyPageFullWriteVariable &rArr; FLASH_ProgramHalfWord &rArr; FLASH_WaitForLastOperation
</UL>
<BR>[Calls]<UL><LI><a href="#[af]">&gt;&gt;</a>&nbsp;&nbsp;&nbsp;Check_CMD_is_Support
<LI><a href="#[d0]">&gt;&gt;</a>&nbsp;&nbsp;&nbsp;Exec_Write_data_sys_Key
<LI><a href="#[d1]">&gt;&gt;</a>&nbsp;&nbsp;&nbsp;Exec_Read_data_with_sys_key
</UL>
<BR>[Called By]<UL><LI><a href="#[173]">&gt;&gt;</a>&nbsp;&nbsp;&nbsp;Command_loop
</UL>

<P><STRONG><a name="[d2]"></a>Command_exec_dct</STRONG> (Thumb, 568 bytes, Stack size 24 bytes, main.o(i.Command_exec_dct))
<BR><BR>[Stack]<UL><LI>Max Depth = 348<LI>Call Chain = Command_exec_dct &rArr; Exec_EMF_isr_EX &rArr; Exec_EMF &rArr; arch_YARNEMF_Setup &rArr; arch_YARN_Step_Setup &rArr; StepMotor_exec &rArr; StepMotor_Reset &rArr; arch_StepMotor_Stop &rArr; Message_send_log_LX &rArr; arch_SendMessage &rArr; Message_TX_Push &rArr; alert_push
</UL>
<BR>[Calls]<UL><LI><a href="#[af]">&gt;&gt;</a>&nbsp;&nbsp;&nbsp;Check_CMD_is_Support
<LI><a href="#[98]">&gt;&gt;</a>&nbsp;&nbsp;&nbsp;alert_push
<LI><a href="#[bf]">&gt;&gt;</a>&nbsp;&nbsp;&nbsp;arch_check_power_isok
<LI><a href="#[b0]">&gt;&gt;</a>&nbsp;&nbsp;&nbsp;Message_Send_4halfword
<LI><a href="#[d4]">&gt;&gt;</a>&nbsp;&nbsp;&nbsp;Get_base_DC24_zero
<LI><a href="#[d5]">&gt;&gt;</a>&nbsp;&nbsp;&nbsp;Exec_EMF_isr_EX
<LI><a href="#[d3]">&gt;&gt;</a>&nbsp;&nbsp;&nbsp;Exec_EMF_isr
<LI><a href="#[d6]">&gt;&gt;</a>&nbsp;&nbsp;&nbsp;Exec_EMF_GET_EX
</UL>
<BR>[Called By]<UL><LI><a href="#[173]">&gt;&gt;</a>&nbsp;&nbsp;&nbsp;Command_loop
</UL>

<P><STRONG><a name="[d7]"></a>Command_exec_motor_density</STRONG> (Thumb, 1650 bytes, Stack size 24 bytes, main.o(i.Command_exec_motor_density))
<BR><BR>[Stack]<UL><LI>Max Depth = 292<LI>Call Chain = Command_exec_motor_density &rArr; StepMotor_isr_exec_new_dd &rArr; StepMotor_exec_new_dd &rArr; StepMotor_Reset &rArr; arch_StepMotor_Stop &rArr; Message_send_log_LX &rArr; arch_SendMessage &rArr; Message_TX_Push &rArr; alert_push
</UL>
<BR>[Calls]<UL><LI><a href="#[af]">&gt;&gt;</a>&nbsp;&nbsp;&nbsp;Check_CMD_is_Support
<LI><a href="#[98]">&gt;&gt;</a>&nbsp;&nbsp;&nbsp;alert_push
<LI><a href="#[bf]">&gt;&gt;</a>&nbsp;&nbsp;&nbsp;arch_check_power_isok
<LI><a href="#[ef]">&gt;&gt;</a>&nbsp;&nbsp;&nbsp;Step_Motor_Set_Check_all
<LI><a href="#[f7]">&gt;&gt;</a>&nbsp;&nbsp;&nbsp;StepMotor_set_maxspeed_DD_HZ
<LI><a href="#[101]">&gt;&gt;</a>&nbsp;&nbsp;&nbsp;StepMotor_other_Set_Zerowide_inputerror
<LI><a href="#[102]">&gt;&gt;</a>&nbsp;&nbsp;&nbsp;StepMotor_other_Get_Zerowide_inputerror
<LI><a href="#[f6]">&gt;&gt;</a>&nbsp;&nbsp;&nbsp;StepMotor_isr_exec_new_dd
<LI><a href="#[e5]">&gt;&gt;</a>&nbsp;&nbsp;&nbsp;StepMotor_isr_exec
<LI><a href="#[e0]">&gt;&gt;</a>&nbsp;&nbsp;&nbsp;StepMotor_get_no_with_IDall
<LI><a href="#[f0]">&gt;&gt;</a>&nbsp;&nbsp;&nbsp;StepMotor_Setup_Resolution
<LI><a href="#[ed]">&gt;&gt;</a>&nbsp;&nbsp;&nbsp;StepMotor_Setup_Direction_log
<LI><a href="#[ec]">&gt;&gt;</a>&nbsp;&nbsp;&nbsp;StepMotor_Setup_Direction
<LI><a href="#[ea]">&gt;&gt;</a>&nbsp;&nbsp;&nbsp;StepMotor_Setup_Active
<LI><a href="#[f2]">&gt;&gt;</a>&nbsp;&nbsp;&nbsp;StepMotor_Set_zero_type_
<LI><a href="#[f3]">&gt;&gt;</a>&nbsp;&nbsp;&nbsp;StepMotor_Set_zero_detect
<LI><a href="#[f4]">&gt;&gt;</a>&nbsp;&nbsp;&nbsp;StepMotor_Set_movetozero_adv_steps
<LI><a href="#[f1]">&gt;&gt;</a>&nbsp;&nbsp;&nbsp;StepMotor_Set_Zero_go_Steps
<LI><a href="#[eb]">&gt;&gt;</a>&nbsp;&nbsp;&nbsp;StepMotor_Set_VeryMode
<LI><a href="#[f8]">&gt;&gt;</a>&nbsp;&nbsp;&nbsp;StepMotor_Set_Speed_EX
<LI><a href="#[e8]">&gt;&gt;</a>&nbsp;&nbsp;&nbsp;StepMotor_Set_Speed
<LI><a href="#[e9]">&gt;&gt;</a>&nbsp;&nbsp;&nbsp;StepMotor_Set_Reset_Speed
<LI><a href="#[f5]">&gt;&gt;</a>&nbsp;&nbsp;&nbsp;StepMotor_Set_Reset_Delay_Time
<LI><a href="#[e6]">&gt;&gt;</a>&nbsp;&nbsp;&nbsp;StepMotor_Set_Position
<LI><a href="#[d8]">&gt;&gt;</a>&nbsp;&nbsp;&nbsp;StepMotor_Set_MAXSpeed_DD
<LI><a href="#[e7]">&gt;&gt;</a>&nbsp;&nbsp;&nbsp;StepMotor_Set_Input_error
<LI><a href="#[ee]">&gt;&gt;</a>&nbsp;&nbsp;&nbsp;StepMotor_Set_FastMode
<LI><a href="#[100]">&gt;&gt;</a>&nbsp;&nbsp;&nbsp;StepMotor_Set_Density_check_zero_data
<LI><a href="#[de]">&gt;&gt;</a>&nbsp;&nbsp;&nbsp;StepMotor_Reset_RightMotor
<LI><a href="#[db]">&gt;&gt;</a>&nbsp;&nbsp;&nbsp;StepMotor_Reset_LeftMotor
<LI><a href="#[dc]">&gt;&gt;</a>&nbsp;&nbsp;&nbsp;StepMotor_Reset
<LI><a href="#[e3]">&gt;&gt;</a>&nbsp;&nbsp;&nbsp;StepMotor_Get_Position
<LI><a href="#[d9]">&gt;&gt;</a>&nbsp;&nbsp;&nbsp;StepMotor_DD_config
<LI><a href="#[dd]">&gt;&gt;</a>&nbsp;&nbsp;&nbsp;StepMotor_All_Reset
<LI><a href="#[e4]">&gt;&gt;</a>&nbsp;&nbsp;&nbsp;Motor_is_doing_bind_cmd
<LI><a href="#[da]">&gt;&gt;</a>&nbsp;&nbsp;&nbsp;Motor_bind_cmd_set
<LI><a href="#[fc]">&gt;&gt;</a>&nbsp;&nbsp;&nbsp;Motor_Set_minsteps_ecode_rang
<LI><a href="#[fb]">&gt;&gt;</a>&nbsp;&nbsp;&nbsp;Motor_Set_maxsteps_cw
<LI><a href="#[fe]">&gt;&gt;</a>&nbsp;&nbsp;&nbsp;Motor_Set_DM_check_area
<LI><a href="#[fd]">&gt;&gt;</a>&nbsp;&nbsp;&nbsp;Motor_Set_DM_Type
<LI><a href="#[ff]">&gt;&gt;</a>&nbsp;&nbsp;&nbsp;Motor_Get_All_postion
<LI><a href="#[b0]">&gt;&gt;</a>&nbsp;&nbsp;&nbsp;Message_Send_4halfword
<LI><a href="#[df]">&gt;&gt;</a>&nbsp;&nbsp;&nbsp;Get_StepMotor_isveryenable_IDall
<LI><a href="#[f9]">&gt;&gt;</a>&nbsp;&nbsp;&nbsp;Exec_Set_Step_check_Type
<LI><a href="#[fa]">&gt;&gt;</a>&nbsp;&nbsp;&nbsp;Exec_Set_DDM_need_Check
<LI><a href="#[e1]">&gt;&gt;</a>&nbsp;&nbsp;&nbsp;Get_Status_StepType_sig
<LI><a href="#[e2]">&gt;&gt;</a>&nbsp;&nbsp;&nbsp;Get_Status_StepType
</UL>
<BR>[Called By]<UL><LI><a href="#[173]">&gt;&gt;</a>&nbsp;&nbsp;&nbsp;Command_loop
</UL>

<P><STRONG><a name="[103]"></a>Command_exec_motor_other</STRONG> (Thumb, 1866 bytes, Stack size 24 bytes, main.o(i.Command_exec_motor_other))
<BR><BR>[Stack]<UL><LI>Max Depth = 324<LI>Call Chain = Command_exec_motor_other &rArr; StepMotor_Type_exec &rArr; StepMotor_Feet_exec_no &rArr; StepMotor_exec &rArr; StepMotor_Reset &rArr; arch_StepMotor_Stop &rArr; Message_send_log_LX &rArr; arch_SendMessage &rArr; Message_TX_Push &rArr; alert_push
</UL>
<BR>[Calls]<UL><LI><a href="#[af]">&gt;&gt;</a>&nbsp;&nbsp;&nbsp;Check_CMD_is_Support
<LI><a href="#[98]">&gt;&gt;</a>&nbsp;&nbsp;&nbsp;alert_push
<LI><a href="#[bf]">&gt;&gt;</a>&nbsp;&nbsp;&nbsp;arch_check_power_isok
<LI><a href="#[ce]">&gt;&gt;</a>&nbsp;&nbsp;&nbsp;arch_Get_ID
<LI><a href="#[116]">&gt;&gt;</a>&nbsp;&nbsp;&nbsp;Step_Set_work_check_pos
<LI><a href="#[ef]">&gt;&gt;</a>&nbsp;&nbsp;&nbsp;Step_Motor_Set_Check_all
<LI><a href="#[122]">&gt;&gt;</a>&nbsp;&nbsp;&nbsp;StepMotor_set_motor_signal_edg_return
<LI><a href="#[11e]">&gt;&gt;</a>&nbsp;&nbsp;&nbsp;StepMotor_set_LX_ACT_AUTOadj_enable
<LI><a href="#[101]">&gt;&gt;</a>&nbsp;&nbsp;&nbsp;StepMotor_other_Set_Zerowide_inputerror
<LI><a href="#[102]">&gt;&gt;</a>&nbsp;&nbsp;&nbsp;StepMotor_other_Get_Zerowide_inputerror
<LI><a href="#[11f]">&gt;&gt;</a>&nbsp;&nbsp;&nbsp;StepMotor_input_NCorNO_set
<LI><a href="#[120]">&gt;&gt;</a>&nbsp;&nbsp;&nbsp;StepMotor_alert_delay_cnt_set
<LI><a href="#[105]">&gt;&gt;</a>&nbsp;&nbsp;&nbsp;StepMotor_Type_exec
<LI><a href="#[109]">&gt;&gt;</a>&nbsp;&nbsp;&nbsp;StepMotor_Type_Set_Position
<LI><a href="#[107]">&gt;&gt;</a>&nbsp;&nbsp;&nbsp;StepMotor_Type_ResetALL
<LI><a href="#[106]">&gt;&gt;</a>&nbsp;&nbsp;&nbsp;StepMotor_Type_Reset
<LI><a href="#[114]">&gt;&gt;</a>&nbsp;&nbsp;&nbsp;StepMotor_Triangle_Set_Sign
<LI><a href="#[113]">&gt;&gt;</a>&nbsp;&nbsp;&nbsp;StepMotor_Triangle_Get_Sign
<LI><a href="#[112]">&gt;&gt;</a>&nbsp;&nbsp;&nbsp;StepMotor_Triangle_Get_Position
<LI><a href="#[11d]">&gt;&gt;</a>&nbsp;&nbsp;&nbsp;StepMotor_Speed_report
<LI><a href="#[f0]">&gt;&gt;</a>&nbsp;&nbsp;&nbsp;StepMotor_Setup_Resolution
<LI><a href="#[10e]">&gt;&gt;</a>&nbsp;&nbsp;&nbsp;StepMotor_Setup_ACTION_Para
<LI><a href="#[f2]">&gt;&gt;</a>&nbsp;&nbsp;&nbsp;StepMotor_Set_zero_type_
<LI><a href="#[118]">&gt;&gt;</a>&nbsp;&nbsp;&nbsp;StepMotor_Set_zero_dir
<LI><a href="#[f3]">&gt;&gt;</a>&nbsp;&nbsp;&nbsp;StepMotor_Set_zero_detect
<LI><a href="#[10b]">&gt;&gt;</a>&nbsp;&nbsp;&nbsp;StepMotor_Set_work_steps
<LI><a href="#[117]">&gt;&gt;</a>&nbsp;&nbsp;&nbsp;StepMotor_Set_Zero_go_Steps_ex
<LI><a href="#[f1]">&gt;&gt;</a>&nbsp;&nbsp;&nbsp;StepMotor_Set_Zero_go_Steps
<LI><a href="#[11b]">&gt;&gt;</a>&nbsp;&nbsp;&nbsp;StepMotor_Set_ZeroPos_WorkST
<LI><a href="#[121]">&gt;&gt;</a>&nbsp;&nbsp;&nbsp;StepMotor_Set_Work_disable_with_ZeroPos
<LI><a href="#[f8]">&gt;&gt;</a>&nbsp;&nbsp;&nbsp;StepMotor_Set_Speed_EX
<LI><a href="#[10c]">&gt;&gt;</a>&nbsp;&nbsp;&nbsp;StepMotor_Other_Set_isfast
<LI><a href="#[10d]">&gt;&gt;</a>&nbsp;&nbsp;&nbsp;StepMotor_Other_Set_Work_Enable
<LI><a href="#[10a]">&gt;&gt;</a>&nbsp;&nbsp;&nbsp;StepMotor_Other_SetSpeed
<LI><a href="#[115]">&gt;&gt;</a>&nbsp;&nbsp;&nbsp;StepMotor_Feet_Setup
<LI><a href="#[110]">&gt;&gt;</a>&nbsp;&nbsp;&nbsp;StepMotor_Action_Set_Position
<LI><a href="#[119]">&gt;&gt;</a>&nbsp;&nbsp;&nbsp;Set_Step_Motor_postion_ex
<LI><a href="#[11a]">&gt;&gt;</a>&nbsp;&nbsp;&nbsp;Set_Step_Motor_TO_Which_Postion
<LI><a href="#[11c]">&gt;&gt;</a>&nbsp;&nbsp;&nbsp;Set_LX_ex_adjData
<LI><a href="#[fc]">&gt;&gt;</a>&nbsp;&nbsp;&nbsp;Motor_Set_minsteps_ecode_rang
<LI><a href="#[fb]">&gt;&gt;</a>&nbsp;&nbsp;&nbsp;Motor_Set_maxsteps_cw
<LI><a href="#[b0]">&gt;&gt;</a>&nbsp;&nbsp;&nbsp;Message_Send_4halfword
<LI><a href="#[104]">&gt;&gt;</a>&nbsp;&nbsp;&nbsp;Get_StepMotor_isveryenable_IDself
<LI><a href="#[111]">&gt;&gt;</a>&nbsp;&nbsp;&nbsp;Exec_Triangle_step
<LI><a href="#[f9]">&gt;&gt;</a>&nbsp;&nbsp;&nbsp;Exec_Set_Step_check_Type
<LI><a href="#[108]">&gt;&gt;</a>&nbsp;&nbsp;&nbsp;Get_ZeroWorkStatus_StepType_sig
<LI><a href="#[e1]">&gt;&gt;</a>&nbsp;&nbsp;&nbsp;Get_Status_StepType_sig
<LI><a href="#[e2]">&gt;&gt;</a>&nbsp;&nbsp;&nbsp;Get_Status_StepType
<LI><a href="#[10f]">&gt;&gt;</a>&nbsp;&nbsp;&nbsp;Exec_Yarn_step_cmd
</UL>
<BR>[Called By]<UL><LI><a href="#[173]">&gt;&gt;</a>&nbsp;&nbsp;&nbsp;Command_loop
</UL>

<P><STRONG><a name="[123]"></a>Command_exec_otherset</STRONG> (Thumb, 876 bytes, Stack size 16 bytes, main.o(i.Command_exec_otherset))
<BR><BR>[Stack]<UL><LI>Max Depth = 776<LI>Call Chain = Command_exec_otherset &rArr; Upgrade_Boot &rArr; myprintf &rArr; myprint &rArr; myprintFloat &rArr; myprinti &rArr; myprints &rArr; myprintchar &rArr; USART_Out
</UL>
<BR>[Calls]<UL><LI><a href="#[af]">&gt;&gt;</a>&nbsp;&nbsp;&nbsp;Check_CMD_is_Support
<LI><a href="#[128]">&gt;&gt;</a>&nbsp;&nbsp;&nbsp;Get_Func_Type
<LI><a href="#[98]">&gt;&gt;</a>&nbsp;&nbsp;&nbsp;alert_push
<LI><a href="#[12a]">&gt;&gt;</a>&nbsp;&nbsp;&nbsp;arch_StepMotor_Disable
<LI><a href="#[12b]">&gt;&gt;</a>&nbsp;&nbsp;&nbsp;arch_Power_Off
<LI><a href="#[126]">&gt;&gt;</a>&nbsp;&nbsp;&nbsp;arch_Get_Board_Type_boot
<LI><a href="#[127]">&gt;&gt;</a>&nbsp;&nbsp;&nbsp;arch_Get_Board_Type
<LI><a href="#[12d]">&gt;&gt;</a>&nbsp;&nbsp;&nbsp;Upgrade_Start
<LI><a href="#[12c]">&gt;&gt;</a>&nbsp;&nbsp;&nbsp;Upgrade_Boot
<LI><a href="#[129]">&gt;&gt;</a>&nbsp;&nbsp;&nbsp;StepMotor_debug
<LI><a href="#[13b]">&gt;&gt;</a>&nbsp;&nbsp;&nbsp;Set_checkin_time
<LI><a href="#[13a]">&gt;&gt;</a>&nbsp;&nbsp;&nbsp;Set_check_mainbinding_timedelay
<LI><a href="#[b0]">&gt;&gt;</a>&nbsp;&nbsp;&nbsp;Message_Send_4halfword
<LI><a href="#[125]">&gt;&gt;</a>&nbsp;&nbsp;&nbsp;Get_Version
<LI><a href="#[12f]">&gt;&gt;</a>&nbsp;&nbsp;&nbsp;Get_Step_debug_msg
<LI><a href="#[124]">&gt;&gt;</a>&nbsp;&nbsp;&nbsp;Get_Special_attr
<LI><a href="#[130]">&gt;&gt;</a>&nbsp;&nbsp;&nbsp;Get_Head_config_Msg
<LI><a href="#[131]">&gt;&gt;</a>&nbsp;&nbsp;&nbsp;Exec_write_main_id_to_flash
<LI><a href="#[137]">&gt;&gt;</a>&nbsp;&nbsp;&nbsp;Exec_check_is_binding_ok
<LI><a href="#[136]">&gt;&gt;</a>&nbsp;&nbsp;&nbsp;Exec_check_Data_valid
<LI><a href="#[134]">&gt;&gt;</a>&nbsp;&nbsp;&nbsp;Exec_Set_main_id_timer
<LI><a href="#[132]">&gt;&gt;</a>&nbsp;&nbsp;&nbsp;Exec_Set_main_id_
<LI><a href="#[139]">&gt;&gt;</a>&nbsp;&nbsp;&nbsp;Exec_Set_Tryout_time_flash
<LI><a href="#[133]">&gt;&gt;</a>&nbsp;&nbsp;&nbsp;Exec_Send_main_flash_id_
<LI><a href="#[135]">&gt;&gt;</a>&nbsp;&nbsp;&nbsp;Exec_Get_head_id_
<LI><a href="#[138]">&gt;&gt;</a>&nbsp;&nbsp;&nbsp;Exec_Get_Binding_st_
<LI><a href="#[12e]">&gt;&gt;</a>&nbsp;&nbsp;&nbsp;Get_can_error_msg
</UL>
<BR>[Called By]<UL><LI><a href="#[173]">&gt;&gt;</a>&nbsp;&nbsp;&nbsp;Command_loop
</UL>

<P><STRONG><a name="[13c]"></a>Command_exec_peripheral</STRONG> (Thumb, 1840 bytes, Stack size 32 bytes, main.o(i.Command_exec_peripheral))
<BR><BR>[Stack]<UL><LI>Max Depth = 304<LI>Call Chain = Command_exec_peripheral &rArr; Encoder_Probe &rArr; myprintf &rArr; myprint &rArr; myprintFloat &rArr; myprinti &rArr; myprints &rArr; myprintchar &rArr; USART_Out
</UL>
<BR>[Calls]<UL><LI><a href="#[af]">&gt;&gt;</a>&nbsp;&nbsp;&nbsp;Check_CMD_is_Support
<LI><a href="#[98]">&gt;&gt;</a>&nbsp;&nbsp;&nbsp;alert_push
<LI><a href="#[13e]">&gt;&gt;</a>&nbsp;&nbsp;&nbsp;arch_StepMotor_Enable
<LI><a href="#[12a]">&gt;&gt;</a>&nbsp;&nbsp;&nbsp;arch_StepMotor_Disable
<LI><a href="#[c0]">&gt;&gt;</a>&nbsp;&nbsp;&nbsp;arch_Power_ctrl_ex
<LI><a href="#[13d]">&gt;&gt;</a>&nbsp;&nbsp;&nbsp;arch_Power_On
<LI><a href="#[12b]">&gt;&gt;</a>&nbsp;&nbsp;&nbsp;arch_Power_Off
<LI><a href="#[b4]">&gt;&gt;</a>&nbsp;&nbsp;&nbsp;arch_Get_DirStatus
<LI><a href="#[145]">&gt;&gt;</a>&nbsp;&nbsp;&nbsp;StepMotor_Set_Ecoder_dir_withzerodir
<LI><a href="#[13a]">&gt;&gt;</a>&nbsp;&nbsp;&nbsp;Set_check_mainbinding_timedelay
<LI><a href="#[15c]">&gt;&gt;</a>&nbsp;&nbsp;&nbsp;Set_Motor_steps_for_ACC_DEC
<LI><a href="#[158]">&gt;&gt;</a>&nbsp;&nbsp;&nbsp;SKER_step_PWMDA_Set_val
<LI><a href="#[b0]">&gt;&gt;</a>&nbsp;&nbsp;&nbsp;Message_Send_4halfword
<LI><a href="#[157]">&gt;&gt;</a>&nbsp;&nbsp;&nbsp;LIFT_step_PWMDA_Set_val
<LI><a href="#[f9]">&gt;&gt;</a>&nbsp;&nbsp;&nbsp;Exec_Set_Step_check_Type
<LI><a href="#[15b]">&gt;&gt;</a>&nbsp;&nbsp;&nbsp;Exec_Set_Step_Parameter_with_motortype
<LI><a href="#[14d]">&gt;&gt;</a>&nbsp;&nbsp;&nbsp;Encoder_setZero
<LI><a href="#[150]">&gt;&gt;</a>&nbsp;&nbsp;&nbsp;Encoder_setThreshold
<LI><a href="#[14f]">&gt;&gt;</a>&nbsp;&nbsp;&nbsp;Encoder_setDir
<LI><a href="#[151]">&gt;&gt;</a>&nbsp;&nbsp;&nbsp;Encoder_rPos
<LI><a href="#[14c]">&gt;&gt;</a>&nbsp;&nbsp;&nbsp;Encoder_maskZero
<LI><a href="#[14e]">&gt;&gt;</a>&nbsp;&nbsp;&nbsp;Encoder_getZero
<LI><a href="#[14a]">&gt;&gt;</a>&nbsp;&nbsp;&nbsp;Encoder_getCoder
<LI><a href="#[14b]">&gt;&gt;</a>&nbsp;&nbsp;&nbsp;Encoder_autoZero
<LI><a href="#[153]">&gt;&gt;</a>&nbsp;&nbsp;&nbsp;Encoder_adjPosAll
<LI><a href="#[152]">&gt;&gt;</a>&nbsp;&nbsp;&nbsp;Encoder_adjPos
<LI><a href="#[142]">&gt;&gt;</a>&nbsp;&nbsp;&nbsp;Encoder_Set_minsteps_rang
<LI><a href="#[141]">&gt;&gt;</a>&nbsp;&nbsp;&nbsp;Encoder_Set_Goback_Steps
<LI><a href="#[149]">&gt;&gt;</a>&nbsp;&nbsp;&nbsp;Encoder_Probe
<LI><a href="#[154]">&gt;&gt;</a>&nbsp;&nbsp;&nbsp;Encoder_Get_state
<LI><a href="#[143]">&gt;&gt;</a>&nbsp;&nbsp;&nbsp;Encoder_Get_Max_Steps
<LI><a href="#[144]">&gt;&gt;</a>&nbsp;&nbsp;&nbsp;Encoder_Enable_mask
<LI><a href="#[148]">&gt;&gt;</a>&nbsp;&nbsp;&nbsp;Encoder_Enable
<LI><a href="#[15d]">&gt;&gt;</a>&nbsp;&nbsp;&nbsp;Ecode_CS_set
<LI><a href="#[147]">&gt;&gt;</a>&nbsp;&nbsp;&nbsp;Ecode_CS_for_MT6813
<LI><a href="#[156]">&gt;&gt;</a>&nbsp;&nbsp;&nbsp;DAC_SetVoltage_channel2
<LI><a href="#[155]">&gt;&gt;</a>&nbsp;&nbsp;&nbsp;DAC_SetVoltage_channel1
<LI><a href="#[146]">&gt;&gt;</a>&nbsp;&nbsp;&nbsp;Check_is_MT6813PWM_Mode
<LI><a href="#[d4]">&gt;&gt;</a>&nbsp;&nbsp;&nbsp;Get_base_DC24_zero
<LI><a href="#[140]">&gt;&gt;</a>&nbsp;&nbsp;&nbsp;Get_ZeroStatus_log
<LI><a href="#[13f]">&gt;&gt;</a>&nbsp;&nbsp;&nbsp;Get_ZeroStatus
<LI><a href="#[159]">&gt;&gt;</a>&nbsp;&nbsp;&nbsp;Get_SIG_PH_Status
<LI><a href="#[15a]">&gt;&gt;</a>&nbsp;&nbsp;&nbsp;Exec_Set_Motor_Curr
</UL>
<BR>[Called By]<UL><LI><a href="#[173]">&gt;&gt;</a>&nbsp;&nbsp;&nbsp;Command_loop
</UL>

<P><STRONG><a name="[15e]"></a>Command_exec_sysset</STRONG> (Thumb, 384 bytes, Stack size 8 bytes, main.o(i.Command_exec_sysset))
<BR><BR>[Stack]<UL><LI>Max Depth = 252<LI>Call Chain = Command_exec_sysset &rArr; StepMotor_isr_exec &rArr; StepMotor_exec &rArr; StepMotor_Reset &rArr; arch_StepMotor_Stop &rArr; Message_send_log_LX &rArr; arch_SendMessage &rArr; Message_TX_Push &rArr; alert_push
</UL>
<BR>[Calls]<UL><LI><a href="#[af]">&gt;&gt;</a>&nbsp;&nbsp;&nbsp;Check_CMD_is_Support
<LI><a href="#[164]">&gt;&gt;</a>&nbsp;&nbsp;&nbsp;Stepmotor_get_Head_Mode
<LI><a href="#[161]">&gt;&gt;</a>&nbsp;&nbsp;&nbsp;Stepmotor_Set_zerotype_with_NO
<LI><a href="#[160]">&gt;&gt;</a>&nbsp;&nbsp;&nbsp;Stepmotor_Set_inputID_with_NO
<LI><a href="#[15f]">&gt;&gt;</a>&nbsp;&nbsp;&nbsp;Stepmotor_Set_ID_Type_with_NO
<LI><a href="#[e5]">&gt;&gt;</a>&nbsp;&nbsp;&nbsp;StepMotor_isr_exec
<LI><a href="#[163]">&gt;&gt;</a>&nbsp;&nbsp;&nbsp;StepMotor_Set_with_Head_Mode
<LI><a href="#[e6]">&gt;&gt;</a>&nbsp;&nbsp;&nbsp;StepMotor_Set_Position
<LI><a href="#[dc]">&gt;&gt;</a>&nbsp;&nbsp;&nbsp;StepMotor_Reset
<LI><a href="#[162]">&gt;&gt;</a>&nbsp;&nbsp;&nbsp;StepMotor_Get_Zero_ST
<LI><a href="#[e3]">&gt;&gt;</a>&nbsp;&nbsp;&nbsp;StepMotor_Get_Position
<LI><a href="#[b0]">&gt;&gt;</a>&nbsp;&nbsp;&nbsp;Message_Send_4halfword
<LI><a href="#[165]">&gt;&gt;</a>&nbsp;&nbsp;&nbsp;Get_Step_data
</UL>
<BR>[Called By]<UL><LI><a href="#[173]">&gt;&gt;</a>&nbsp;&nbsp;&nbsp;Command_loop
</UL>

<P><STRONG><a name="[175]"></a>Command_exec_undefine</STRONG> (Thumb, 10 bytes, Stack size 0 bytes, main.o(i.Command_exec_undefine))
<BR><BR>[Called By]<UL><LI><a href="#[173]">&gt;&gt;</a>&nbsp;&nbsp;&nbsp;Command_loop
</UL>

<P><STRONG><a name="[166]"></a>Command_exec_xzq</STRONG> (Thumb, 1306 bytes, Stack size 24 bytes, main.o(i.Command_exec_xzq))
<BR><BR>[Stack]<UL><LI>Max Depth = 132<LI>Call Chain = Command_exec_xzq &rArr; Exec_Jacquard_ex &rArr; arch_Jacquard_Setup &rArr; arch_Set_check_JQD_YARN_ACT
</UL>
<BR>[Calls]<UL><LI><a href="#[af]">&gt;&gt;</a>&nbsp;&nbsp;&nbsp;Check_CMD_is_Support
<LI><a href="#[98]">&gt;&gt;</a>&nbsp;&nbsp;&nbsp;alert_push
<LI><a href="#[bf]">&gt;&gt;</a>&nbsp;&nbsp;&nbsp;arch_check_power_isok
<LI><a href="#[ce]">&gt;&gt;</a>&nbsp;&nbsp;&nbsp;arch_Get_ID
<LI><a href="#[b0]">&gt;&gt;</a>&nbsp;&nbsp;&nbsp;Message_Send_4halfword
<LI><a href="#[169]">&gt;&gt;</a>&nbsp;&nbsp;&nbsp;check_first_getinto_Knit_area
<LI><a href="#[16a]">&gt;&gt;</a>&nbsp;&nbsp;&nbsp;Needle_isr
<LI><a href="#[172]">&gt;&gt;</a>&nbsp;&nbsp;&nbsp;Jacquard_blade_remap
<LI><a href="#[16f]">&gt;&gt;</a>&nbsp;&nbsp;&nbsp;Jacquard_Set_Blade
<LI><a href="#[167]">&gt;&gt;</a>&nbsp;&nbsp;&nbsp;Jacquard_Init_blade
<LI><a href="#[168]">&gt;&gt;</a>&nbsp;&nbsp;&nbsp;Jacquard_Init
<LI><a href="#[16d]">&gt;&gt;</a>&nbsp;&nbsp;&nbsp;Jacquard_Get_jqdBlade
<LI><a href="#[16c]">&gt;&gt;</a>&nbsp;&nbsp;&nbsp;Jacquard_Get_Blade
<LI><a href="#[d4]">&gt;&gt;</a>&nbsp;&nbsp;&nbsp;Get_base_DC24_zero
<LI><a href="#[16e]">&gt;&gt;</a>&nbsp;&nbsp;&nbsp;Exec_new_check_JQD_status
<LI><a href="#[170]">&gt;&gt;</a>&nbsp;&nbsp;&nbsp;Exec_Jacquard_ex
<LI><a href="#[16b]">&gt;&gt;</a>&nbsp;&nbsp;&nbsp;Exec_Jacquard
<LI><a href="#[171]">&gt;&gt;</a>&nbsp;&nbsp;&nbsp;Exec_JQD_GET_EX
</UL>
<BR>[Called By]<UL><LI><a href="#[173]">&gt;&gt;</a>&nbsp;&nbsp;&nbsp;Command_loop
</UL>

<P><STRONG><a name="[173]"></a>Command_loop</STRONG> (Thumb, 352 bytes, Stack size 32 bytes, main.o(i.Command_loop))
<BR><BR>[Stack]<UL><LI>Max Depth = 808<LI>Call Chain = Command_loop &rArr; Command_exec_otherset &rArr; Upgrade_Boot &rArr; myprintf &rArr; myprint &rArr; myprintFloat &rArr; myprinti &rArr; myprints &rArr; myprintchar &rArr; USART_Out
</UL>
<BR>[Calls]<UL><LI><a href="#[166]">&gt;&gt;</a>&nbsp;&nbsp;&nbsp;Command_exec_xzq
<LI><a href="#[175]">&gt;&gt;</a>&nbsp;&nbsp;&nbsp;Command_exec_undefine
<LI><a href="#[15e]">&gt;&gt;</a>&nbsp;&nbsp;&nbsp;Command_exec_sysset
<LI><a href="#[13c]">&gt;&gt;</a>&nbsp;&nbsp;&nbsp;Command_exec_peripheral
<LI><a href="#[123]">&gt;&gt;</a>&nbsp;&nbsp;&nbsp;Command_exec_otherset
<LI><a href="#[103]">&gt;&gt;</a>&nbsp;&nbsp;&nbsp;Command_exec_motor_other
<LI><a href="#[d7]">&gt;&gt;</a>&nbsp;&nbsp;&nbsp;Command_exec_motor_density
<LI><a href="#[d2]">&gt;&gt;</a>&nbsp;&nbsp;&nbsp;Command_exec_dct
<LI><a href="#[cf]">&gt;&gt;</a>&nbsp;&nbsp;&nbsp;Command_exec_data_store
<LI><a href="#[cd]">&gt;&gt;</a>&nbsp;&nbsp;&nbsp;Command_exec_checkonline
<LI><a href="#[be]">&gt;&gt;</a>&nbsp;&nbsp;&nbsp;Command_exec_alarm
<LI><a href="#[b9]">&gt;&gt;</a>&nbsp;&nbsp;&nbsp;Command_exec_Testcode
<LI><a href="#[98]">&gt;&gt;</a>&nbsp;&nbsp;&nbsp;alert_push
<LI><a href="#[174]">&gt;&gt;</a>&nbsp;&nbsp;&nbsp;Message_Pop
</UL>
<BR>[Called By]<UL><LI><a href="#[5b]">&gt;&gt;</a>&nbsp;&nbsp;&nbsp;main
</UL>

<P><STRONG><a name="[178]"></a>DAC_Cmd</STRONG> (Thumb, 30 bytes, Stack size 0 bytes, stm32f2xx_dac.o(i.DAC_Cmd))
<BR><BR>[Called By]<UL><LI><a href="#[176]">&gt;&gt;</a>&nbsp;&nbsp;&nbsp;DAC_HardInit
</UL>

<P><STRONG><a name="[176]"></a>DAC_HardInit</STRONG> (Thumb, 66 bytes, Stack size 24 bytes, adc.o(i.DAC_HardInit))
<BR><BR>[Stack]<UL><LI>Max Depth = 28<LI>Call Chain = DAC_HardInit &rArr; DAC_Init
</UL>
<BR>[Calls]<UL><LI><a href="#[a0]">&gt;&gt;</a>&nbsp;&nbsp;&nbsp;RCC_APB1PeriphClockCmd
<LI><a href="#[177]">&gt;&gt;</a>&nbsp;&nbsp;&nbsp;DAC_Init
<LI><a href="#[178]">&gt;&gt;</a>&nbsp;&nbsp;&nbsp;DAC_Cmd
</UL>
<BR>[Called By]<UL><LI><a href="#[362]">&gt;&gt;</a>&nbsp;&nbsp;&nbsp;arch_init
</UL>

<P><STRONG><a name="[177]"></a>DAC_Init</STRONG> (Thumb, 50 bytes, Stack size 4 bytes, stm32f2xx_dac.o(i.DAC_Init))
<BR><BR>[Stack]<UL><LI>Max Depth = 4<LI>Call Chain = DAC_Init
</UL>
<BR>[Called By]<UL><LI><a href="#[176]">&gt;&gt;</a>&nbsp;&nbsp;&nbsp;DAC_HardInit
</UL>

<P><STRONG><a name="[17a]"></a>DAC_SetChannel1Data</STRONG> (Thumb, 22 bytes, Stack size 4 bytes, stm32f2xx_dac.o(i.DAC_SetChannel1Data))
<BR><BR>[Stack]<UL><LI>Max Depth = 4<LI>Call Chain = DAC_SetChannel1Data
</UL>
<BR>[Called By]<UL><LI><a href="#[155]">&gt;&gt;</a>&nbsp;&nbsp;&nbsp;DAC_SetVoltage_channel1
</UL>

<P><STRONG><a name="[17c]"></a>DAC_SetChannel2Data</STRONG> (Thumb, 22 bytes, Stack size 4 bytes, stm32f2xx_dac.o(i.DAC_SetChannel2Data))
<BR><BR>[Stack]<UL><LI>Max Depth = 4<LI>Call Chain = DAC_SetChannel2Data
</UL>
<BR>[Called By]<UL><LI><a href="#[156]">&gt;&gt;</a>&nbsp;&nbsp;&nbsp;DAC_SetVoltage_channel2
</UL>

<P><STRONG><a name="[155]"></a>DAC_SetVoltage_channel1</STRONG> (Thumb, 40 bytes, Stack size 8 bytes, adc.o(i.DAC_SetVoltage_channel1))
<BR><BR>[Stack]<UL><LI>Max Depth = 12<LI>Call Chain = DAC_SetVoltage_channel1 &rArr; DAC_SetChannel1Data
</UL>
<BR>[Calls]<UL><LI><a href="#[179]">&gt;&gt;</a>&nbsp;&nbsp;&nbsp;arch_need_current_add
<LI><a href="#[17b]">&gt;&gt;</a>&nbsp;&nbsp;&nbsp;DAC_SoftwareTriggerCmd
<LI><a href="#[17a]">&gt;&gt;</a>&nbsp;&nbsp;&nbsp;DAC_SetChannel1Data
</UL>
<BR>[Called By]<UL><LI><a href="#[13c]">&gt;&gt;</a>&nbsp;&nbsp;&nbsp;Command_exec_peripheral
<LI><a href="#[5b]">&gt;&gt;</a>&nbsp;&nbsp;&nbsp;main
<LI><a href="#[1e0]">&gt;&gt;</a>&nbsp;&nbsp;&nbsp;Exec_Set_Motor_Curr_phi_with_stepno
<LI><a href="#[1dd]">&gt;&gt;</a>&nbsp;&nbsp;&nbsp;Exec_Set_Motor_Curr_phi
</UL>

<P><STRONG><a name="[156]"></a>DAC_SetVoltage_channel2</STRONG> (Thumb, 40 bytes, Stack size 8 bytes, adc.o(i.DAC_SetVoltage_channel2))
<BR><BR>[Stack]<UL><LI>Max Depth = 12<LI>Call Chain = DAC_SetVoltage_channel2 &rArr; DAC_SetChannel2Data
</UL>
<BR>[Calls]<UL><LI><a href="#[179]">&gt;&gt;</a>&nbsp;&nbsp;&nbsp;arch_need_current_add
<LI><a href="#[17c]">&gt;&gt;</a>&nbsp;&nbsp;&nbsp;DAC_SetChannel2Data
</UL>
<BR>[Called By]<UL><LI><a href="#[13c]">&gt;&gt;</a>&nbsp;&nbsp;&nbsp;Command_exec_peripheral
<LI><a href="#[5b]">&gt;&gt;</a>&nbsp;&nbsp;&nbsp;main
<LI><a href="#[1e0]">&gt;&gt;</a>&nbsp;&nbsp;&nbsp;Exec_Set_Motor_Curr_phi_with_stepno
<LI><a href="#[1dd]">&gt;&gt;</a>&nbsp;&nbsp;&nbsp;Exec_Set_Motor_Curr_phi
</UL>

<P><STRONG><a name="[17b]"></a>DAC_SoftwareTriggerCmd</STRONG> (Thumb, 32 bytes, Stack size 0 bytes, stm32f2xx_dac.o(i.DAC_SoftwareTriggerCmd))
<BR><BR>[Called By]<UL><LI><a href="#[155]">&gt;&gt;</a>&nbsp;&nbsp;&nbsp;DAC_SetVoltage_channel1
</UL>

<P><STRONG><a name="[15]"></a>DMA1_Stream0_IRQHandler</STRONG> (Thumb, 2 bytes, Stack size 0 bytes, stm32f2xx_it.o(i.DMA1_Stream0_IRQHandler))
<BR>[Address Reference Count : 1]<UL><LI> startup_stm32f2xx.o(RESET)
</UL>
<P><STRONG><a name="[16]"></a>DMA1_Stream1_IRQHandler</STRONG> (Thumb, 2 bytes, Stack size 0 bytes, stm32f2xx_it.o(i.DMA1_Stream1_IRQHandler))
<BR>[Address Reference Count : 1]<UL><LI> startup_stm32f2xx.o(RESET)
</UL>
<P><STRONG><a name="[17]"></a>DMA1_Stream2_IRQHandler</STRONG> (Thumb, 2 bytes, Stack size 0 bytes, stm32f2xx_it.o(i.DMA1_Stream2_IRQHandler))
<BR>[Address Reference Count : 1]<UL><LI> startup_stm32f2xx.o(RESET)
</UL>
<P><STRONG><a name="[18]"></a>DMA1_Stream3_IRQHandler</STRONG> (Thumb, 2 bytes, Stack size 0 bytes, stm32f2xx_it.o(i.DMA1_Stream3_IRQHandler))
<BR>[Address Reference Count : 1]<UL><LI> startup_stm32f2xx.o(RESET)
</UL>
<P><STRONG><a name="[19]"></a>DMA1_Stream4_IRQHandler</STRONG> (Thumb, 2 bytes, Stack size 0 bytes, stm32f2xx_it.o(i.DMA1_Stream4_IRQHandler))
[...]
</UL>

<P><STRONG><a name="[38a]"></a>time3_pwm_timeout_250us_cnt</STRONG> (Thumb, 14 bytes, Stack size 0 bytes, time.o(i.time3_pwm_timeout_250us_cnt))
<BR><BR>[Called By]<UL><LI><a href="#[384]">&gt;&gt;</a>&nbsp;&nbsp;&nbsp;hook_time_250us
</UL>

<P><STRONG><a name="[38b]"></a>time_250us_prog</STRONG> (Thumb, 146 bytes, Stack size 40 bytes, main.o(i.time_250us_prog))
<BR><BR>[Stack]<UL><LI>Max Depth = 112<LI>Call Chain = time_250us_prog &rArr; arch_Jacquard_ClearBlade &rArr; arch_Clear_check_JQD_YARN_ACT &rArr; get_verydata_with_Arry
</UL>
<BR>[Calls]<UL><LI><a href="#[b5]">&gt;&gt;</a>&nbsp;&nbsp;&nbsp;Check_DirStatus_new
<LI><a href="#[3a4]">&gt;&gt;</a>&nbsp;&nbsp;&nbsp;arch_Jacquard_PWMBlade
<LI><a href="#[344]">&gt;&gt;</a>&nbsp;&nbsp;&nbsp;arch_Jacquard_ClearBlade
<LI><a href="#[3a5]">&gt;&gt;</a>&nbsp;&nbsp;&nbsp;WatchDog_Kick
</UL>
<BR>[Called By]<UL><LI><a href="#[384]">&gt;&gt;</a>&nbsp;&nbsp;&nbsp;hook_time_250us
</UL>

<P><STRONG><a name="[38c]"></a>time_250us_zero_change</STRONG> (Thumb, 100 bytes, Stack size 32 bytes, step.o(i.time_250us_zero_change))
<BR><BR>[Stack]<UL><LI>Max Depth = 108<LI>Call Chain = time_250us_zero_change &rArr; Message_send_log_LX &rArr; arch_SendMessage &rArr; Message_TX_Push &rArr; alert_push
</UL>
<BR>[Calls]<UL><LI><a href="#[23b]">&gt;&gt;</a>&nbsp;&nbsp;&nbsp;Message_send_log_LX
<LI><a href="#[2c9]">&gt;&gt;</a>&nbsp;&nbsp;&nbsp;arch_StepMotor_Zero
</UL>
<BR>[Called By]<UL><LI><a href="#[384]">&gt;&gt;</a>&nbsp;&nbsp;&nbsp;hook_time_250us
</UL>

<P><STRONG><a name="[38d]"></a>time_2ms_prog</STRONG> (Thumb, 50 bytes, Stack size 8 bytes, main.o(i.time_2ms_prog))
<BR><BR>[Stack]<UL><LI>Max Depth = 140<LI>Call Chain = time_2ms_prog &rArr; StepMotor_timer &rArr; arch_StepMotor_Stop &rArr; Message_send_log_LX &rArr; arch_SendMessage &rArr; Message_TX_Push &rArr; alert_push
</UL>
<BR>[Calls]<UL><LI><a href="#[19f]">&gt;&gt;</a>&nbsp;&nbsp;&nbsp;EMF_autoclear_Timer_2ms
<LI><a href="#[372]">&gt;&gt;</a>&nbsp;&nbsp;&nbsp;arch_shock_timer
<LI><a href="#[3a8]">&gt;&gt;</a>&nbsp;&nbsp;&nbsp;arch_check_Overload_longTime
<LI><a href="#[2ce]">&gt;&gt;</a>&nbsp;&nbsp;&nbsp;StepMotor_timer
<LI><a href="#[3aa]">&gt;&gt;</a>&nbsp;&nbsp;&nbsp;Motor_bind_timer_isr
<LI><a href="#[3a9]">&gt;&gt;</a>&nbsp;&nbsp;&nbsp;CheckIn_Timer
<LI><a href="#[3a6]">&gt;&gt;</a>&nbsp;&nbsp;&nbsp;tanzhen_alarm_delay_Timer_2ms
<LI><a href="#[30d]">&gt;&gt;</a>&nbsp;&nbsp;&nbsp;Time_2ms_check_binding
<LI><a href="#[3a7]">&gt;&gt;</a>&nbsp;&nbsp;&nbsp;JQD_autoclear_Timer_2ms
<LI><a href="#[22e]">&gt;&gt;</a>&nbsp;&nbsp;&nbsp;JQD_Init_delay_Timer_2ms
</UL>
<BR>[Called By]<UL><LI><a href="#[382]">&gt;&gt;</a>&nbsp;&nbsp;&nbsp;hook_time_2ms
</UL>

<P><STRONG><a name="[361]"></a>uart_get_printf_key</STRONG> (Thumb, 72 bytes, Stack size 16 bytes, uart.o(i.uart_get_printf_key))
<BR><BR>[Stack]<UL><LI>Max Depth = 264<LI>Call Chain = uart_get_printf_key &rArr; Shell_CAN_error_data_get &rArr; myprintf &rArr; myprint &rArr; myprintFloat &rArr; myprinti &rArr; myprints &rArr; myprintchar &rArr; USART_Out
</UL>
<BR>[Calls]<UL><LI><a href="#[269]">&gt;&gt;</a>&nbsp;&nbsp;&nbsp;Shell_CAN_error_data_get
<LI><a href="#[3ab]">&gt;&gt;</a>&nbsp;&nbsp;&nbsp;printf_enable
<LI><a href="#[aa]">&gt;&gt;</a>&nbsp;&nbsp;&nbsp;Can_error_printf
<LI><a href="#[ad]">&gt;&gt;</a>&nbsp;&nbsp;&nbsp;__2printf
</UL>
<BR>[Called By]<UL><LI><a href="#[35f]">&gt;&gt;</a>&nbsp;&nbsp;&nbsp;arch_get_char_loop
</UL>

<P><STRONG><a name="[387]"></a>uart_rxhandler</STRONG> (Thumb, 46 bytes, Stack size 0 bytes, uart.o(i.uart_rxhandler))
<BR><BR>[Called By]<UL><LI><a href="#[310]">&gt;&gt;</a>&nbsp;&nbsp;&nbsp;hook_UART1_isr
</UL>

<P><STRONG><a name="[1c5]"></a>wait_ms</STRONG> (Thumb, 14 bytes, Stack size 0 bytes, arch_stm32.o(i.wait_ms))
<BR><BR>[Called By]<UL><LI><a href="#[1c4]">&gt;&gt;</a>&nbsp;&nbsp;&nbsp;Exec_Check_Resistance_Each
<LI><a href="#[5b]">&gt;&gt;</a>&nbsp;&nbsp;&nbsp;main
<LI><a href="#[24b]">&gt;&gt;</a>&nbsp;&nbsp;&nbsp;arch_YARN_Overload_Check
<LI><a href="#[24d]">&gt;&gt;</a>&nbsp;&nbsp;&nbsp;arch_Jacquard_Overload_Check
<LI><a href="#[24a]">&gt;&gt;</a>&nbsp;&nbsp;&nbsp;arch_AD24_Overload_Check
<LI><a href="#[24c]">&gt;&gt;</a>&nbsp;&nbsp;&nbsp;arch_ACT_Overload_Check
</UL>

<P><STRONG><a name="[1c6]"></a>wait_us</STRONG> (Thumb, 22 bytes, Stack size 0 bytes, arch_stm32.o(i.wait_us))
<BR><BR>[Called By]<UL><LI><a href="#[1c4]">&gt;&gt;</a>&nbsp;&nbsp;&nbsp;Exec_Check_Resistance_Each
<LI><a href="#[12d]">&gt;&gt;</a>&nbsp;&nbsp;&nbsp;Upgrade_Start
<LI><a href="#[12c]">&gt;&gt;</a>&nbsp;&nbsp;&nbsp;Upgrade_Boot
<LI><a href="#[5b]">&gt;&gt;</a>&nbsp;&nbsp;&nbsp;main
<LI><a href="#[1c8]">&gt;&gt;</a>&nbsp;&nbsp;&nbsp;Exec_Check_Resistance_branch
</UL>
<P>
<H3>
Local Symbols
</H3>
<P><STRONG><a name="[32b]"></a>alert_buf_back_init</STRONG> (Thumb, 24 bytes, Stack size 0 bytes, alert.o(i.alert_buf_back_init))
<BR><BR>[Called By]<UL><LI><a href="#[32a]">&gt;&gt;</a>&nbsp;&nbsp;&nbsp;alert_init
</UL>

<P><STRONG><a name="[128]"></a>Get_Func_Type</STRONG> (Thumb, 16 bytes, Stack size 8 bytes, main.o(i.Get_Func_Type))
<BR><BR>[Stack]<UL><LI>Max Depth = 8<LI>Call Chain = Get_Func_Type
</UL>
<BR>[Calls]<UL><LI><a href="#[ce]">&gt;&gt;</a>&nbsp;&nbsp;&nbsp;arch_Get_ID
</UL>
<BR>[Called By]<UL><LI><a href="#[123]">&gt;&gt;</a>&nbsp;&nbsp;&nbsp;Command_exec_otherset
</UL>

<P><STRONG><a name="[c6]"></a>tanzhen_delay_set</STRONG> (Thumb, 124 bytes, Stack size 24 bytes, main.o(i.tanzhen_delay_set))
<BR><BR>[Stack]<UL><LI>Max Depth = 24<LI>Call Chain = tanzhen_delay_set
</UL>
<BR>[Called By]<UL><LI><a href="#[be]">&gt;&gt;</a>&nbsp;&nbsp;&nbsp;Command_exec_alarm
</UL>

<P><STRONG><a name="[c7]"></a>tanzhen_zt_get</STRONG> (Thumb, 50 bytes, Stack size 16 bytes, main.o(i.tanzhen_zt_get))
<BR><BR>[Stack]<UL><LI>Max Depth = 92<LI>Call Chain = tanzhen_zt_get &rArr; Message_Send_4halfword &rArr; arch_SendMessage &rArr; Message_TX_Push &rArr; alert_push
</UL>
<BR>[Calls]<UL><LI><a href="#[b0]">&gt;&gt;</a>&nbsp;&nbsp;&nbsp;Message_Send_4halfword
<LI><a href="#[220]">&gt;&gt;</a>&nbsp;&nbsp;&nbsp;Get_TZ_error_st
</UL>
<BR>[Called By]<UL><LI><a href="#[be]">&gt;&gt;</a>&nbsp;&nbsp;&nbsp;Command_exec_alarm
</UL>

<P><STRONG><a name="[1da]"></a>stepspeed_Q2R</STRONG> (Thumb, 14 bytes, Stack size 0 bytes, step.o(i.stepspeed_Q2R))
<BR><BR>[Called By]<UL><LI><a href="#[2ce]">&gt;&gt;</a>&nbsp;&nbsp;&nbsp;StepMotor_timer
<LI><a href="#[e6]">&gt;&gt;</a>&nbsp;&nbsp;&nbsp;StepMotor_Set_Position
<LI><a href="#[1d9]">&gt;&gt;</a>&nbsp;&nbsp;&nbsp;Exec_SET_DCT_sts
<LI><a href="#[2c8]">&gt;&gt;</a>&nbsp;&nbsp;&nbsp;StepMotor_exec_new_dd
<LI><a href="#[185]">&gt;&gt;</a>&nbsp;&nbsp;&nbsp;StepMotor_exec
<LI><a href="#[184]">&gt;&gt;</a>&nbsp;&nbsp;&nbsp;StepMotor_Modfiy_Position
<LI><a href="#[27b]">&gt;&gt;</a>&nbsp;&nbsp;&nbsp;StepMotor_Isr
<LI><a href="#[228]">&gt;&gt;</a>&nbsp;&nbsp;&nbsp;Get_zero_work_area
</UL>

<P><STRONG><a name="[276]"></a>stepspeed_R2Q</STRONG> (Thumb, 14 bytes, Stack size 0 bytes, step.o(i.stepspeed_R2Q))
<BR><BR>[Called By]<UL><LI><a href="#[21f]">&gt;&gt;</a>&nbsp;&nbsp;&nbsp;StepMotor_Get_input_error
<LI><a href="#[e3]">&gt;&gt;</a>&nbsp;&nbsp;&nbsp;StepMotor_Get_Position
<LI><a href="#[1be]">&gt;&gt;</a>&nbsp;&nbsp;&nbsp;StepMotor_Get_Position_2
</UL>

<P><STRONG><a name="[79]"></a>ADC2_ChannelsConfig</STRONG> (Thumb, 50 bytes, Stack size 24 bytes, adc.o(i.ADC2_ChannelsConfig))
<BR><BR>[Stack]<UL><LI>Max Depth = 32<LI>Call Chain = ADC2_ChannelsConfig &rArr; ADC_RegularChannelConfig
</UL>
<BR>[Calls]<UL><LI><a href="#[7a]">&gt;&gt;</a>&nbsp;&nbsp;&nbsp;ADC_RegularChannelConfig
</UL>
<BR>[Called By]<UL><LI><a href="#[7b]">&gt;&gt;</a>&nbsp;&nbsp;&nbsp;ADC2_HardInit
</UL>

<P><STRONG><a name="[89]"></a>ADC_ChannelsConfig</STRONG> (Thumb, 48 bytes, Stack size 24 bytes, adc.o(i.ADC_ChannelsConfig))
<BR><BR>[Stack]<UL><LI>Max Depth = 32<LI>Call Chain = ADC_ChannelsConfig &rArr; ADC_RegularChannelConfig
</UL>
<BR>[Calls]<UL><LI><a href="#[7a]">&gt;&gt;</a>&nbsp;&nbsp;&nbsp;ADC_RegularChannelConfig
</UL>
<BR>[Called By]<UL><LI><a href="#[8a]">&gt;&gt;</a>&nbsp;&nbsp;&nbsp;ADC_HardInit
</UL>

<P><STRONG><a name="[346]"></a>Get_addr_with_jqdno_blade</STRONG> (Thumb, 100 bytes, Stack size 0 bytes, arch_stm32.o(i.Get_addr_with_jqdno_blade))
<BR><BR>[Called By]<UL><LI><a href="#[1d1]">&gt;&gt;</a>&nbsp;&nbsp;&nbsp;arch_Jacquard_Setup
<LI><a href="#[344]">&gt;&gt;</a>&nbsp;&nbsp;&nbsp;arch_Jacquard_ClearBlade
<LI><a href="#[345]">&gt;&gt;</a>&nbsp;&nbsp;&nbsp;arch_Jacquard_AllClear
</UL>

<P><STRONG><a name="[199]"></a>EE_FindValidPage</STRONG> (Thumb, 72 bytes, Stack size 0 bytes, eeprom.o(i.EE_FindValidPage))
<BR><BR>[Called By]<UL><LI><a href="#[196]">&gt;&gt;</a>&nbsp;&nbsp;&nbsp;EE_ReadVariable
<LI><a href="#[197]">&gt;&gt;</a>&nbsp;&nbsp;&nbsp;EE_VerifyPageFullWriteVariable
<LI><a href="#[198]">&gt;&gt;</a>&nbsp;&nbsp;&nbsp;EE_PageTransfer
</UL>

<P><STRONG><a name="[192]"></a>EE_Format</STRONG> (Thumb, 52 bytes, Stack size 16 bytes, eeprom.o(i.EE_Format))
<BR><BR>[Stack]<UL><LI>Max Depth = 44<LI>Call Chain = EE_Format &rArr; FLASH_ProgramHalfWord &rArr; FLASH_WaitForLastOperation
</UL>
<BR>[Calls]<UL><LI><a href="#[194]">&gt;&gt;</a>&nbsp;&nbsp;&nbsp;FLASH_ProgramHalfWord
<LI><a href="#[193]">&gt;&gt;</a>&nbsp;&nbsp;&nbsp;FLASH_EraseSector
</UL>
<BR>[Called By]<UL><LI><a href="#[195]">&gt;&gt;</a>&nbsp;&nbsp;&nbsp;EE_Init
</UL>

<P><STRONG><a name="[198]"></a>EE_PageTransfer</STRONG> (Thumb, 162 bytes, Stack size 40 bytes, eeprom.o(i.EE_PageTransfer))
<BR><BR>[Stack]<UL><LI>Max Depth = 92<LI>Call Chain = EE_PageTransfer &rArr; EE_VerifyPageFullWriteVariable &rArr; FLASH_ProgramHalfWord &rArr; FLASH_WaitForLastOperation
</UL>
<BR>[Calls]<UL><LI><a href="#[194]">&gt;&gt;</a>&nbsp;&nbsp;&nbsp;FLASH_ProgramHalfWord
<LI><a href="#[193]">&gt;&gt;</a>&nbsp;&nbsp;&nbsp;FLASH_EraseSector
<LI><a href="#[196]">&gt;&gt;</a>&nbsp;&nbsp;&nbsp;EE_ReadVariable
<LI><a href="#[197]">&gt;&gt;</a>&nbsp;&nbsp;&nbsp;EE_VerifyPageFullWriteVariable
<LI><a href="#[199]">&gt;&gt;</a>&nbsp;&nbsp;&nbsp;EE_FindValidPage
</UL>
<BR>[Called By]<UL><LI><a href="#[19d]">&gt;&gt;</a>&nbsp;&nbsp;&nbsp;EE_WriteVariable
</UL>

<P><STRONG><a name="[197]"></a>EE_VerifyPageFullWriteVariable</STRONG> (Thumb, 114 bytes, Stack size 24 bytes, eeprom.o(i.EE_VerifyPageFullWriteVariable))
<BR><BR>[Stack]<UL><LI>Max Depth = 52<LI>Call Chain = EE_VerifyPageFullWriteVariable &rArr; FLASH_ProgramHalfWord &rArr; FLASH_WaitForLastOperation
</UL>
<BR>[Calls]<UL><LI><a href="#[194]">&gt;&gt;</a>&nbsp;&nbsp;&nbsp;FLASH_ProgramHalfWord
<LI><a href="#[199]">&gt;&gt;</a>&nbsp;&nbsp;&nbsp;EE_FindValidPage
</UL>
<BR>[Called By]<UL><LI><a href="#[19d]">&gt;&gt;</a>&nbsp;&nbsp;&nbsp;EE_WriteVariable
<LI><a href="#[198]">&gt;&gt;</a>&nbsp;&nbsp;&nbsp;EE_PageTransfer
<LI><a href="#[195]">&gt;&gt;</a>&nbsp;&nbsp;&nbsp;EE_Init
</UL>

<P><STRONG><a name="[399]"></a>myprintFloat</STRONG> (Thumb, 94 bytes, Stack size 48 bytes, dprintf.o(i.myprintFloat))
<BR><BR>[Stack]<UL><LI>Max Depth = 144<LI>Call Chain = myprintFloat &rArr; myprinti &rArr; myprints &rArr; myprintchar &rArr; USART_Out
</UL>
<BR>[Calls]<UL><LI><a href="#[6e]">&gt;&gt;</a>&nbsp;&nbsp;&nbsp;__aeabi_i2f
<LI><a href="#[6b]">&gt;&gt;</a>&nbsp;&nbsp;&nbsp;__aeabi_frsub
<LI><a href="#[39c]">&gt;&gt;</a>&nbsp;&nbsp;&nbsp;__aeabi_fmul
<LI><a href="#[39b]">&gt;&gt;</a>&nbsp;&nbsp;&nbsp;__aeabi_f2iz
<LI><a href="#[398]">&gt;&gt;</a>&nbsp;&nbsp;&nbsp;myprinti
</UL>
<BR>[Called By]<UL><LI><a href="#[396]">&gt;&gt;</a>&nbsp;&nbsp;&nbsp;myprint
</UL>

<P><STRONG><a name="[39a]"></a>myprintchar</STRONG> (Thumb, 22 bytes, Stack size 0 bytes, dprintf.o(i.myprintchar))
<BR><BR>[Stack]<UL><LI>Max Depth = 16<LI>Call Chain = myprintchar &rArr; USART_Out
</UL>
<BR>[Calls]<UL><LI><a href="#[319]">&gt;&gt;</a>&nbsp;&nbsp;&nbsp;USART_Out
</UL>
<BR>[Called By]<UL><LI><a href="#[396]">&gt;&gt;</a>&nbsp;&nbsp;&nbsp;myprint
<LI><a href="#[397]">&gt;&gt;</a>&nbsp;&nbsp;&nbsp;myprints
<LI><a href="#[398]">&gt;&gt;</a>&nbsp;&nbsp;&nbsp;myprinti
</UL>

<P><STRONG><a name="[398]"></a>myprinti</STRONG> (Thumb, 182 bytes, Stack size 48 bytes, dprintf.o(i.myprinti))
<BR><BR>[Stack]<UL><LI>Max Depth = 96<LI>Call Chain = myprinti &rArr; myprints &rArr; myprintchar &rArr; USART_Out
</UL>
<BR>[Calls]<UL><LI><a href="#[397]">&gt;&gt;</a>&nbsp;&nbsp;&nbsp;myprints
<LI><a href="#[39a]">&gt;&gt;</a>&nbsp;&nbsp;&nbsp;myprintchar
</UL>
<BR>[Called By]<UL><LI><a href="#[396]">&gt;&gt;</a>&nbsp;&nbsp;&nbsp;myprint
<LI><a href="#[399]">&gt;&gt;</a>&nbsp;&nbsp;&nbsp;myprintFloat
</UL>

<P><STRONG><a name="[397]"></a>myprints</STRONG> (Thumb, 216 bytes, Stack size 32 bytes, dprintf.o(i.myprints))
<BR><BR>[Stack]<UL><LI>Max Depth = 48<LI>Call Chain = myprints &rArr; myprintchar &rArr; USART_Out
</UL>
<BR>[Calls]<UL><LI><a href="#[39a]">&gt;&gt;</a>&nbsp;&nbsp;&nbsp;myprintchar
<LI><a href="#[39d]">&gt;&gt;</a>&nbsp;&nbsp;&nbsp;strlen
</UL>
<BR>[Called By]<UL><LI><a href="#[396]">&gt;&gt;</a>&nbsp;&nbsp;&nbsp;myprint
<LI><a href="#[398]">&gt;&gt;</a>&nbsp;&nbsp;&nbsp;myprinti
</UL>

<P><STRONG><a name="[182]"></a>EAuto_Zero</STRONG> (Thumb, 574 bytes, Stack size 24 bytes, encoder.o(i.EAuto_Zero))
<BR><BR>[Stack]<UL><LI>Max Depth = 256<LI>Call Chain = EAuto_Zero &rArr; myprintf &rArr; myprint &rArr; myprintFloat &rArr; myprinti &rArr; myprints &rArr; myprintchar &rArr; USART_Out
</UL>
<BR>[Calls]<UL><LI><a href="#[dc]">&gt;&gt;</a>&nbsp;&nbsp;&nbsp;StepMotor_Reset
<LI><a href="#[18c]">&gt;&gt;</a>&nbsp;&nbsp;&nbsp;EMsg_autoZero
<LI><a href="#[18b]">&gt;&gt;</a>&nbsp;&nbsp;&nbsp;ECalc_coder2step
<LI><a href="#[187]">&gt;&gt;</a>&nbsp;&nbsp;&nbsp;ECalc_Diff
<LI><a href="#[18a]">&gt;&gt;</a>&nbsp;&nbsp;&nbsp;myprintf
<LI><a href="#[186]">&gt;&gt;</a>&nbsp;&nbsp;&nbsp;StepMotor_setMaxSpeed
<LI><a href="#[189]">&gt;&gt;</a>&nbsp;&nbsp;&nbsp;StepMotor_reback_curr
<LI><a href="#[185]">&gt;&gt;</a>&nbsp;&nbsp;&nbsp;StepMotor_exec
<LI><a href="#[184]">&gt;&gt;</a>&nbsp;&nbsp;&nbsp;StepMotor_Modfiy_Position
<LI><a href="#[188]">&gt;&gt;</a>&nbsp;&nbsp;&nbsp;StepMotor_Get_Running
<LI><a href="#[183]">&gt;&gt;</a>&nbsp;&nbsp;&nbsp;StepMotor_Add_curr
</UL>
<BR>[Called By]<UL><LI><a href="#[1bc]">&gt;&gt;</a>&nbsp;&nbsp;&nbsp;Encoder_Poll
</UL>

<P><STRONG><a name="[187]"></a>ECalc_Diff</STRONG> (Thumb, 36 bytes, Stack size 0 bytes, encoder.o(i.ECalc_Diff))
<BR><BR>[Called By]<UL><LI><a href="#[18e]">&gt;&gt;</a>&nbsp;&nbsp;&nbsp;ECheck_Pos
<LI><a href="#[182]">&gt;&gt;</a>&nbsp;&nbsp;&nbsp;EAuto_Zero
</UL>

<P><STRONG><a name="[18b]"></a>ECalc_coder2step</STRONG> (Thumb, 58 bytes, Stack size 0 bytes, encoder.o(i.ECalc_coder2step))
<BR><BR>[Called By]<UL><LI><a href="#[18d]">&gt;&gt;</a>&nbsp;&nbsp;&nbsp;ECalc_rPos
<LI><a href="#[182]">&gt;&gt;</a>&nbsp;&nbsp;&nbsp;EAuto_Zero
</UL>

<P><STRONG><a name="[18d]"></a>ECalc_rPos</STRONG> (Thumb, 50 bytes, Stack size 8 bytes, encoder.o(i.ECalc_rPos))
<BR><BR>[Stack]<UL><LI>Max Depth = 8<LI>Call Chain = ECalc_rPos
</UL>
<BR>[Calls]<UL><LI><a href="#[18b]">&gt;&gt;</a>&nbsp;&nbsp;&nbsp;ECalc_coder2step
</UL>
<BR>[Called By]<UL><LI><a href="#[1c0]">&gt;&gt;</a>&nbsp;&nbsp;&nbsp;Encoder_RunPos
<LI><a href="#[1bf]">&gt;&gt;</a>&nbsp;&nbsp;&nbsp;Encoder_Reset
<LI><a href="#[1bc]">&gt;&gt;</a>&nbsp;&nbsp;&nbsp;Encoder_Poll
</UL>

<P><STRONG><a name="[18e]"></a>ECheck_Pos</STRONG> (Thumb, 218 bytes, Stack size 24 bytes, encoder.o(i.ECheck_Pos))
<BR><BR>[Stack]<UL><LI>Max Depth = 124<LI>Call Chain = ECheck_Pos &rArr; Step_after_do_report &rArr; StepMotor_afterrun_toreport &rArr; Message_Send_4halfword &rArr; arch_SendMessage &rArr; Message_TX_Push &rArr; alert_push
</UL>
<BR>[Calls]<UL><LI><a href="#[18f]">&gt;&gt;</a>&nbsp;&nbsp;&nbsp;Encoder_in_Get_St
<LI><a href="#[191]">&gt;&gt;</a>&nbsp;&nbsp;&nbsp;Step_after_do_report
<LI><a href="#[190]">&gt;&gt;</a>&nbsp;&nbsp;&nbsp;EReport_Error
<LI><a href="#[187]">&gt;&gt;</a>&nbsp;&nbsp;&nbsp;ECalc_Diff
</UL>
<BR>[Called By]<UL><LI><a href="#[1bc]">&gt;&gt;</a>&nbsp;&nbsp;&nbsp;Encoder_Poll
</UL>

<P><STRONG><a name="[18c]"></a>EMsg_autoZero</STRONG> (Thumb, 12 bytes, Stack size 0 bytes, encoder.o(i.EMsg_autoZero))
<BR><BR>[Stack]<UL><LI>Max Depth = 76<LI>Call Chain = EMsg_autoZero &rArr; Message_Send_4halfword &rArr; arch_SendMessage &rArr; Message_TX_Push &rArr; alert_push
</UL>
<BR>[Calls]<UL><LI><a href="#[b0]">&gt;&gt;</a>&nbsp;&nbsp;&nbsp;Message_Send_4halfword
</UL>
<BR>[Called By]<UL><LI><a href="#[182]">&gt;&gt;</a>&nbsp;&nbsp;&nbsp;EAuto_Zero
</UL>

<P><STRONG><a name="[1a2]"></a>ERead_Coder</STRONG> (Thumb, 330 bytes, Stack size 24 bytes, encoder.o(i.ERead_Coder))
<BR><BR>[Stack]<UL><LI>Max Depth = 88<LI>Call Chain = ERead_Coder &rArr; SSI_Read &rArr; SSI_Select_ecode
</UL>
<BR>[Calls]<UL><LI><a href="#[1a3]">&gt;&gt;</a>&nbsp;&nbsp;&nbsp;SSI_Read
<LI><a href="#[1a8]">&gt;&gt;</a>&nbsp;&nbsp;&nbsp;SSI_Error
<LI><a href="#[1a4]">&gt;&gt;</a>&nbsp;&nbsp;&nbsp;arch_get_ticktime
<LI><a href="#[18f]">&gt;&gt;</a>&nbsp;&nbsp;&nbsp;Encoder_in_Get_St
<LI><a href="#[1a7]">&gt;&gt;</a>&nbsp;&nbsp;&nbsp;Encode_Stop_Time_Check
<LI><a href="#[1a6]">&gt;&gt;</a>&nbsp;&nbsp;&nbsp;Encode_Error_Time_Check
<LI><a href="#[190]">&gt;&gt;</a>&nbsp;&nbsp;&nbsp;EReport_Error
<LI><a href="#[1a5]">&gt;&gt;</a>&nbsp;&nbsp;&nbsp;Set_step_alert_st_ecoder
</UL>
<BR>[Called By]<UL><LI><a href="#[149]">&gt;&gt;</a>&nbsp;&nbsp;&nbsp;Encoder_Probe
<LI><a href="#[1bc]">&gt;&gt;</a>&nbsp;&nbsp;&nbsp;Encoder_Poll
</UL>

<P><STRONG><a name="[190]"></a>EReport_Error</STRONG> (Thumb, 42 bytes, Stack size 0 bytes, encoder.o(i.EReport_Error))
<BR><BR>[Stack]<UL><LI>Max Depth = 12<LI>Call Chain = EReport_Error &rArr; alert_push
</UL>
<BR>[Calls]<UL><LI><a href="#[98]">&gt;&gt;</a>&nbsp;&nbsp;&nbsp;alert_push
</UL>
<BR>[Called By]<UL><LI><a href="#[153]">&gt;&gt;</a>&nbsp;&nbsp;&nbsp;Encoder_adjPosAll
<LI><a href="#[1a2]">&gt;&gt;</a>&nbsp;&nbsp;&nbsp;ERead_Coder
<LI><a href="#[18e]">&gt;&gt;</a>&nbsp;&nbsp;&nbsp;ECheck_Pos
<LI><a href="#[1bc]">&gt;&gt;</a>&nbsp;&nbsp;&nbsp;Encoder_Poll
</UL>

<P><STRONG><a name="[191]"></a>Step_after_do_report</STRONG> (Thumb, 14 bytes, Stack size 8 bytes, encoder.o(i.Step_after_do_report))
<BR><BR>[Stack]<UL><LI>Max Depth = 100<LI>Call Chain = Step_after_do_report &rArr; StepMotor_afterrun_toreport &rArr; Message_Send_4halfword &rArr; arch_SendMessage &rArr; Message_TX_Push &rArr; alert_push
</UL>
<BR>[Calls]<UL><LI><a href="#[290]">&gt;&gt;</a>&nbsp;&nbsp;&nbsp;StepMotor_afterrun_toreport
</UL>
<BR>[Called By]<UL><LI><a href="#[18e]">&gt;&gt;</a>&nbsp;&nbsp;&nbsp;ECheck_Pos
</UL>

<P><STRONG><a name="[a9]"></a>CheckITStatus</STRONG> (Thumb, 12 bytes, Stack size 0 bytes, stm32f2xx_can.o(i.CheckITStatus))
<BR><BR>[Called By]<UL><LI><a href="#[a8]">&gt;&gt;</a>&nbsp;&nbsp;&nbsp;CAN_GetITStatus
</UL>

<P><STRONG><a name="[309]"></a>TI1_Config</STRONG> (Thumb, 54 bytes, Stack size 8 bytes, stm32f2xx_tim.o(i.TI1_Config))
<BR><BR>[Stack]<UL><LI>Max Depth = 8<LI>Call Chain = TI1_Config
</UL>
<BR>[Called By]<UL><LI><a href="#[2f7]">&gt;&gt;</a>&nbsp;&nbsp;&nbsp;TIM_PWMIConfig
</UL>

<P><STRONG><a name="[307]"></a>TI2_Config</STRONG> (Thumb, 62 bytes, Stack size 8 bytes, stm32f2xx_tim.o(i.TI2_Config))
<BR><BR>[Stack]<UL><LI>Max Depth = 8<LI>Call Chain = TI2_Config
</UL>
<BR>[Called By]<UL><LI><a href="#[2f7]">&gt;&gt;</a>&nbsp;&nbsp;&nbsp;TIM_PWMIConfig
</UL>

<P><STRONG><a name="[2ef]"></a>SetSysClock</STRONG> (Thumb, 148 bytes, Stack size 8 bytes, system_stm32f2xx.o(i.SetSysClock))
<BR><BR>[Stack]<UL><LI>Max Depth = 8<LI>Call Chain = SetSysClock
</UL>
<BR>[Called By]<UL><LI><a href="#[5c]">&gt;&gt;</a>&nbsp;&nbsp;&nbsp;SystemInit
</UL>

<P><STRONG><a name="[328]"></a>_printf_core</STRONG> (Thumb, 660 bytes, Stack size 104 bytes, printf5.o(i._printf_core), UNUSED)
<BR><BR>[Calls]<UL><LI><a href="#[73]">&gt;&gt;</a>&nbsp;&nbsp;&nbsp;__aeabi_uldivmod
</UL>
<BR>[Called By]<UL><LI><a href="#[327]">&gt;&gt;</a>&nbsp;&nbsp;&nbsp;__0printf$5
</UL>
<P>
<H3>
Undefined Global Symbols
</H3><HR></body></html>
