Component: ARM Compiler 5.06 update 5 (build 528) Tool: armlink [4d35e2]

==============================================================================

Section Cross References

    alert.o(i.Alert_Clear) refers to alert.o(i.alert_delete) for alert_delete
    alert.o(i.Alert_Clear) refers to alert.o(.data) for alertcode
    alert.o(i.Alert_Poll) refers to alert.o(i.alert_pop) for alert_pop
    alert.o(i.Alert_Poll) refers to massage.o(i.Message_Send_Alert) for Message_Send_Alert
    alert.o(i.Alert_Poll) refers to arch_stm32.o(i.Scan_error) for Scan_error
    alert.o(i.Alert_Poll) refers to alert.o(i.alert_find) for alert_find
    alert.o(i.Alert_Poll) refers to alert.o(i.alert_push) for alert_push
    alert.o(i.Alert_Poll) refers to alert.o(.data) for alert_disable
    alert.o(i.Alert_Poll) refers to arch_stm32.o(.data) for SYS_is_PowerOn
    alert.o(i.Send_alert_content_loop) refers to alert.o(i.alert_str_with_AlertCodeArg) for alert_str_with_AlertCodeArg
    alert.o(i.alert_Set_overloaddata) refers to dflti.o(.text) for __aeabi_i2d
    alert.o(i.alert_Set_overloaddata) refers to ddiv.o(.text) for __aeabi_ddiv
    alert.o(i.alert_Set_overloaddata) refers to dfixui.o(.text) for __aeabi_d2uiz
    alert.o(i.alert_Set_overloaddata) refers to arch_stm32.o(.data) for DC24P_ALARM_set
    alert.o(i.alert_buf_back_init) refers to alert.o(.bss) for alertbuff_back
    alert.o(i.alert_count) refers to alert.o(.data) for alert_wptr
    alert.o(i.alert_cpu_fatal) refers to massage.o(i.Message_Send_Alert) for Message_Send_Alert
    alert.o(i.alert_delete) refers to alert.o(.bss) for alertbuff
    alert.o(i.alert_find) refers to alert.o(i.alert_count) for alert_count
    alert.o(i.alert_find) refers to alert.o(.data) for alert_rptr
    alert.o(i.alert_find) refers to alert.o(.bss) for alertbuff
    alert.o(i.alert_init) refers to alert.o(i.alert_buf_back_init) for alert_buf_back_init
    alert.o(i.alert_init) refers to alert.o(.data) for alert_rptr
    alert.o(i.alert_pop) refers to alert.o(i.alert_count) for alert_count
    alert.o(i.alert_pop) refers to alert.o(.bss) for alertbuff
    alert.o(i.alert_pop) refers to alert.o(.data) for alert_rptr
    alert.o(i.alert_push) refers to alert.o(i.alert_count) for alert_count
    alert.o(i.alert_push) refers to alert.o(.data) for alertpushisdoing
    alert.o(i.alert_push) refers to alert.o(.bss) for alertbuff_back
    alert.o(i.alert_push_again) refers to alert.o(i.alert_push) for alert_push
    alert.o(i.alert_push_again) refers to alert.o(.bss) for alertbuff_back
    alert.o(i.alert_time_poll) refers to alert.o(.data) for alert_delay
    main.o(i.Alarm_Init) refers to main.o(.data) for error_active
    main.o(i.Check_CMD_is_Support) refers to massage.o(i.Message_Send_4halfword) for Message_Send_4halfword
    main.o(i.Check_DirStatus) refers to arch_stm32.o(i.arch_Get_DirStatus) for arch_Get_DirStatus
    main.o(i.Check_DirStatus) refers to alert.o(i.alert_push) for alert_push
    main.o(i.Check_DirStatus) refers to main.o(.data) for jqd_direction
    main.o(i.Check_DirStatus_new) refers to arch_stm32.o(i.arch_get_dir1) for arch_get_dir1
    main.o(i.Check_DirStatus_new) refers to arch_stm32.o(i.arch_get_dir2) for arch_get_dir2
    main.o(i.Check_DirStatus_new) refers to main.o(.data) for check_dir_1count
    main.o(i.Command_exec_Testcode) refers to main.o(i.Check_CMD_is_Support) for Check_CMD_is_Support
    main.o(i.Command_exec_Testcode) refers to step.o(i.StepMotor_justrun) for StepMotor_justrun
    main.o(i.Command_exec_Testcode) refers to massage.o(i.Message_Send_4halfword) for Message_Send_4halfword
    main.o(i.Command_exec_Testcode) refers to step.o(i.Send_postion_ecode) for Send_postion_ecode
    main.o(i.Command_exec_Testcode) refers to coder.o(i.Send_coder_info) for Send_coder_info
    main.o(i.Command_exec_Testcode) refers to main.o(.data) for Test_Step_enable
    main.o(i.Command_exec_Testcode) refers to can.o(.data) for can_receive_count
    main.o(i.Command_exec_alarm) refers to main.o(i.Check_CMD_is_Support) for Check_CMD_is_Support
    main.o(i.Command_exec_alarm) refers to arch_stm32.o(i.arch_check_power_isok) for arch_check_power_isok
    main.o(i.Command_exec_alarm) refers to arch_stm32.o(i.arch_Power_ctrl_ex) for arch_Power_ctrl_ex
    main.o(i.Command_exec_alarm) refers to arch_stm32.o(i.arch_8844_Reset) for arch_8844_Reset
    main.o(i.Command_exec_alarm) refers to arch_stm32.o(i.Get_ErrorStatus) for Get_ErrorStatus
    main.o(i.Command_exec_alarm) refers to massage.o(i.Message_Send_4halfword) for Message_Send_4halfword
    main.o(i.Command_exec_alarm) refers to main.o(i.Check_DirStatus) for Check_DirStatus
    main.o(i.Command_exec_alarm) refers to massage.o(i.Message_Send) for Message_Send
    main.o(i.Command_exec_alarm) refers to encoder.o(i.Encoder_sendError) for Encoder_sendError
    main.o(i.Command_exec_alarm) refers to arch_stm32.o(i.OverLoad_Setup) for OverLoad_Setup
[...]
    0x08020d0c   0x08020d0c   0x00000044   Code   RO         2085    i.ADC2_ChannelsConfig  adc.o
    0x08020d50   0x08020d50   0x00000104   Code   RO         2086    i.ADC2_HardInit     adc.o
    0x08020e54   0x08020e54   0x00000044   Code   RO         2087    i.ADC_ChannelsConfig  adc.o
    0x08020e98   0x08020e98   0x00000016   Code   RO         5427    i.ADC_Cmd           stm32f2xx_adc.o
    0x08020eae   0x08020eae   0x00000002   PAD
    0x08020eb0   0x08020eb0   0x00000030   Code   RO         5428    i.ADC_CommonInit    stm32f2xx_adc.o
    0x08020ee0   0x08020ee0   0x00000016   Code   RO         5431    i.ADC_DMACmd        stm32f2xx_adc.o
    0x08020ef6   0x08020ef6   0x00000016   Code   RO         5432    i.ADC_DMARequestAfterLastTransferCmd  stm32f2xx_adc.o
    0x08020f0c   0x08020f0c   0x00000120   Code   RO         2089    i.ADC_HardInit      adc.o
    0x0802102c   0x0802102c   0x00000002   Code   RO         3698    i.ADC_IRQHandler    stm32f2xx_it.o
    0x0802102e   0x0802102e   0x00000002   PAD
    0x08021030   0x08021030   0x00000054   Code   RO         5447    i.ADC_Init          stm32f2xx_adc.o
    0x08021084   0x08021084   0x000000b8   Code   RO         5452    i.ADC_RegularChannelConfig  stm32f2xx_adc.o
    0x0802113c   0x0802113c   0x0000000a   Code   RO         5454    i.ADC_SoftwareStartConv  stm32f2xx_adc.o
    0x08021146   0x08021146   0x00000014   Code   RO         5456    i.ADC_StructInit    stm32f2xx_adc.o
    0x0802115a   0x0802115a   0x00000002   PAD
    0x0802115c   0x0802115c   0x0000002c   Code   RO         5457    i.ADC_TempSensorVrefintCmd  stm32f2xx_adc.o
    0x08021188   0x08021188   0x0000002c   Code   RO         5458    i.ADC_VBATCmd       stm32f2xx_adc.o
    0x080211b4   0x080211b4   0x00000018   Code   RO         2092    i.ADC_start_main    adc.o
    0x080211cc   0x080211cc   0x00000064   Code   RO          134    i.Alarm_Init        main.o
    0x08021230   0x08021230   0x00000024   Code   RO            1    i.Alert_Clear       alert.o
    0x08021254   0x08021254   0x00000060   Code   RO            2    i.Alert_Poll        alert.o
    0x080212b4   0x080212b4   0x0000000c   Code   RO         2205    i.Arch_E499_step_pwm_enable  arch_stm32.o
    0x080212c0   0x080212c0   0x0000000a   Code   RO         3699    i.BusFault_Handler  stm32f2xx_it.o
    0x080212ca   0x080212ca   0x00000002   PAD
    0x080212cc   0x080212cc   0x0000002c   Code   RO         3318    i.CAN0_Receive      can.o
    0x080212f8   0x080212f8   0x00000008   Code   RO         3700    i.CAN1_RX0_IRQHandler  stm32f2xx_it.o
    0x08021300   0x08021300   0x00000002   Code   RO         3701    i.CAN1_RX1_IRQHandler  stm32f2xx_it.o
    0x08021302   0x08021302   0x00000002   Code   RO         3702    i.CAN1_SCE_IRQHandler  stm32f2xx_it.o
    0x08021304   0x08021304   0x00000002   Code   RO         3703    i.CAN1_TX_IRQHandler  stm32f2xx_it.o
    0x08021306   0x08021306   0x00000002   PAD
    0x08021308   0x08021308   0x00000114   Code   RO         3319    i.CAN_Configuration  can.o
    0x0802141c   0x0802141c   0x00000038   Code   RO         5671    i.CAN_DeInit        stm32f2xx_can.o
    0x08021454   0x08021454   0x00000108   Code   RO         5673    i.CAN_FilterInit    stm32f2xx_can.o
    0x0802155c   0x0802155c   0x0000000c   Code   RO         5676    i.CAN_GetLSBTransmitErrorCounter  stm32f2xx_can.o
    0x08021568   0x08021568   0x0000000a   Code   RO         5678    i.CAN_GetReceiveErrorCounter  stm32f2xx_can.o
    0x08021572   0x08021572   0x00000012   Code   RO         5679    i.CAN_ITConfig      stm32f2xx_can.o
    0x08021584   0x08021584   0x00000114   Code   RO         5680    i.CAN_Init          stm32f2xx_can.o
    0x08021698   0x08021698   0x0000001e   Code   RO         5681    i.CAN_MessagePending  stm32f2xx_can.o
    0x080216b6   0x080216b6   0x000000a0   Code   RO         5683    i.CAN_Receive       stm32f2xx_can.o
    0x08021756   0x08021756   0x00000020   Code   RO         5687    i.CAN_StructInit    stm32f2xx_can.o
    0x08021776   0x08021776   0x00000126   Code   RO         5689    i.CAN_Transmit      stm32f2xx_can.o
    0x0802189c   0x0802189c   0x0000003a   Code   RO         5183    i.CRC16             upgrade.o
    0x080218d6   0x080218d6   0x00000002   PAD
    0x080218d8   0x080218d8   0x0000003c   Code   RO         2207    i.CheckOverloadBranch  arch_stm32.o
    0x08021914   0x08021914   0x00000026   Code   RO          135    i.Check_CMD_is_Support  main.o
    0x0802193a   0x0802193a   0x00000002   PAD
    0x0802193c   0x0802193c   0x00000030   Code   RO          136    i.Check_DirStatus   main.o
    0x0802196c   0x0802196c   0x00000044   Code   RO          137    i.Check_DirStatus_new  main.o
    0x080219b0   0x080219b0   0x00000028   Code   RO         2208    i.Clear_alarm_status_withMASK  arch_stm32.o
    0x080219d8   0x080219d8   0x000001c8   Code   RO          138    i.Command_exec_Testcode  main.o
    0x08021ba0   0x08021ba0   0x000002f4   Code   RO          139    i.Command_exec_alarm  main.o
    0x08021e94   0x08021e94   0x0000004c   Code   RO          140    i.Command_exec_checkonline  main.o
    0x08021ee0   0x08021ee0   0x0000005c   Code   RO          141    i.Command_exec_data_store  main.o
    0x08021f3c   0x08021f3c   0x00000288   Code   RO          142    i.Command_exec_dct  main.o
    0x080221c4   0x080221c4   0x00000470   Code   RO          143    i.Command_exec_motor_density  main.o
    0x08022634   0x08022634   0x000005c8   Code   RO          144    i.Command_exec_motor_other  main.o
    0x08022bfc   0x08022bfc   0x00000368   Code   RO          145    i.Command_exec_otherset  main.o
    0x08022f64   0x08022f64   0x000006c0   Code   RO          146    i.Command_exec_peripheral  main.o
    0x08023624   0x08023624   0x00000154   Code   RO          147    i.Command_exec_sysset  main.o
    0x08023778   0x08023778   0x00000014   Code   RO          148    i.Command_exec_undefine  main.o
    0x0802378c   0x0802378c   0x00000548   Code   RO          149    i.Command_exec_xzq  main.o
    0x08023cd4   0x08023cd4   0x00000114   Code   RO          150    i.Command_loop      main.o
    0x08023de8   0x08023de8   0x00000028   Code   RO         6112    i.DAC_Cmd           stm32f2xx_dac.o
    0x08023e10   0x08023e10   0x0000003e   Code   RO         2093    i.DAC_HardInit      adc.o
    0x08023e4e   0x08023e4e   0x00000002   PAD
    0x08023e50   0x08023e50   0x00000034   Code   RO         6120    i.DAC_Init          stm32f2xx_dac.o
    0x08023e84   0x08023e84   0x00000020   Code   RO         6121    i.DAC_SetChannel1Data  stm32f2xx_dac.o
    0x08023ea4   0x08023ea4   0x00000020   Code   RO         6122    i.DAC_SetChannel2Data  stm32f2xx_dac.o
    0x08023ec4   0x08023ec4   0x0000002c   Code   RO         2094    i.DAC_SetVoltage_channel1  adc.o
    0x08023ef0   0x08023ef0   0x0000002c   Code   RO         2095    i.DAC_SetVoltage_channel2  adc.o
    0x08023f1c   0x08023f1c   0x0000002c   Code   RO         6124    i.DAC_SoftwareTriggerCmd  stm32f2xx_dac.o
    0x08023f48   0x08023f48   0x00000002   Code   RO         3704    i.DMA1_Stream0_IRQHandler  stm32f2xx_it.o
    0x08023f4a   0x08023f4a   0x00000002   Code   RO         3705    i.DMA1_Stream1_IRQHandler  stm32f2xx_it.o
    0x08023f4c   0x08023f4c   0x00000002   Code   RO         3706    i.DMA1_Stream2_IRQHandler  stm32f2xx_it.o
    0x08023f4e   0x08023f4e   0x00000002   Code   RO         3707    i.DMA1_Stream3_IRQHandler  stm32f2xx_it.o
    0x08023f50   0x08023f50   0x00000002   Code   RO         3708    i.DMA1_Stream4_IRQHandler  stm32f2xx_it.o
    0x08023f52   0x08023f52   0x00000002   Code   RO         3709    i.DMA1_Stream5_IRQHandler  stm32f2xx_it.o
    0x08023f54   0x08023f54   0x00000002   Code   RO         3710    i.DMA1_Stream6_IRQHandler  stm32f2xx_it.o
    0x08023f56   0x08023f56   0x00000002   Code   RO         3711    i.DMA1_Stream7_IRQHandler  stm32f2xx_it.o
    0x08023f58   0x08023f58   0x00000008   Code   RO         3712    i.DMA2_Stream0_IRQHandler  stm32f2xx_it.o
    0x08023f60   0x08023f60   0x00000002   Code   RO         3713    i.DMA2_Stream1_IRQHandler  stm32f2xx_it.o
    0x08023f62   0x08023f62   0x00000002   Code   RO         3714    i.DMA2_Stream2_IRQHandler  stm32f2xx_it.o
    0x08023f64   0x08023f64   0x00000008   Code   RO         3715    i.DMA2_Stream3_IRQHandler  stm32f2xx_it.o
    0x08023f6c   0x08023f6c   0x00000034   Code   RO         6386    i.DMA_ClearFlag     stm32f2xx_dma.o
    0x08023fa0   0x08023fa0   0x00000016   Code   RO         6388    i.DMA_Cmd           stm32f2xx_dma.o
    0x08023fb6   0x08023fb6   0x00000002   PAD
    0x08023fb8   0x08023fb8   0x00000158   Code   RO         6389    i.DMA_DeInit        stm32f2xx_dma.o
    0x08024110   0x08024110   0x00000044   Code   RO         6397    i.DMA_GetFlagStatus  stm32f2xx_dma.o
    0x08024154   0x08024154   0x0000003a   Code   RO         6399    i.DMA_ITConfig      stm32f2xx_dma.o
    0x0802418e   0x0802418e   0x00000002   PAD
    0x08024190   0x08024190   0x00000058   Code   RO         6400    i.DMA_Init          stm32f2xx_dma.o
    0x080241e8   0x080241e8   0x00000022   Code   RO         6404    i.DMA_StructInit    stm32f2xx_dma.o
    0x0802420a   0x0802420a   0x00000002   Code   RO         3716    i.DebugMon_Handler  stm32f2xx_it.o
    0x0802420c   0x0802420c   0x000000da   Code   RO         5322    i.Decrypt_Data_withKey_Short  hq_can_key.o
    0x080242e6   0x080242e6   0x0000007c   Code   RO         5323    i.Decrypt_can_data  hq_can_key.o
    0x08024362   0x08024362   0x00000002   PAD
    0x08024364   0x08024364   0x00000230   Code   RO         4571    i.EAuto_Zero        encoder.o
    0x08024594   0x08024594   0x00000030   Code   RO         4572    i.ECalc_Diff        encoder.o
    0x080245c4   0x080245c4   0x00000040   Code   RO         4573    i.ECalc_coder2step  encoder.o
    0x08024604   0x08024604   0x00000038   Code   RO         4574    i.ECalc_rPos        encoder.o
    0x0802463c   0x0802463c   0x000000e0   Code   RO         4575    i.ECheck_Pos        encoder.o
    0x0802471c   0x0802471c   0x00000058   Code   RO         3447    i.EE_FindValidPage  eeprom.o
    0x08024774   0x08024774   0x00000050   Code   RO         3448    i.EE_Format         eeprom.o
    0x080247c4   0x080247c4   0x00000240   Code   RO         3449    i.EE_Init           eeprom.o
    0x08024a04   0x08024a04   0x00000100   Code   RO         3450    i.EE_PageTransfer   eeprom.o
    0x08024b04   0x08024b04   0x00000044   Code   RO         3451    i.EE_Read           eeprom.o
    0x08024b48   0x08024b48   0x00000074   Code   RO         3452    i.EE_ReadVariable   eeprom.o
    0x08024bbc   0x08024bbc   0x00000098   Code   RO         3453    i.EE_VerifyPageFullWriteVariable  eeprom.o
    0x08024c54   0x08024c54   0x00000064   Code   RO         3454    i.EE_Write          eeprom.o
    0x08024cb8   0x08024cb8   0x00000024   Code   RO         3455    i.EE_WriteVariable  eeprom.o
    0x08024cdc   0x08024cdc   0x00000078   Code   RO          153    i.EMF_Init          main.o
    0x08024d54   0x08024d54   0x00000088   Code   RO          154    i.EMF_autoclear_Timer_2ms  main.o
    0x08024ddc   0x08024ddc   0x00000016   Code   RO         4576    i.EMsg_autoZero     encoder.o
    0x08024df2   0x08024df2   0x00000002   PAD
    0x08024df4   0x08024df4   0x0000016c   Code   RO         4577    i.ERead_Coder       encoder.o
    0x08024f60   0x08024f60   0x0000003c   Code   RO         4578    i.EReport_Error     encoder.o
    0x08024f9c   0x08024f9c   0x00000008   Code   RO         3717    i.EXTI0_IRQHandler  stm32f2xx_it.o
    0x08024fa4   0x08024fa4   0x00000008   Code   RO         3718    i.EXTI15_10_IRQHandler  stm32f2xx_it.o
    0x08024fac   0x08024fac   0x00000008   Code   RO         3719    i.EXTI1_IRQHandler  stm32f2xx_it.o
    0x08024fb4   0x08024fb4   0x00000008   Code   RO         3720    i.EXTI2_IRQHandler  stm32f2xx_it.o
    0x08024fbc   0x08024fbc   0x00000008   Code   RO         3721    i.EXTI3_IRQHandler  stm32f2xx_it.o
    0x08024fc4   0x08024fc4   0x00000002   Code   RO         3722    i.EXTI4_IRQHandler  stm32f2xx_it.o
    0x08024fc6   0x08024fc6   0x00000008   Code   RO         3723    i.EXTI9_5_IRQHandler  stm32f2xx_it.o
    0x08024fce   0x08024fce   0x00000012   Code   RO         3523    i.EXTI_CHECK_iscomming  exti.o
    0x08024fe0   0x08024fe0   0x00000004   Code   RO         3524    i.EXTI_CHECK_justcomming  exti.o
    0x08024fe4   0x08024fe4   0x0000000c   Code   RO         6519    i.EXTI_ClearITPendingBit  stm32f2xx_exti.o
    0x08024ff0   0x08024ff0   0x00000250   Code   RO         3525    i.EXTI_Config       exti.o
    0x08025240   0x08025240   0x0000001c   Code   RO         3526    i.EXTI_Disable      exti.o
    0x0802525c   0x0802525c   0x0000001c   Code   RO         3527    i.EXTI_Enable       exti.o
    0x08025278   0x08025278   0x00000028   Code   RO         6523    i.EXTI_GetITStatus  stm32f2xx_exti.o
    0x080252a0   0x080252a0   0x00000094   Code   RO         6524    i.EXTI_Init         stm32f2xx_exti.o
    0x08025334   0x08025334   0x00000002   Code   RO         2209    i.EXT_NRST_Reset    arch_stm32.o
    0x08025336   0x08025336   0x00000002   PAD
    0x08025338   0x08025338   0x00000048   Code   RO         4133    i.EX_step_PWMDA_Set_val  time.o
    0x08025380   0x08025380   0x0000004c   Code   RO         4580    i.Encode_Error_Time_Check  encoder.o
    0x080253cc   0x080253cc   0x00000054   Code   RO         4582    i.Encode_Stop_Time_Check  encoder.o
    0x08025420   0x08025420   0x00000030   Code   RO         4583    i.Encoder_Enable    encoder.o
    0x08025450   0x08025450   0x0000002c   Code   RO         4584    i.Encoder_Enable_mask  encoder.o
    0x0802547c   0x0802547c   0x00000018   Code   RO         4585    i.Encoder_Get_Max_Steps  encoder.o
    0x08025494   0x08025494   0x0000006c   Code   RO         4586    i.Encoder_Get_state  encoder.o
    0x08025500   0x08025500   0x00000150   Code   RO         4587    i.Encoder_Init      encoder.o
    0x08025650   0x08025650   0x000001ec   Code   RO         4588    i.Encoder_Poll      encoder.o
    0x0802583c   0x0802583c   0x000000c4   Code   RO         4589    i.Encoder_Probe     encoder.o
    0x08025900   0x08025900   0x00000064   Code   RO         4590    i.Encoder_Reset     encoder.o
    0x08025964   0x08025964   0x00000068   Code   RO         4592    i.Encoder_RunPos    encoder.o
    0x080259cc   0x080259cc   0x00000020   Code   RO         4593    i.Encoder_Set_Goback_Steps  encoder.o
    0x080259ec   0x080259ec   0x00000020   Code   RO         4594    i.Encoder_Set_maxsteps_cw  encoder.o
    0x08025a0c   0x08025a0c   0x00000024   Code   RO         4595    i.Encoder_Set_minsteps_rang  encoder.o
    0x08025a30   0x08025a30   0x0000001c   Code   RO         4596    i.Encoder_Work      encoder.o
    0x08025a4c   0x08025a4c   0x00000074   Code   RO         4597    i.Encoder_adjPos    encoder.o
    0x08025ac0   0x08025ac0   0x00000030   Code   RO         4598    i.Encoder_adjPosAll  encoder.o
    0x08025af0   0x08025af0   0x00000080   Code   RO         4599    i.Encoder_autoZero  encoder.o
    0x08025b70   0x08025b70   0x00000024   Code   RO         4600    i.Encoder_deInit    encoder.o
    0x08025b94   0x08025b94   0x00000030   Code   RO         4601    i.Encoder_getCoder  encoder.o
    0x08025bc4   0x08025bc4   0x0000001c   Code   RO         4603    i.Encoder_getZero   encoder.o
    0x08025be0   0x08025be0   0x00000040   Code   RO         4604    i.Encoder_in_Get_St  encoder.o
    0x08025c20   0x08025c20   0x00000040   Code   RO         4605    i.Encoder_maskZero  encoder.o
    0x08025c60   0x08025c60   0x00000030   Code   RO         4606    i.Encoder_rPos      encoder.o
    0x08025c90   0x08025c90   0x00000024   Code   RO         4607    i.Encoder_rechk_over  encoder.o
    0x08025cb4   0x08025cb4   0x00000018   Code   RO         4608    i.Encoder_sendError  encoder.o
    0x08025ccc   0x08025ccc   0x00000074   Code   RO         4609    i.Encoder_setCheck  encoder.o
    0x08025d40   0x08025d40   0x00000030   Code   RO         4610    i.Encoder_setDir    encoder.o
    0x08025d70   0x08025d70   0x00000020   Code   RO         4612    i.Encoder_setSteps  encoder.o
    0x08025d90   0x08025d90   0x0000004c   Code   RO         4613    i.Encoder_setThreshold  encoder.o
    0x08025ddc   0x08025ddc   0x00000050   Code   RO         4615    i.Encoder_setZero   encoder.o
    0x08025e2c   0x08025e2c   0x000000de   Code   RO         5324    i.Encryption_Data_withKey_Short  hq_can_key.o
    0x08025f0a   0x08025f0a   0x0000008e   Code   RO         5325    i.Encryption_can_data  hq_can_key.o
    0x08025f98   0x08025f98   0x000000dc   Code   RO          155    i.Exec_Check_Resistance_Each  main.o
    0x08026074   0x08026074   0x00000304   Code   RO          156    i.Exec_Check_Resistance_branch  main.o
    0x08026378   0x08026378   0x000001d0   Code   RO          157    i.Exec_EMF          main.o
    0x08026548   0x08026548   0x00000070   Code   RO          158    i.Exec_EMF_GET_EX   main.o
    0x080265b8   0x080265b8   0x0000003c   Code   RO          159    i.Exec_EMF_isr      main.o
    0x080265f4   0x080265f4   0x0000007c   Code   RO          160    i.Exec_EMF_isr_EX   main.o
    0x08026670   0x08026670   0x00000074   Code   RO          870    i.Exec_GET_Moto_Zero_Width  step.o
    0x080266e4   0x080266e4   0x00000028   Code   RO         2210    i.Exec_Get_Binding_st_  arch_stm32.o
    0x0802670c   0x0802670c   0x00000028   Code   RO         2211    i.Exec_Get_head_id_  arch_stm32.o
    0x08026734   0x08026734   0x00000038   Code   RO          161    i.Exec_JQD_GET_EX   main.o
    0x0802676c   0x0802676c   0x00000114   Code   RO          162    i.Exec_Jacquard     main.o
    0x08026880   0x08026880   0x00000100   Code   RO          163    i.Exec_Jacquard_ex  main.o
    0x08026980   0x08026980   0x000000c4   Code   RO          164    i.Exec_Jqd_blade_next  main.o
    0x08026a44   0x08026a44   0x000000b8   Code   RO          165    i.Exec_Read_data_with_sys_key  main.o
    0x08026afc   0x08026afc   0x00000014   Code   RO         2212    i.Exec_Read_main_id_from_flash  arch_stm32.o
    0x08026b10   0x08026b10   0x00000058   Code   RO          871    i.Exec_Reset_step_moto_all  step.o
    0x08026b68   0x08026b68   0x00000048   Code   RO          872    i.Exec_Reset_step_moto_one  step.o
    0x08026bb0   0x08026bb0   0x00000170   Code   RO          873    i.Exec_SET_DCT_sts  step.o
    0x08026d20   0x08026d20   0x00000058   Code   RO          874    i.Exec_SET_Moto_Zero_Width  step.o
    0x08026d78   0x08026d78   0x0000002c   Code   RO         2213    i.Exec_Send_main_flash_id_  arch_stm32.o
    0x08026da4   0x08026da4   0x00000014   Code   RO          875    i.Exec_Set_DDM_need_Check  step.o
    0x08026db8   0x08026db8   0x00000018   Code   RO          166    i.Exec_Set_Motor_Curr  main.o
    0x08026dd0   0x08026dd0   0x0000001c   Code   RO          167    i.Exec_Set_Motor_Curr_data  main.o
    0x08026dec   0x08026dec   0x000002e4   Code   RO          168    i.Exec_Set_Motor_Curr_phi  main.o
    0x080270d0   0x080270d0   0x0000008c   Code   RO          169    i.Exec_Set_Motor_Curr_phi_with_stepno  main.o
    0x0802715c   0x0802715c   0x0000001a   Code   RO          170    i.Exec_Set_Motor_Curr_with_stepno  main.o
    0x08027176   0x08027176   0x00000014   Code   RO          171    i.Exec_Set_Motor_RestSpeed_with_stepno  main.o
    0x0802718a   0x0802718a   0x00000014   Code   RO          172    i.Exec_Set_Motor_RunSpeed_with_stepno  main.o
    0x0802719e   0x0802719e   0x00000002   PAD
    0x080271a0   0x080271a0   0x0000009c   Code   RO          876    i.Exec_Set_Step_Enable_with_motortype  step.o
    0x0802723c   0x0802723c   0x0000009c   Code   RO          877    i.Exec_Set_Step_Fastmode_with_motortype  step.o
    0x080272d8   0x080272d8   0x0000008c   Code   RO          878    i.Exec_Set_Step_LostAlert_with_motortype  step.o
    0x08027364   0x08027364   0x000000a4   Code   RO          879    i.Exec_Set_Step_Parameter_with_motortype  step.o
    0x08027408   0x08027408   0x000000a4   Code   RO          880    i.Exec_Set_Step_Poweron_with_motortype  step.o
    0x080274ac   0x080274ac   0x000000d8   Code   RO          881    i.Exec_Set_Step_ResetDir_with_motortype  step.o
    0x08027584   0x08027584   0x000000f0   Code   RO          882    i.Exec_Set_Step_RunDir_with_motortype  step.o
    0x08027674   0x08027674   0x00000064   Code   RO          883    i.Exec_Set_Step_check_Type  step.o
    0x080276d8   0x080276d8   0x00000028   Code   RO         2214    i.Exec_Set_Tryout_time_flash  arch_stm32.o
    0x08027700   0x08027700   0x0000001c   Code   RO         2215    i.Exec_Set_main_id_  arch_stm32.o
    0x0802771c   0x0802771c   0x00000002   Code   RO         2216    i.Exec_Set_main_id_timer  arch_stm32.o
    0x0802771e   0x0802771e   0x00000002   PAD
    0x08027720   0x08027720   0x00000110   Code   RO          884    i.Exec_Triangle_step  step.o
    0x08027830   0x08027830   0x0000006e   Code   RO          173    i.Exec_Write_data_sys_Key  main.o
    0x0802789e   0x0802789e   0x00000002   PAD
    0x080278a0   0x080278a0   0x0000019c   Code   RO          174    i.Exec_Yarn_step_cmd  main.o
    0x08027a3c   0x08027a3c   0x000000dc   Code   RO          175    i.Exec_alarm_check_end  main.o
    0x08027b18   0x08027b18   0x00000050   Code   RO          176    i.Exec_alarm_check_start  main.o
    0x08027b68   0x08027b68   0x00000050   Code   RO          177    i.Exec_alarm_shock  main.o
    0x08027bb8   0x08027bb8   0x00000088   Code   RO         2217    i.Exec_check_Data_valid  arch_stm32.o
    0x08027c40   0x08027c40   0x000000f0   Code   RO          178    i.Exec_check_and_do_next_blade  main.o
    0x08027d30   0x08027d30   0x0000009c   Code   RO         2218    i.Exec_check_is_binding_ok  arch_stm32.o
    0x08027dcc   0x08027dcc   0x0000003c   Code   RO         2219    i.Exec_main_head_board_id_init  arch_stm32.o
    0x08027e08   0x08027e08   0x00000028   Code   RO         2220    i.Exec_read_Tryout_time_flash  arch_stm32.o
    0x08027e30   0x08027e30   0x00000040   Code   RO         2222    i.Exec_read_app_last_ver  arch_stm32.o
    0x08027e70   0x08027e70   0x00000038   Code   RO         2223    i.Exec_read_binding_flag  arch_stm32.o
    0x08027ea8   0x08027ea8   0x00000020   Code   RO         2224    i.Exec_read_main_flash  arch_stm32.o
    0x08027ec8   0x08027ec8   0x00000094   Code   RO          885    i.Exec_set_Step_Current_with_motortype  step.o
    0x08027f5c   0x08027f5c   0x00000094   Code   RO          886    i.Exec_set_Step_ResetSpeed_with_motortype  step.o
    0x08027ff0   0x08027ff0   0x00000094   Code   RO          887    i.Exec_set_Step_RunSpeed_with_motortype  step.o
    0x08028084   0x08028084   0x00000088   Code   RO         2225    i.Exec_write_main_id_to_flash  arch_stm32.o
    0x0802810c   0x0802810c   0x000000a0   Code   RO         6588    i.FLASH_EraseSector  stm32f2xx_flash.o
    0x080281ac   0x080281ac   0x00000048   Code   RO         6590    i.FLASH_GetStatus   stm32f2xx_flash.o
    0x080281f4   0x080281f4   0x00000002   Code   RO         3724    i.FLASH_IRQHandler  stm32f2xx_it.o
    0x080281f6   0x080281f6   0x00000002   PAD
    0x080281f8   0x080281f8   0x00000014   Code   RO         6594    i.FLASH_Lock        stm32f2xx_flash.o
    0x0802820c   0x0802820c   0x00000018   Code   RO         6597    i.FLASH_OB_GetRDP   stm32f2xx_flash.o
    0x08028224   0x08028224   0x00000024   Code   RO         6606    i.FLASH_PrefetchBufferCmd  stm32f2xx_flash.o
    0x08028248   0x08028248   0x00000064   Code   RO         6609    i.FLASH_ProgramHalfWord  stm32f2xx_flash.o
    0x080282ac   0x080282ac   0x0000000c   Code   RO         6611    i.FLASH_SetLatency  stm32f2xx_flash.o
    0x080282b8   0x080282b8   0x00000024   Code   RO         6612    i.FLASH_Unlock      stm32f2xx_flash.o
    0x080282dc   0x080282dc   0x00000022   Code   RO         6613    i.FLASH_WaitForLastOperation  stm32f2xx_flash.o
    0x080282fe   0x080282fe   0x00000002   Code   RO         3725    i.FSMC_IRQHandler   stm32f2xx_it.o
    0x08028300   0x08028300   0x00000060   Code   RO         3578    i.FSMC_Init         fsmc.o
    0x08028360   0x08028360   0x00000034   Code   RO         6796    i.FSMC_NORSRAMCmd   stm32f2xx_fsmc.o
    0x08028394   0x08028394   0x000000e6   Code   RO         6798    i.FSMC_NORSRAMInit  stm32f2xx_fsmc.o
    0x0802847a   0x0802847a   0x00000002   PAD
    0x0802847c   0x0802847c   0x000003f4   Code   RO         3602    i.GPIO_Configuration  gpio.o
    0x08028870   0x08028870   0x00000034   Code   RO         3604    i.GPIO_Configuration_PB9ctr  gpio.o
    0x080288a4   0x080288a4   0x0000007c   Code   RO         3606    i.GPIO_Configuration_powerctr  gpio.o
    0x08028920   0x08028920   0x0000005c   Code   RO         3607    i.GPIO_EX_E690Board  gpio.o
    0x0802897c   0x0802897c   0x00000090   Code   RO         6918    i.GPIO_Init         stm32f2xx_gpio.o
    0x08028a0c   0x08028a0c   0x00000046   Code   RO         6919    i.GPIO_PinAFConfig  stm32f2xx_gpio.o
    0x08028a52   0x08028a52   0x00000012   Code   RO         6922    i.GPIO_ReadInputDataBit  stm32f2xx_gpio.o
    0x08028a64   0x08028a64   0x00000004   Code   RO         6925    i.GPIO_ResetBits    stm32f2xx_gpio.o
    0x08028a68   0x08028a68   0x00000004   Code   RO         6926    i.GPIO_SetBits      stm32f2xx_gpio.o
    0x08028a6c   0x08028a6c   0x00000028   Code   RO         2226    i.GetMcu_IDCode     arch_stm32.o
    0x08028a94   0x08028a94   0x00000088   Code   RO         2046    i.Get_Build_Time    ver.o
    0x08028b1c   0x08028b1c   0x0000001c   Code   RO         3320    i.Get_CAN_err_cnt   can.o
    0x08028b38   0x08028b38   0x00000038   Code   RO         2227    i.Get_CPLD_Ver_E490  arch_stm32.o
    0x08028b70   0x08028b70   0x00000048   Code   RO         2228    i.Get_Cpld_Name_Ver  arch_stm32.o
    0x08028bb8   0x08028bb8   0x00000028   Code   RO         2229    i.Get_EXP_Board_E490  arch_stm32.o
    0x08028be0   0x08028be0   0x00000064   Code   RO         2230    i.Get_ErrorStatus   arch_stm32.o
    0x08028c44   0x08028c44   0x00000016   Code   RO          179    i.Get_Func_Type     main.o
    0x08028c5a   0x08028c5a   0x00000002   PAD
    0x08028c5c   0x08028c5c   0x00000050   Code   RO         2231    i.Get_Head_config_Msg  arch_stm32.o
    0x08028cac   0x08028cac   0x000000d4   Code   RO         5326    i.Get_Keydata_      hq_can_key.o
    0x08028d80   0x08028d80   0x00000010   Code   RO         2232    i.Get_Overload_Status  arch_stm32.o
    0x08028d90   0x08028d90   0x0000002c   Code   RO          180    i.Get_SIG_PH_Status  main.o
    0x08028dbc   0x08028dbc   0x00000018   Code   RO          888    i.Get_STEPMOTO_add  step.o
    0x08028dd4   0x08028dd4   0x0000004a   Code   RO         5184    i.Get_Sector_address_with_SecNo  upgrade.o
    0x08028e1e   0x08028e1e   0x00000002   PAD
    0x08028e20   0x08028e20   0x00000020   Code   RO         2047    i.Get_Special_attr  ver.o
    0x08028e40   0x08028e40   0x0000013c   Code   RO          181    i.Get_Status_StepType  main.o
    0x08028f7c   0x08028f7c   0x000000a0   Code   RO          182    i.Get_Status_StepType_sig  main.o
    0x0802901c   0x0802901c   0x00000048   Code   RO          889    i.Get_StepMotor_isveryenable_IDall  step.o
    0x08029064   0x08029064   0x00000060   Code   RO          890    i.Get_StepMotor_isveryenable_IDself  step.o
    0x080290c4   0x080290c4   0x00000030   Code   RO          891    i.Get_Step_data     step.o
    0x080290f4   0x080290f4   0x00000002   Code   RO          892    i.Get_Step_debug_msg  step.o
    0x080290f6   0x080290f6   0x00000002   PAD
    0x080290f8   0x080290f8   0x0000007c   Code   RO         2233    i.Get_TZ_error_st   arch_stm32.o
    0x08029174   0x08029174   0x00000030   Code   RO         2049    i.Get_Version       ver.o
    0x080291a4   0x080291a4   0x000000a4   Code   RO          183    i.Get_ZeroStatus    main.o
    0x08029248   0x08029248   0x000000a0   Code   RO          184    i.Get_ZeroStatus_log  main.o
    0x080292e8   0x080292e8   0x00000046   Code   RO          185    i.Get_ZeroWorkStatus_StepType_sig  main.o
    0x0802932e   0x0802932e   0x00000002   PAD
    0x08029330   0x08029330   0x00000040   Code   RO         2234    i.Get_addr_with_jqdno_blade  arch_stm32.o
    0x08029370   0x08029370   0x0000000c   Code   RO         2235    i.Get_alarm_status_withMASK  arch_stm32.o
    0x0802937c   0x0802937c   0x00000020   Code   RO          186    i.Get_base_DC24_zero  main.o
    0x0802939c   0x0802939c   0x0000003c   Code   RO          188    i.Get_can_error_msg  main.o
    0x080293d8   0x080293d8   0x00000024   Code   RO          893    i.Get_id_self_with_StepType  step.o
    0x080293fc   0x080293fc   0x0000002c   Code   RO          894    i.Get_st_with_postion  step.o
    0x08029428   0x08029428   0x00000054   Code   RO         3608    i.Gpio_cfg_E499Board_  gpio.o
    0x0802947c   0x0802947c   0x00000330   Code   RO         3609    i.Gpio_cfg_EXP_Board_  gpio.o
    0x080297ac   0x080297ac   0x00000002   Code   RO         3610    i.Gpio_cfg_yarn_    gpio.o
    0x080297ae   0x080297ae   0x00000002   PAD
    0x080297b0   0x080297b0   0x00000014   Code   RO         3726    i.HardFault_Handler  stm32f2xx_it.o
    0x080297c4   0x080297c4   0x00000002   Code   RO         3727    i.I2C1_ER_IRQHandler  stm32f2xx_it.o
    0x080297c6   0x080297c6   0x00000002   Code   RO         3728    i.I2C1_EV_IRQHandler  stm32f2xx_it.o
    0x080297c8   0x080297c8   0x00000002   Code   RO         3729    i.I2C2_ER_IRQHandler  stm32f2xx_it.o
    0x080297ca   0x080297ca   0x00000002   Code   RO         3730    i.I2C2_EV_IRQHandler  stm32f2xx_it.o
    0x080297cc   0x080297cc   0x00000044   Code   RO         2237    i.IDMASK            arch_stm32.o
    0x08029810   0x08029810   0x000000fc   Code   RO          190    i.JQD_Data_Init     main.o
    0x0802990c   0x0802990c   0x00000028   Code   RO          191    i.JQD_Init_delay_Timer_2ms  main.o
    0x08029934   0x08029934   0x00000002   Code   RO          192    i.JQD_autoclear_Timer_2ms  main.o
    0x08029936   0x08029936   0x00000002   PAD
    0x08029938   0x08029938   0x0000000c   Code   RO          194    i.Jacquard_Get_Blade  main.o
    0x08029944   0x08029944   0x00000006   Code   RO          196    i.Jacquard_Get_jqdBlade  main.o
    0x0802994a   0x0802994a   0x00000002   PAD
    0x0802994c   0x0802994c   0x0000005c   Code   RO          197    i.Jacquard_Init     main.o
    0x080299a8   0x080299a8   0x00000064   Code   RO          198    i.Jacquard_Init_blade  main.o
    0x08029a0c   0x08029a0c   0x00000020   Code   RO          199    i.Jacquard_Set_Blade  main.o
    0x08029a2c   0x08029a2c   0x0000003c   Code   RO          200    i.Jacquard_blade_remap  main.o
    0x08029a68   0x08029a68   0x00000010   Code   RO         2239    i.Jtag_Security_State  arch_stm32.o
    0x08029a78   0x08029a78   0x00000034   Code   RO         4138    i.LIFT_step_PWMDA_Set_val  time.o
    0x08029aac   0x08029aac   0x00000002   Code   RO         2241    i.MainboardUnlock   arch_stm32.o
    0x08029aae   0x08029aae   0x0000000a   Code   RO         3731    i.MemManage_Handler  stm32f2xx_it.o
    0x08029ab8   0x08029ab8   0x0000001c   Code   RO          776    i.Message_Count     massage.o
    0x08029ad4   0x08029ad4   0x0000002c   Code   RO          777    i.Message_Init      massage.o
    0x08029b00   0x08029b00   0x00000040   Code   RO          778    i.Message_Pop       massage.o
    0x08029b40   0x08029b40   0x00000098   Code   RO          779    i.Message_Push      massage.o
    0x08029bd8   0x08029bd8   0x0000000e   Code   RO          780    i.Message_Send      massage.o
    0x08029be6   0x08029be6   0x00000022   Code   RO          781    i.Message_Send_4halfword  massage.o
    0x08029c08   0x08029c08   0x00000024   Code   RO          782    i.Message_Send_Alert  massage.o
    0x08029c2c   0x08029c2c   0x0000002c   Code   RO          784    i.Message_send_Count  massage.o
    0x08029c58   0x08029c58   0x0000005c   Code   RO          785    i.Message_send_Pop  massage.o
    0x08029cb4   0x08029cb4   0x000000c8   Code   RO          786    i.Message_send_Push  massage.o
    0x08029d7c   0x08029d7c   0x0000004c   Code   RO          787    i.Message_send_log_LX  massage.o
    0x08029dc8   0x08029dc8   0x00000034   Code   RO          788    i.Message_send_log_ecode  massage.o
    0x08029dfc   0x08029dfc   0x00000088   Code   RO          895    i.Motor_Get_All_postion  step.o
    0x08029e84   0x08029e84   0x00000048   Code   RO          896    i.Motor_Set_DM_Type  step.o
    0x08029ecc   0x08029ecc   0x00000014   Code   RO          897    i.Motor_Set_DM_check_area  step.o
    0x08029ee0   0x08029ee0   0x00000050   Code   RO          898    i.Motor_Set_maxsteps_cw  step.o
    0x08029f30   0x08029f30   0x00000050   Code   RO          899    i.Motor_Set_minsteps_ecode_rang  step.o
    0x08029f80   0x08029f80   0x0000000a   Code   RO         3732    i.NMI_Handler       stm32f2xx_it.o
    0x08029f8a   0x08029f8a   0x00000016   Code   RO         2242    i.NVIC_Configuration  arch_stm32.o
    0x08029fa0   0x08029fa0   0x00000078   Code   RO         5363    i.NVIC_Init         misc.o
    0x0802a018   0x0802a018   0x00000014   Code   RO         5364    i.NVIC_PriorityGroupConfig  misc.o
    0x0802a02c   0x0802a02c   0x00000014   Code   RO         5365    i.NVIC_SetVectorTable  misc.o
    0x0802a040   0x0802a040   0x00000198   Code   RO          201    i.Needle_isr        main.o
    0x0802a1d8   0x0802a1d8   0x00000002   Code   RO         3733    i.OTG_FS_WKUP_IRQHandler  stm32f2xx_it.o
    0x0802a1da   0x0802a1da   0x00000002   PAD
    0x0802a1dc   0x0802a1dc   0x00000028   Code   RO         2243    i.OverLoad_Setup    arch_stm32.o
    0x0802a204   0x0802a204   0x0000006c   Code   RO         2244    i.Overload_Init     arch_stm32.o
    0x0802a270   0x0802a270   0x0000006c   Code   RO         2245    i.Overload_Poll     arch_stm32.o
    0x0802a2dc   0x0802a2dc   0x000000f0   Code   RO         2246    i.Overload_is_come  arch_stm32.o
    0x0802a3cc   0x0802a3cc   0x00000100   Code   RO         2247    i.Overload_is_reCheck  arch_stm32.o
    0x0802a4cc   0x0802a4cc   0x00000036   Code   RO         2248    i.Overload_istimeout  arch_stm32.o
    0x0802a502   0x0802a502   0x0000007a   Code   RO         2249    i.Overload_recheck_finish  arch_stm32.o
    0x0802a57c   0x0802a57c   0x00000002   Code   RO         3734    i.PVD_IRQHandler    stm32f2xx_it.o
    0x0802a57e   0x0802a57e   0x00000002   PAD
    0x0802a580   0x0802a580   0x00000040   Code   RO         7474    i.PWR_EnterSTOPMode  stm32f2xx_pwr.o
    0x0802a5c0   0x0802a5c0   0x00000002   Code   RO         3735    i.PendSV_Handler    stm32f2xx_it.o
    0x0802a5c2   0x0802a5c2   0x00000002   PAD
    0x0802a5c4   0x0802a5c4   0x00000020   Code   RO         7553    i.RCC_AHB1PeriphClockCmd  stm32f2xx_rcc.o
    0x0802a5e4   0x0802a5e4   0x00000020   Code   RO         7559    i.RCC_AHB3PeriphClockCmd  stm32f2xx_rcc.o
    0x0802a604   0x0802a604   0x00000020   Code   RO         7562    i.RCC_APB1PeriphClockCmd  stm32f2xx_rcc.o
    0x0802a624   0x0802a624   0x00000020   Code   RO         7564    i.RCC_APB1PeriphResetCmd  stm32f2xx_rcc.o
    0x0802a644   0x0802a644   0x00000020   Code   RO         7565    i.RCC_APB2PeriphClockCmd  stm32f2xx_rcc.o
    0x0802a664   0x0802a664   0x00000020   Code   RO         7567    i.RCC_APB2PeriphResetCmd  stm32f2xx_rcc.o
    0x0802a684   0x0802a684   0x0000006c   Code   RO         2250    i.RCC_Configuration  arch_stm32.o
    0x0802a6f0   0x0802a6f0   0x00000048   Code   RO         7573    i.RCC_DeInit        stm32f2xx_rcc.o
    0x0802a738   0x0802a738   0x000000e8   Code   RO         7574    i.RCC_GetClocksFreq  stm32f2xx_rcc.o
    0x0802a820   0x0802a820   0x00000040   Code   RO         7575    i.RCC_GetFlagStatus  stm32f2xx_rcc.o
    0x0802a860   0x0802a860   0x00000010   Code   RO         7577    i.RCC_GetSYSCLKSource  stm32f2xx_rcc.o
    0x0802a870   0x0802a870   0x00000018   Code   RO         7578    i.RCC_HCLKConfig    stm32f2xx_rcc.o
    0x0802a888   0x0802a888   0x00000010   Code   RO         7579    i.RCC_HSEConfig     stm32f2xx_rcc.o
    0x0802a898   0x0802a898   0x00000002   Code   RO         3736    i.RCC_IRQHandler    stm32f2xx_it.o
    0x0802a89a   0x0802a89a   0x00000002   PAD
    0x0802a89c   0x0802a89c   0x00000018   Code   RO         7587    i.RCC_PCLK1Config   stm32f2xx_rcc.o
    0x0802a8b4   0x0802a8b4   0x00000018   Code   RO         7588    i.RCC_PCLK2Config   stm32f2xx_rcc.o
    0x0802a8cc   0x0802a8cc   0x0000000c   Code   RO         7589    i.RCC_PLLCmd        stm32f2xx_rcc.o
    0x0802a8d8   0x0802a8d8   0x00000024   Code   RO         7590    i.RCC_PLLConfig     stm32f2xx_rcc.o
    0x0802a8fc   0x0802a8fc   0x00000018   Code   RO         7595    i.RCC_SYSCLKConfig  stm32f2xx_rcc.o
    0x0802a914   0x0802a914   0x00000038   Code   RO         7596    i.RCC_WaitForHSEStartUp  stm32f2xx_rcc.o
    0x0802a94c   0x0802a94c   0x00000002   Code   RO         3737    i.RTC_Alarm_IRQHandler  stm32f2xx_it.o
    0x0802a94e   0x0802a94e   0x00000002   Code   RO         3738    i.RTC_WKUP_IRQHandler  stm32f2xx_it.o
    0x0802a950   0x0802a950   0x00000044   Code   RO         2251    i.ReBoot            arch_stm32.o
    0x0802a994   0x0802a994   0x00000002   Code   RO         3739    i.SDIO_IRQHandler   stm32f2xx_it.o
    0x0802a996   0x0802a996   0x00000002   PAD
    0x0802a998   0x0802a998   0x00000034   Code   RO         4140    i.SKER_step_PWMDA_Set_val  time.o
    0x0802a9cc   0x0802a9cc   0x00000002   Code   RO         3740    i.SPI1_IRQHandler   stm32f2xx_it.o
    0x0802a9ce   0x0802a9ce   0x00000002   Code   RO         3741    i.SPI2_IRQHandler   stm32f2xx_it.o
    0x0802a9d0   0x0802a9d0   0x00000002   Code   RO         3742    i.SPI3_IRQHandler   stm32f2xx_it.o
    0x0802a9d2   0x0802a9d2   0x00000002   PAD
    0x0802a9d4   0x0802a9d4   0x00000104   Code   RO         2252    i.SSI_DeSelect_ecode  arch_stm32.o
    0x0802aad8   0x0802aad8   0x00000018   Code   RO         3390    i.SSI_Error         coder.o
    0x0802aaf0   0x0802aaf0   0x000001bc   Code   RO         3391    i.SSI_Read          coder.o
    0x0802acac   0x0802acac   0x00000200   Code   RO         2253    i.SSI_Select_ecode  arch_stm32.o
    0x0802aeac   0x0802aeac   0x00000002   Code   RO         3743    i.SVC_Handler       stm32f2xx_it.o
    0x0802aeae   0x0802aeae   0x00000002   PAD
    0x0802aeb0   0x0802aeb0   0x00000040   Code   RO         8546    i.SYSCFG_EXTILineConfig  stm32f2xx_syscfg.o
    0x0802aef0   0x0802aef0   0x0000036c   Code   RO         2254    i.Scan_error        arch_stm32.o
    0x0802b25c   0x0802b25c   0x0000001a   Code   RO            3    i.Send_alert_content_loop  alert.o
    0x0802b276   0x0802b276   0x00000002   PAD
    0x0802b278   0x0802b278   0x00000050   Code   RO         3393    i.Send_coder_info   coder.o
    0x0802b2c8   0x0802b2c8   0x00000002   Code   RO          900    i.Send_postion_ecode  step.o
    0x0802b2ca   0x0802b2ca   0x00000002   PAD
    0x0802b2cc   0x0802b2cc   0x000000cc   Code   RO         9421    i.SetSysClock       system_stm32f2xx.o
    0x0802b398   0x0802b398   0x00000024   Code   RO          901    i.Set_LX_ex_adjData  step.o
    0x0802b3bc   0x0802b3bc   0x0000000c   Code   RO          902    i.Set_Motor_steps_for_ACC_DEC  step.o
    0x0802b3c8   0x0802b3c8   0x000000e8   Code   RO         2257    i.Set_StepMotor_Count  arch_stm32.o
    0x0802b4b0   0x0802b4b0   0x00000064   Code   RO          903    i.Set_Step_Motor_TO_Which_Postion  step.o
    0x0802b514   0x0802b514   0x0000003c   Code   RO          904    i.Set_Step_Motor_postion_ex  step.o
    0x0802b550   0x0802b550   0x00000024   Code   RO         2258    i.Set_check_mainbinding_timedelay  arch_stm32.o
    0x0802b574   0x0802b574   0x0000000e   Code   RO         2259    i.Set_overloadalarm_withMASK  arch_stm32.o
    0x0802b582   0x0802b582   0x00000002   PAD
    0x0802b584   0x0802b584   0x00000068   Code   RO          905    i.Set_step_alert_st_ecoder  step.o
    0x0802b5ec   0x0802b5ec   0x0000001a   Code   RO          906    i.StepMotor_Action_Set_Position  step.o
    0x0802b606   0x0802b606   0x00000002   PAD
    0x0802b608   0x0802b608   0x0000005c   Code   RO          907    i.StepMotor_Add_curr  step.o
    0x0802b664   0x0802b664   0x00000050   Code   RO          908    i.StepMotor_All_Reset  step.o
    0x0802b6b4   0x0802b6b4   0x00000154   Code   RO          909    i.StepMotor_Detect_Zero2  step.o
    0x0802b808   0x0802b808   0x000001f8   Code   RO          910    i.StepMotor_Feet_Setup  step.o
    0x0802ba00   0x0802ba00   0x000000b8   Code   RO          911    i.StepMotor_Feet_exec_no  step.o
    0x0802bab8   0x0802bab8   0x00000030   Code   RO          912    i.StepMotor_Get_Busyidx  step.o
    0x0802bae8   0x0802bae8   0x0000005c   Code   RO          913    i.StepMotor_Get_Position  step.o
    0x0802bb44   0x0802bb44   0x0000005c   Code   RO          914    i.StepMotor_Get_Position_2  step.o
    0x0802bba0   0x0802bba0   0x00000030   Code   RO          915    i.StepMotor_Get_Running  step.o
    0x0802bbd0   0x0802bbd0   0x00000060   Code   RO          916    i.StepMotor_Get_input_error  step.o
    0x0802bc30   0x0802bc30   0x0000022c   Code   RO          917    i.StepMotor_Init    step.o
    0x0802be5c   0x0802be5c   0x00002ae0   Code   RO          918    i.StepMotor_Isr     step.o
    0x0802e93c   0x0802e93c   0x00000024   Code   RO          919    i.StepMotor_Isr_call  step.o
    0x0802e960   0x0802e960   0x00000070   Code   RO          920    i.StepMotor_Modfiy_Position  step.o
    0x0802e9d0   0x0802e9d0   0x0000001e   Code   RO          921    i.StepMotor_Other_SetSpeed  step.o
    0x0802e9ee   0x0802e9ee   0x00000002   PAD
    0x0802e9f0   0x0802e9f0   0x00000064   Code   RO          922    i.StepMotor_Other_Set_Work_Enable  step.o
    0x0802ea54   0x0802ea54   0x00000020   Code   RO          923    i.StepMotor_Other_Set_isfast  step.o
    0x0802ea74   0x0802ea74   0x00000008   Code   RO          924    i.StepMotor_Poll    step.o
    0x0802ea7c   0x0802ea7c   0x00000654   Code   RO          925    i.StepMotor_Reset   step.o
    0x0802f0d0   0x0802f0d0   0x0000005c   Code   RO          926    i.StepMotor_Reset_LeftMotor  step.o
    0x0802f12c   0x0802f12c   0x0000005c   Code   RO          927    i.StepMotor_Reset_RightMotor  step.o
    0x0802f188   0x0802f188   0x00000018   Code   RO          928    i.StepMotor_Set_FastMode  step.o
    0x0802f1a0   0x0802f1a0   0x00000014   Code   RO          929    i.StepMotor_Set_Feet_Num  step.o
    0x0802f1b4   0x0802f1b4   0x00000030   Code   RO          930    i.StepMotor_Set_Input_error  step.o
    0x0802f1e4   0x0802f1e4   0x00000088   Code   RO          931    i.StepMotor_Set_Position  step.o
    0x0802f26c   0x0802f26c   0x00000034   Code   RO          932    i.StepMotor_Set_Reset_Delay_Time  step.o
    0x0802f2a0   0x0802f2a0   0x00000058   Code   RO          933    i.StepMotor_Set_Reset_Speed  step.o
    0x0802f2f8   0x0802f2f8   0x00000020   Code   RO          934    i.StepMotor_Set_SinkerSpeed  step.o
    0x0802f318   0x0802f318   0x00000070   Code   RO          935    i.StepMotor_Set_Speed  step.o
    0x0802f388   0x0802f388   0x0000004c   Code   RO          936    i.StepMotor_Set_Speed_EX  step.o
    0x0802f3d4   0x0802f3d4   0x00000018   Code   RO          937    i.StepMotor_Set_VeryMode  step.o
    0x0802f3ec   0x0802f3ec   0x0000005c   Code   RO          938    i.StepMotor_Set_ZeroPos_WorkST  step.o
    0x0802f448   0x0802f448   0x0000001c   Code   RO          939    i.StepMotor_Set_Zero_go_Steps  step.o
    0x0802f464   0x0802f464   0x00000014   Code   RO          940    i.StepMotor_Set_Zero_go_Steps_ex  step.o
    0x0802f478   0x0802f478   0x00000018   Code   RO          941    i.StepMotor_Set_movetozero_adv_steps  step.o
    0x0802f490   0x0802f490   0x000000ec   Code   RO          942    i.StepMotor_Set_with_Head_Mode  step.o
    0x0802f57c   0x0802f57c   0x00000060   Code   RO          943    i.StepMotor_Set_work_steps  step.o
    0x0802f5dc   0x0802f5dc   0x00000018   Code   RO          944    i.StepMotor_Set_zero_detect  step.o
    0x0802f5f4   0x0802f5f4   0x000000b0   Code   RO          945    i.StepMotor_Set_zero_dir  step.o
    0x0802f6a4   0x0802f6a4   0x000000f8   Code   RO          946    i.StepMotor_Set_zero_type_  step.o
    0x0802f79c   0x0802f79c   0x00000040   Code   RO          947    i.StepMotor_Setup_ACTION_Para  step.o
    0x0802f7dc   0x0802f7dc   0x00000018   Code   RO          948    i.StepMotor_Setup_Active  step.o
    0x0802f7f4   0x0802f7f4   0x00000150   Code   RO          949    i.StepMotor_Setup_Direction  step.o
    0x0802f944   0x0802f944   0x000000b0   Code   RO          950    i.StepMotor_Setup_Direction_log  step.o
    0x0802f9f4   0x0802f9f4   0x000000b4   Code   RO          951    i.StepMotor_Setup_Resolution  step.o
    0x0802faa8   0x0802faa8   0x0000005c   Code   RO          952    i.StepMotor_Setup_Yarnstep_Active  step.o
    0x0802fb04   0x0802fb04   0x0000008c   Code   RO          953    i.StepMotor_Speed_MainData2HZ  step.o
    0x0802fb90   0x0802fb90   0x00000048   Code   RO          954    i.StepMotor_Speed_report  step.o
    0x0802fbd8   0x0802fbd8   0x00000016   Code   RO          955    i.StepMotor_Triangle_Get_Position  step.o
    0x0802fbee   0x0802fbee   0x00000054   Code   RO          956    i.StepMotor_Triangle_Get_Sign  step.o
    0x0802fc42   0x0802fc42   0x0000004c   Code   RO          957    i.StepMotor_Triangle_Set_Sign  step.o
    0x0802fc8e   0x0802fc8e   0x00000022   Code   RO          958    i.StepMotor_Type_Reset  step.o
    0x0802fcb0   0x0802fcb0   0x0000004c   Code   RO          959    i.StepMotor_Type_ResetALL  step.o
    0x0802fcfc   0x0802fcfc   0x00000020   Code   RO          960    i.StepMotor_Type_Set_Position  step.o
    0x0802fd1c   0x0802fd1c   0x0000009c   Code   RO          961    i.StepMotor_Type_exec  step.o
    0x0802fdb8   0x0802fdb8   0x000000fc   Code   RO          962    i.StepMotor_afterrun_toreport  step.o
    0x0802feb4   0x0802feb4   0x0000007c   Code   RO          963    i.StepMotor_calc_speed  step.o
    0x0802ff30   0x0802ff30   0x00000058   Code   RO          964    i.StepMotor_debug   step.o
    0x0802ff88   0x0802ff88   0x00000be0   Code   RO          965    i.StepMotor_exec    step.o
    0x08030b68   0x08030b68   0x00000514   Code   RO          966    i.StepMotor_exec_new_dd  step.o
    0x0803107c   0x0803107c   0x0000005c   Code   RO          967    i.StepMotor_get_IDall_with_IDself  step.o
    0x080310d8   0x080310d8   0x0000002c   Code   RO          968    i.StepMotor_get_IDall_with_no  step.o
    0x08031104   0x08031104   0x00000010   Code   RO          969    i.StepMotor_get_no_with_IDall  step.o
    0x08031114   0x08031114   0x0000001c   Code   RO          970    i.StepMotor_get_no_with_IDself  step.o
    0x08031130   0x08031130   0x00000060   Code   RO          972    i.StepMotor_get_workID_with_IDself  step.o
    0x08031190   0x08031190   0x00000030   Code   RO          973    i.StepMotor_get_workID_with_NO  step.o
    0x080311c0   0x080311c0   0x00000060   Code   RO          975    i.StepMotor_get_zeroID_with_IDself  step.o
    0x08031220   0x08031220   0x00000030   Code   RO          976    i.StepMotor_get_zeroID_with_NO  step.o
    0x08031250   0x08031250   0x0000002a   Code   RO          977    i.StepMotor_isr_exec  step.o
    0x0803127a   0x0803127a   0x0000002c   Code   RO          978    i.StepMotor_isr_exec_new_dd  step.o
    0x080312a6   0x080312a6   0x00000002   PAD
    0x080312a8   0x080312a8   0x0000017c   Code   RO          979    i.StepMotor_justrun  step.o
    0x08031424   0x08031424   0x00000054   Code   RO          980    i.StepMotor_other_Get_Zerowide_inputerror  step.o
    0x08031478   0x08031478   0x00000050   Code   RO          981    i.StepMotor_other_Set_Zerowide_inputerror  step.o
    0x080314c8   0x080314c8   0x00000050   Code   RO          982    i.StepMotor_reback_curr  step.o
    0x08031518   0x08031518   0x00000488   Code   RO          983    i.StepMotor_runingover  step.o
    0x080319a0   0x080319a0   0x00000040   Code   RO          984    i.StepMotor_setActiveEnable  step.o
    0x080319e0   0x080319e0   0x00000080   Code   RO          985    i.StepMotor_setActiveEnable_log  step.o
    0x08031a60   0x08031a60   0x0000004c   Code   RO          986    i.StepMotor_setMaxSpeed  step.o
    0x08031aac   0x08031aac   0x00000040   Code   RO          987    i.StepMotor_setStep_Fastmode  step.o
    0x08031aec   0x08031aec   0x00000080   Code   RO          988    i.StepMotor_setStep_Fastmode_log  step.o
    0x08031b6c   0x08031b6c   0x00000040   Code   RO          989    i.StepMotor_setVeryEnable  step.o
    0x08031bac   0x08031bac   0x00000002   Code   RO          990    i.StepMotor_setVeryEnable_log  step.o
    0x08031bae   0x08031bae   0x00000002   PAD
    0x08031bb0   0x08031bb0   0x0000003c   Code   RO          991    i.StepMotor_setpos_2main_postion  step.o
    0x08031bec   0x08031bec   0x0000002a   Code   RO          992    i.StepMotor_time2speed  step.o
    0x08031c16   0x08031c16   0x00000002   PAD
    0x08031c18   0x08031c18   0x0000062c   Code   RO          993    i.StepMotor_timer   step.o
    0x08032244   0x08032244   0x0000004c   Code   RO          994    i.Step_Err_Code_Fun  step.o
    0x08032290   0x08032290   0x00000018   Code   RO          995    i.Step_Motor_Set_Check_all  step.o
    0x080322a8   0x080322a8   0x000000e8   Code   RO         4142    i.Step_PWMDA_Init_exp  time.o
    0x08032390   0x08032390   0x0000004c   Code   RO          996    i.Step_Set_work_check_pos  step.o
    0x080323dc   0x080323dc   0x00000010   Code   RO         4617    i.Step_after_do_report  encoder.o
    0x080323ec   0x080323ec   0x00000072   Code   RO          997    i.Step_check_FH_actstep_adj  step.o
    0x0803245e   0x0803245e   0x00000002   PAD
    0x08032460   0x08032460   0x000004ae   Code   RO          998    i.Step_check_LX_actstep_adj  step.o
    0x0803290e   0x0803290e   0x00000002   PAD
    0x08032910   0x08032910   0x000002d0   Code   RO          999    i.Step_check_p2n_step_adj  step.o
    0x08032be0   0x08032be0   0x0000031c   Code   RO         1000    i.Step_check_through_zero_adj  step.o
    0x08032efc   0x08032efc   0x00000060   Code   RO         1001    i.Step_input_sts_first  step.o
    0x08032f5c   0x08032f5c   0x000000a0   Code   RO         1002    i.Step_input_sts_new  step.o
    0x08032ffc   0x08032ffc   0x000002d8   Code   RO         1003    i.Step_msg_init     step.o
    0x080332d4   0x080332d4   0x0000003c   Code   RO         1004    i.Step_set_LX_act_motor_par  step.o
    0x08033310   0x08033310   0x0000001c   Code   RO         1005    i.Step_zero_adj_set  step.o
    0x0803332c   0x0803332c   0x00000040   Code   RO         1006    i.Step_zero_st_check_HF_Lift  step.o
    0x0803336c   0x0803336c   0x000000a8   Code   RO         1007    i.Stepmotor_Set_ID_Type_with_NO  step.o
    0x08033414   0x08033414   0x00000070   Code   RO         1008    i.Stepmotor_Set_inputID_with_NO  step.o
    0x08033484   0x08033484   0x0000000a   Code   RO         1009    i.Stepmotor_alert_delay_init  step.o
    0x0803348e   0x0803348e   0x00000002   PAD
    0x08033490   0x08033490   0x0000000c   Code   RO         1010    i.Stepmotor_get_Head_Mode  step.o
    0x0803349c   0x0803349c   0x000003d0   Code   RO         1011    i.Stepmotor_remap_allstep_cx  step.o
    0x0803386c   0x0803386c   0x000003f0   Code   RO         1012    i.Stepmotor_remape_Feet  step.o
    0x08033c5c   0x08033c5c   0x00000474   Code   RO         1014    i.Stepmotor_remape_Lift_HP  step.o
    0x080340d0   0x080340d0   0x000003bc   Code   RO         1015    i.Stepmotor_remape_Lift_LX  step.o
    0x0803448c   0x0803448c   0x0000040c   Code   RO         1016    i.Stepmotor_remape_SKmode2  step.o
    0x08034898   0x08034898   0x000003ec   Code   RO         1017    i.Stepmotor_remape_Simple  step.o
    0x08034c84   0x08034c84   0x00000008   Code   RO         3744    i.SysTick_Handler   stm32f2xx_it.o
    0x08034c8c   0x08034c8c   0x0000005c   Code   RO         9423    i.SystemInit        system_stm32f2xx.o
    0x08034ce8   0x08034ce8   0x00000002   Code   RO         3745    i.TAMP_STAMP_IRQHandler  stm32f2xx_it.o
    0x08034cea   0x08034cea   0x00000008   Code   RO         3746    i.TIM1_BRK_TIM9_IRQHandler  stm32f2xx_it.o
    0x08034cf2   0x08034cf2   0x00000008   Code   RO         3747    i.TIM1_CC_IRQHandler  stm32f2xx_it.o
    0x08034cfa   0x08034cfa   0x00000002   Code   RO         3748    i.TIM1_TRG_COM_TIM11_IRQHandler  stm32f2xx_it.o
    0x08034cfc   0x08034cfc   0x00000008   Code   RO         3749    i.TIM1_UP_TIM10_IRQHandler  stm32f2xx_it.o
    0x08034d04   0x08034d04   0x00000008   Code   RO         3750    i.TIM2_IRQHandler   stm32f2xx_it.o
    0x08034d0c   0x08034d0c   0x00000008   Code   RO         3751    i.TIM3_IRQHandler   stm32f2xx_it.o
    0x08034d14   0x08034d14   0x00000008   Code   RO         3752    i.TIM4_IRQHandler   stm32f2xx_it.o
    0x08034d1c   0x08034d1c   0x00000002   Code   RO         3753    i.TIM5_IRQHandler   stm32f2xx_it.o
    0x08034d1e   0x08034d1e   0x00000002   Code   RO         3754    i.TIM6_DAC_IRQHandler  stm32f2xx_it.o
    0x08034d20   0x08034d20   0x00000008   Code   RO         3755    i.TIM7_IRQHandler   stm32f2xx_it.o
    0x08034d28   0x08034d28   0x00000002   Code   RO         3756    i.TIM8_BRK_TIM12_IRQHandler  stm32f2xx_it.o
    0x08034d2a   0x08034d2a   0x00000008   Code   RO         3757    i.TIM8_CC_IRQHandler  stm32f2xx_it.o
    0x08034d32   0x08034d32   0x00000002   Code   RO         3758    i.TIM8_TRG_COM_TIM14_IRQHandler  stm32f2xx_it.o
    0x08034d34   0x08034d34   0x00000002   Code   RO         3759    i.TIM8_UP_TIM13_IRQHandler  stm32f2xx_it.o
    0x08034d36   0x08034d36   0x00000018   Code   RO         8601    i.TIM_ARRPreloadConfig  stm32f2xx_tim.o
    0x08034d4e   0x08034d4e   0x00000006   Code   RO         8607    i.TIM_ClearFlag     stm32f2xx_tim.o
    0x08034d54   0x08034d54   0x00000006   Code   RO         8608    i.TIM_ClearITPendingBit  stm32f2xx_tim.o
    0x08034d5a   0x08034d5a   0x00000018   Code   RO         8613    i.TIM_Cmd           stm32f2xx_tim.o
    0x08034d72   0x08034d72   0x00000082   Code   RO         4143    i.TIM_Config        time.o
    0x08034df4   0x08034df4   0x0000004a   Code   RO         4144    i.TIM_Config10      time.o
    0x08034e3e   0x08034e3e   0x00000032   Code   RO         4147    i.TIM_Config7       time.o
    0x08034e70   0x08034e70   0x00000082   Code   RO         4148    i.TIM_Config8       time.o
    0x08034ef2   0x08034ef2   0x00000064   Code   RO         4149    i.TIM_Config9       time.o
    0x08034f56   0x08034f56   0x00000006   Code   RO         8632    i.TIM_GetCounter    stm32f2xx_tim.o
    0x08034f5c   0x08034f5c   0x00000012   Code   RO         8633    i.TIM_GetFlagStatus  stm32f2xx_tim.o
    0x08034f6e   0x08034f6e   0x00000022   Code   RO         8634    i.TIM_GetITStatus   stm32f2xx_tim.o
    0x08034f90   0x08034f90   0x00000012   Code   RO         8638    i.TIM_ITConfig      stm32f2xx_tim.o
    0x08034fa2   0x08034fa2   0x00000002   PAD
    0x08034fa4   0x08034fa4   0x000001b0   Code   RO         4150    i.TIM_Init          time.o
    0x08035154   0x08035154   0x00000012   Code   RO         8641    i.TIM_OC1FastConfig  stm32f2xx_tim.o
    0x08035166   0x08035166   0x00000002   PAD
    0x08035168   0x08035168   0x0000007c   Code   RO         8642    i.TIM_OC1Init       stm32f2xx_tim.o
    0x080351e4   0x080351e4   0x00000012   Code   RO         8645    i.TIM_OC1PreloadConfig  stm32f2xx_tim.o
    0x080351f6   0x080351f6   0x0000001a   Code   RO         8646    i.TIM_OC2FastConfig  stm32f2xx_tim.o
    0x08035210   0x08035210   0x000000a4   Code   RO         8647    i.TIM_OC2Init       stm32f2xx_tim.o
    0x080352b4   0x080352b4   0x0000001a   Code   RO         8650    i.TIM_OC2PreloadConfig  stm32f2xx_tim.o
    0x080352ce   0x080352ce   0x00000012   Code   RO         8651    i.TIM_OC3FastConfig  stm32f2xx_tim.o
    0x080352e0   0x080352e0   0x000000a0   Code   RO         8652    i.TIM_OC3Init       stm32f2xx_tim.o
    0x08035380   0x08035380   0x00000012   Code   RO         8655    i.TIM_OC3PreloadConfig  stm32f2xx_tim.o
    0x08035392   0x08035392   0x0000001a   Code   RO         8656    i.TIM_OC4FastConfig  stm32f2xx_tim.o
    0x080353ac   0x080353ac   0x00000078   Code   RO         8657    i.TIM_OC4Init       stm32f2xx_tim.o
    0x08035424   0x08035424   0x0000001a   Code   RO         8659    i.TIM_OC4PreloadConfig  stm32f2xx_tim.o
    0x0803543e   0x0803543e   0x00000014   Code   RO         8660    i.TIM_OCStructInit  stm32f2xx_tim.o
    0x08035452   0x08035452   0x00000004   Code   RO         8675    i.TIM_SetCompare1   stm32f2xx_tim.o
    0x08035456   0x08035456   0x00000004   Code   RO         8676    i.TIM_SetCompare2   stm32f2xx_tim.o
    0x0803545a   0x0803545a   0x00000004   Code   RO         8677    i.TIM_SetCompare3   stm32f2xx_tim.o
    0x0803545e   0x0803545e   0x00000004   Code   RO         8678    i.TIM_SetCompare4   stm32f2xx_tim.o
    0x08035462   0x08035462   0x00000002   PAD
    0x08035464   0x08035464   0x00000084   Code   RO         8685    i.TIM_TimeBaseInit  stm32f2xx_tim.o
    0x080354e8   0x080354e8   0x00000030   Code   RO         4151    i.TimeGet           time.o
    0x08035518   0x08035518   0x00000018   Code   RO         4152    i.TimeStart         time.o
    0x08035530   0x08035530   0x00000038   Code   RO          204    i.Time_2ms_check_binding  main.o
    0x08035568   0x08035568   0x000000e8   Code   RO         4153    i.Time_PWM_init     time.o
    0x08035650   0x08035650   0x00000014   Code   RO         4154    i.Time_start        time.o
    0x08035664   0x08035664   0x00000054   Code   RO         2260    i.Timer_Check       arch_stm32.o
    0x080356b8   0x080356b8   0x0000007a   Code   RO         1018    i.Triangle_input_is_ok  step.o
    0x08035732   0x08035732   0x0000001e   Code   RO         2261    i.Triangle_is_left_Sign  arch_stm32.o
    0x08035750   0x08035750   0x0000001e   Code   RO         2262    i.Triangle_is_right_Sign  arch_stm32.o
    0x0803576e   0x0803576e   0x0000001e   Code   RO         2263    i.Triangle_is_zero_Sign  arch_stm32.o
    0x0803578c   0x0803578c   0x00000002   Code   RO         3760    i.UART4_IRQHandler  stm32f2xx_it.o
    0x0803578e   0x0803578e   0x00000002   Code   RO         3761    i.UART5_IRQHandler  stm32f2xx_it.o
    0x08035790   0x08035790   0x00000008   Code   RO         3762    i.USART1_IRQHandler  stm32f2xx_it.o
    0x08035798   0x08035798   0x00000002   Code   RO         3763    i.USART2_IRQHandler  stm32f2xx_it.o
    0x0803579a   0x0803579a   0x00000002   Code   RO         3764    i.USART3_IRQHandler  stm32f2xx_it.o
    0x0803579c   0x0803579c   0x0000001e   Code   RO         9164    i.USART_ClearITPendingBit  stm32f2xx_usart.o
    0x080357ba   0x080357ba   0x00000018   Code   RO         9167    i.USART_Cmd         stm32f2xx_usart.o
    0x080357d2   0x080357d2   0x00000002   PAD
    0x080357d4   0x080357d4   0x00000068   Code   RO         4418    i.USART_Configuration  uart.o
    0x0803583c   0x0803583c   0x000000b4   Code   RO         9169    i.USART_DeInit      stm32f2xx_usart.o
    0x080358f0   0x080358f0   0x0000001a   Code   RO         9170    i.USART_GetFlagStatus  stm32f2xx_usart.o
    0x0803590a   0x0803590a   0x00000054   Code   RO         9171    i.USART_GetITStatus  stm32f2xx_usart.o
    0x0803595e   0x0803595e   0x0000004a   Code   RO         9173    i.USART_ITConfig    stm32f2xx_usart.o
    0x080359a8   0x080359a8   0x000000d4   Code   RO         9174    i.USART_Init        stm32f2xx_usart.o
    0x08035a7c   0x08035a7c   0x00000020   Code   RO         4420    i.USART_Out         uart.o
    0x08035a9c   0x08035a9c   0x0000000a   Code   RO         9181    i.USART_ReceiveData  stm32f2xx_usart.o
    0x08035aa6   0x08035aa6   0x00000008   Code   RO         9184    i.USART_SendData    stm32f2xx_usart.o
    0x08035aae   0x08035aae   0x00000018   Code   RO         9190    i.USART_StructInit  stm32f2xx_usart.o
    0x08035ac6   0x08035ac6   0x00000002   PAD
    0x08035ac8   0x08035ac8   0x00000278   Code   RO         2264    i.Upgrade_Boot      arch_stm32.o
    0x08035d40   0x08035d40   0x00000038   Code   RO         2265    i.Upgrade_Start     arch_stm32.o
    0x08035d78   0x08035d78   0x0000000a   Code   RO         3765    i.UsageFault_Handler  stm32f2xx_it.o
    0x08035d82   0x08035d82   0x00000002   Code   RO         3766    i.WWDG_IRQHandler   stm32f2xx_it.o
    0x08035d84   0x08035d84   0x00000002   Code   RO         2266    i.WatchDog_Kick     arch_stm32.o
    0x08035d86   0x08035d86   0x00000002   PAD
    0x08035d88   0x08035d88   0x00000034   Code   RO         4159    i.Yarn_step_PWMDA_Set_val  time.o
    0x08035dbc   0x08035dbc   0x0000000e   Code   RO         9541    i.__scatterload_copy  mc_w.l(handlers.o)
    0x08035dca   0x08035dca   0x00000002   Code   RO         9542    i.__scatterload_null  mc_w.l(handlers.o)
    0x08035dcc   0x08035dcc   0x0000000e   Code   RO         9543    i.__scatterload_zeroinit  mc_w.l(handlers.o)
    0x08035dda   0x08035dda   0x00000002   PAD
    0x08035ddc   0x08035ddc   0x0000005c   Code   RO            5    i.alert_Set_overloaddata  alert.o
    0x08035e38   0x08035e38   0x00000020   Code   RO            6    i.alert_buf_back_init  alert.o
    0x08035e58   0x08035e58   0x0000001c   Code   RO            7    i.alert_count       alert.o
    0x08035e74   0x08035e74   0x0000000e   Code   RO            8    i.alert_cpu_fatal   alert.o
    0x08035e82   0x08035e82   0x00000002   PAD
    0x08035e84   0x08035e84   0x00000038   Code   RO            9    i.alert_delete      alert.o
    0x08035ebc   0x08035ebc   0x0000004c   Code   RO           10    i.alert_find        alert.o
    0x08035f08   0x08035f08   0x00000040   Code   RO           11    i.alert_init        alert.o
    0x08035f48   0x08035f48   0x00000054   Code   RO           12    i.alert_pop         alert.o
    0x08035f9c   0x08035f9c   0x000000b0   Code   RO           13    i.alert_push        alert.o
    0x0803604c   0x0803604c   0x0000003c   Code   RO           14    i.alert_push_again  alert.o
    0x08036088   0x08036088   0x00000034   Code   RO         4160    i.alert_set_Step_PWM_A  time.o
    0x080360bc   0x080360bc   0x00000036   Code   RO         4161    i.alert_set_shock_PWM  time.o
    0x080360f2   0x080360f2   0x00000002   PAD
    0x080360f4   0x080360f4   0x00000028   Code   RO         4162    i.alert_set_shock_PWM_1  time.o
    0x0803611c   0x0803611c   0x00000028   Code   RO         4163    i.alert_set_shock_PWM_2  time.o
    0x08036144   0x08036144   0x00000006   Code   RO           16    i.alert_str_with_AlertCodeArg  alert.o
    0x0803614a   0x0803614a   0x0000003a   Code   RO         2267    i.arch_8803_Reset   arch_stm32.o
    0x08036184   0x08036184   0x0000003a   Code   RO         2268    i.arch_8844_Reset   arch_stm32.o
    0x080361be   0x080361be   0x00000036   Code   RO         2269    i.arch_8844_Reset_one  arch_stm32.o
    0x080361f4   0x080361f4   0x00000048   Code   RO         2270    i.arch_ACTEMF_AllClear  arch_stm32.o
    0x0803623c   0x0803623c   0x0000004c   Code   RO         2271    i.arch_ACTEMF_Clear  arch_stm32.o
    0x08036288   0x08036288   0x0000006c   Code   RO         2272    i.arch_ACTEMF_PWM_Setup  arch_stm32.o
    0x080362f4   0x080362f4   0x000000d8   Code   RO         2273    i.arch_ACTEMF_Setup  arch_stm32.o
    0x080363cc   0x080363cc   0x0000014c   Code   RO         2274    i.arch_ACT_Overload_Check  arch_stm32.o
    0x08036518   0x08036518   0x00000130   Code   RO         2275    i.arch_AD24_Overload_Check  arch_stm32.o
    0x08036648   0x08036648   0x00000002   Code   RO         2276    i.arch_CPLD_Reset   arch_stm32.o
    0x0803664a   0x0803664a   0x00000002   PAD
    0x0803664c   0x0803664c   0x00000044   Code   RO         2277    i.arch_Check_isYarn_step_withstepindex  arch_stm32.o
    0x08036690   0x08036690   0x00000114   Code   RO         2278    i.arch_Clear_check_JQD_YARN_ACT  arch_stm32.o
    0x080367a4   0x080367a4   0x00000010   Code   RO         2279    i.arch_EXPID_branch  arch_stm32.o
    0x080367b4   0x080367b4   0x00000042   Code   RO         2280    i.arch_Exti_disable  arch_stm32.o
    0x080367f6   0x080367f6   0x00000042   Code   RO         2281    i.arch_Exti_enable  arch_stm32.o
    0x08036838   0x08036838   0x00000014   Code   RO         2283    i.arch_FAN_OFF      arch_stm32.o
    0x0803684c   0x0803684c   0x00000014   Code   RO         2284    i.arch_FAN_ON       arch_stm32.o
    0x08036860   0x08036860   0x00000044   Code   RO         2285    i.arch_GetBoardID   arch_stm32.o
    0x080368a4   0x080368a4   0x00000028   Code   RO         2286    i.arch_GetBoardID_E480  arch_stm32.o
    0x080368cc   0x080368cc   0x00000030   Code   RO         2289    i.arch_Get_Board_Type  arch_stm32.o
    0x080368fc   0x080368fc   0x00000030   Code   RO         2290    i.arch_Get_Board_Type_boot  arch_stm32.o
    0x0803692c   0x0803692c   0x0000002c   Code   RO         2291    i.arch_Get_DirStatus  arch_stm32.o
    0x08036958   0x08036958   0x0000000c   Code   RO         2292    i.arch_Get_ID       arch_stm32.o
    0x08036964   0x08036964   0x00000040   Code   RO         2294    i.arch_Get_Test_act_id_  arch_stm32.o
    0x080369a4   0x080369a4   0x000000c0   Code   RO         2295    i.arch_JQD_isr_timer_cnt_50us  arch_stm32.o
    0x08036a64   0x08036a64   0x00000088   Code   RO         2296    i.arch_Jacquard_AllClear  arch_stm32.o
    0x08036aec   0x08036aec   0x00000068   Code   RO         2298    i.arch_Jacquard_ClearBlade  arch_stm32.o
    0x08036b54   0x08036b54   0x00000154   Code   RO         2300    i.arch_Jacquard_Overload_Check  arch_stm32.o
    0x08036ca8   0x08036ca8   0x00000002   Code   RO         2301    i.arch_Jacquard_PWMBlade  arch_stm32.o
    0x08036caa   0x08036caa   0x00000002   PAD
    0x08036cac   0x08036cac   0x00000144   Code   RO         2302    i.arch_Jacquard_Setup  arch_stm32.o
    0x08036df0   0x08036df0   0x00000010   Code   RO         2303    i.arch_LED_Off      arch_stm32.o
    0x08036e00   0x08036e00   0x00000010   Code   RO         2304    i.arch_LED_On       arch_stm32.o
    0x08036e10   0x08036e10   0x0000000c   Code   RO         2305    i.arch_LED_Setup    arch_stm32.o
    0x08036e1c   0x08036e1c   0x00000054   Code   RO         2308    i.arch_LED_timer    arch_stm32.o
    0x08036e70   0x08036e70   0x00000050   Code   RO         2309    i.arch_Power_Off    arch_stm32.o
    0x08036ec0   0x08036ec0   0x00000070   Code   RO         2310    i.arch_Power_On     arch_stm32.o
    0x08036f30   0x08036f30   0x00000098   Code   RO         2311    i.arch_Power_ctrl_ex  arch_stm32.o
    0x08036fc8   0x08036fc8   0x00000110   Code   RO         3321    i.arch_SendMessage  can.o
    0x080370d8   0x080370d8   0x00000018   Code   RO         2312    i.arch_Set_CANID    arch_stm32.o
    0x080370f0   0x080370f0   0x000000b8   Code   RO         2313    i.arch_Set_check_JQD_YARN_ACT  arch_stm32.o
    0x080371a8   0x080371a8   0x00000228   Code   RO         2314    i.arch_StepMotor_Active  arch_stm32.o
    0x080373d0   0x080373d0   0x000000d8   Code   RO         2315    i.arch_StepMotor_Dir  arch_stm32.o
    0x080374a8   0x080374a8   0x0000009c   Code   RO         2316    i.arch_StepMotor_Disable  arch_stm32.o
    0x08037544   0x08037544   0x000000d8   Code   RO         2317    i.arch_StepMotor_Disable_onestepmoto  arch_stm32.o
    0x0803761c   0x0803761c   0x000000a0   Code   RO         2318    i.arch_StepMotor_Enable  arch_stm32.o
    0x080376bc   0x080376bc   0x000000d8   Code   RO         2319    i.arch_StepMotor_Enable_onestepmoto  arch_stm32.o
    0x08037794   0x08037794   0x000000e8   Code   RO         2320    i.arch_StepMotor_Half  arch_stm32.o
    0x0803787c   0x0803787c   0x00000048   Code   RO         2321    i.arch_StepMotor_Init  arch_stm32.o
    0x080378c4   0x080378c4   0x000001c0   Code   RO         2323    i.arch_StepMotor_Pulse  arch_stm32.o
    0x08037a84   0x08037a84   0x0000000c   Code   RO         2324    i.arch_StepMotor_Set_Speed  arch_stm32.o
    0x08037a90   0x08037a90   0x00000174   Code   RO         2325    i.arch_StepMotor_Set_UMS  arch_stm32.o
    0x08037c04   0x08037c04   0x00000230   Code   RO         2326    i.arch_StepMotor_Start  arch_stm32.o
    0x08037e34   0x08037e34   0x0000012c   Code   RO         2327    i.arch_StepMotor_Stop  arch_stm32.o
    0x08037f60   0x08037f60   0x000001e8   Code   RO         2328    i.arch_StepMotor_Zero  arch_stm32.o
    0x08038148   0x08038148   0x0000000c   Code   RO         2329    i.arch_StepMotor_work  arch_stm32.o
    0x08038154   0x08038154   0x0000000a   Code   RO         2330    i.arch_System       arch_stm32.o
    0x0803815e   0x0803815e   0x00000002   PAD
    0x08038160   0x08038160   0x00000008   Code   RO         5194    i.arch_Uprade_get_Data_Start_add  upgrade.o
    0x08038168   0x08038168   0x00000074   Code   RO         2331    i.arch_YARNEMF_AllClear  arch_stm32.o
    0x080381dc   0x080381dc   0x00000030   Code   RO         2332    i.arch_YARNEMF_Clear  arch_stm32.o
    0x0803820c   0x0803820c   0x00000158   Code   RO         2333    i.arch_YARNEMF_Setup  arch_stm32.o
    0x08038364   0x08038364   0x00000118   Code   RO         2334    i.arch_YARN_Overload_Check  arch_stm32.o
    0x0803847c   0x0803847c   0x00000120   Code   RO         1019    i.arch_YARN_Step_Setup  step.o
    0x0803859c   0x0803859c   0x0000018c   Code   RO         2335    i.arch_adc2_isr     arch_stm32.o
    0x08038728   0x08038728   0x00000028   Code   RO         2336    i.arch_adc_isr      arch_stm32.o
    0x08038750   0x08038750   0x00000144   Code   RO         2096    i.arch_adc_test     adc.o
    0x08038894   0x08038894   0x000001f8   Code   RO         2097    i.arch_adc_test_DMA2_string2_ch1  adc.o
    0x08038a8c   0x08038a8c   0x00000002   Code   RO         2098    i.arch_check_Overload_longTime  adc.o
    0x08038a8e   0x08038a8e   0x00000002   PAD
    0x08038a90   0x08038a90   0x00000014   Code   RO         2337    i.arch_check_power_isok  arch_stm32.o
    0x08038aa4   0x08038aa4   0x0000004c   Code   RO         2338    i.arch_check_powerdown  arch_stm32.o
    0x08038af0   0x08038af0   0x0000002e   Code   RO         5195    i.arch_crc_ok       upgrade.o
    0x08038b1e   0x08038b1e   0x00000002   PAD
    0x08038b20   0x08038b20   0x0000006c   Code   RO         2339    i.arch_ctr_fan_with_temp_  arch_stm32.o
    0x08038b8c   0x08038b8c   0x00000014   Code   RO         4164    i.arch_delay_us     time.o
    0x08038ba0   0x08038ba0   0x00000038   Code   RO         2340    i.arch_get_ad_base_cur_zero  arch_stm32.o
    0x08038bd8   0x08038bd8   0x00000038   Code   RO         2341    i.arch_get_ad_cur_zero  arch_stm32.o
    0x08038c10   0x08038c10   0x00000018   Code   RO         2342    i.arch_get_dir1     arch_stm32.o
    0x08038c28   0x08038c28   0x0000001c   Code   RO         2343    i.arch_get_dir2     arch_stm32.o
    0x08038c44   0x08038c44   0x0000000c   Code   RO         2344    i.arch_get_overload_delay  arch_stm32.o
    0x08038c50   0x08038c50   0x0000000c   Code   RO         2345    i.arch_get_ticktime  arch_stm32.o
    0x08038c5c   0x08038c5c   0x00000068   Code   RO         1020    i.arch_get_yarnstep_sign_  step.o
    0x08038cc4   0x08038cc4   0x00000018   Code   RO         5196    i.arch_have_crc_flag  upgrade.o
    0x08038cdc   0x08038cdc   0x00000358   Code   RO         2346    i.arch_init         arch_stm32.o
    0x08039034   0x08039034   0x00000018   Code   RO         2347    i.arch_is_E490_board  arch_stm32.o
    0x0803904c   0x0803904c   0x00000014   Code   RO         2348    i.arch_is_E690_board  arch_stm32.o
    0x08039060   0x08039060   0x00000004   Code   RO         2349    i.arch_is_EMF_2_SK_board  arch_stm32.o
    0x08039064   0x08039064   0x0000000c   Code   RO         2351    i.arch_is_Ecode_board  arch_stm32.o
    0x08039070   0x08039070   0x00000016   Code   RO         2352    i.arch_is_StepBoard  arch_stm32.o
    0x08039086   0x08039086   0x00000002   PAD
    0x08039088   0x08039088   0x0000002c   Code   RO         2353    i.arch_is_shock_board  arch_stm32.o
    0x080390b4   0x080390b4   0x00000024   Code   RO         2354    i.arch_need_current_add  arch_stm32.o
    0x080390d8   0x080390d8   0x0000011e   Code   RO         2355    i.arch_overload_check_poweroff_  arch_stm32.o
    0x080391f6   0x080391f6   0x00000002   PAD
    0x080391f8   0x080391f8   0x000000a8   Code   RO         2356    i.arch_power_IC_fault_check  arch_stm32.o
    0x080392a0   0x080392a0   0x0000011c   Code   RO         2357    i.arch_send_Operate_data  arch_stm32.o
    0x080393bc   0x080393bc   0x00000048   Code   RO         3322    i.arch_sendmessage_main_while  can.o
    0x08039404   0x08039404   0x0000004c   Code   RO         2358    i.arch_set_Step_SK_A  arch_stm32.o
    0x08039450   0x08039450   0x0000000c   Code   RO         2359    i.arch_set_overload_delay  arch_stm32.o
    0x0803945c   0x0803945c   0x00000018   Code   RO         2360    i.arch_setup_Jacquard_blade_map  arch_stm32.o
    0x08039474   0x08039474   0x00000080   Code   RO         2361    i.arch_shock_activate  arch_stm32.o
    0x080394f4   0x080394f4   0x00000048   Code   RO         2362    i.arch_shock_ctr    arch_stm32.o
    0x0803953c   0x0803953c   0x00000034   Code   RO         2363    i.arch_shock_enable  arch_stm32.o
    0x08039570   0x08039570   0x0000004c   Code   RO         2364    i.arch_shock_init   arch_stm32.o
    0x080395bc   0x080395bc   0x00000070   Code   RO         2365    i.arch_shock_reset  arch_stm32.o
    0x0803962c   0x0803962c   0x0000004c   Code   RO         2366    i.arch_shock_timer  arch_stm32.o
    0x08039678   0x08039678   0x00000070   Code   RO         2367    i.arch_shock_timer_infun_1  arch_stm32.o
    0x080396e8   0x080396e8   0x00000070   Code   RO         2368    i.arch_shock_timer_infun_2  arch_stm32.o
    0x08039758   0x08039758   0x000000a4   Code   RO         2372    i.arch_yarnemf_close_one  arch_stm32.o
    0x080397fc   0x080397fc   0x000000c8   Code   RO         2373    i.arch_yarnemf_pwm_setup  arch_stm32.o
    0x080398c4   0x080398c4   0x00000192   Code   RO         1021    i.check_ACT_Work_with_POS  step.o
    0x08039a56   0x08039a56   0x000000aa   Code   RO         1022    i.check_HF_Lift_Work_with_input  step.o
    0x08039b00   0x08039b00   0x000000b8   Code   RO         1023    i.check_HF_Lift_input_error  step.o
    0x08039bb8   0x08039bb8   0x0000002c   Code   RO         2374    i.check_fan_ctr     arch_stm32.o
    0x08039be4   0x08039be4   0x000000dc   Code   RO         1025    i.check_feet_sts    step.o
    0x08039cc0   0x08039cc0   0x0000005c   Code   RO          205    i.check_first_getinto_Knit_area  main.o
    0x08039d1c   0x08039d1c   0x000000d8   Code   RO         1026    i.check_lift_step_isstop  step.o
    0x08039df4   0x08039df4   0x00000098   Code   RO         2099    i.check_power_alert_is_coming  adc.o
    0x08039e8c   0x08039e8c   0x00000090   Code   RO         1027    i.check_sinker_done  step.o
    0x08039f1c   0x08039f1c   0x00000080   Code   RO         1028    i.check_step_goon   step.o
    0x08039f9c   0x08039f9c   0x000000c8   Code   RO         1029    i.check_step_motor_loop_  step.o
    0x0803a064   0x0803a064   0x00000002   Code   RO         1030    i.check_step_pos_isok  step.o
    0x0803a066   0x0803a066   0x00000002   PAD
    0x0803a068   0x0803a068   0x000000a4   Code   RO         1031    i.check_sti_done    step.o
    0x0803a10c   0x0803a10c   0x00000010   Code   RO         2375    i.delay             arch_stm32.o
    0x0803a11c   0x0803a11c   0x00000014   Code   RO         2376    i.delayus           arch_stm32.o
    0x0803a130   0x0803a130   0x00000040   Code   RO          206    i.exec_EMF_YARN_    main.o
    0x0803a170   0x0803a170   0x00000030   Code   RO         5197    i.fmc_EraseSector_boot  upgrade.o
    0x0803a1a0   0x0803a1a0   0x0000007c   Code   RO         5199    i.fmc_init          upgrade.o
    0x0803a21c   0x0803a21c   0x000000d8   Code   RO         5200    i.fmc_program       upgrade.o
    0x0803a2f4   0x0803a2f4   0x0000001c   Code   RO         5202    i.fmc_start_addr    upgrade.o
    0x0803a310   0x0803a310   0x0000003c   Code   RO         4165    i.get_CCR_Val_with_PWM_A  time.o
    0x0803a34c   0x0803a34c   0x0000014c   Code   RO         2378    i.get_verydata_with_Arry  arch_stm32.o
    0x0803a498   0x0803a498   0x00000078   Code   RO         3324    i.hook_CAN_isr      can.o
    0x0803a510   0x0803a510   0x00000244   Code   RO         3528    i.hook_EXTI_isr     exti.o
    0x0803a754   0x0803a754   0x00000020   Code   RO         4166    i.hook_TIM10_isr    time.o
    0x0803a774   0x0803a774   0x00000068   Code   RO         4167    i.hook_TIM1_isr     time.o
    0x0803a7dc   0x0803a7dc   0x00000064   Code   RO         4168    i.hook_TIM2_isr     time.o
    0x0803a840   0x0803a840   0x00000068   Code   RO         4169    i.hook_TIM3_isr     time.o
    0x0803a8a8   0x0803a8a8   0x00000038   Code   RO         4170    i.hook_TIM4_isr     time.o
    0x0803a8e0   0x0803a8e0   0x00000020   Code   RO         4172    i.hook_TIM7_isr     time.o
    0x0803a900   0x0803a900   0x00000068   Code   RO         4173    i.hook_TIM8_isr     time.o
    0x0803a968   0x0803a968   0x00000028   Code   RO         4174    i.hook_TIM9_isr     time.o
    0x0803a990   0x0803a990   0x0000000c   Code   RO         4175    i.hook_TIM_sysclk_isr  time.o
    0x0803a99c   0x0803a99c   0x0000002c   Code   RO         4423    i.hook_UART1_isr    uart.o
    0x0803a9c8   0x0803a9c8   0x00000084   Code   RO         3325    i.hook_can_tx_2ms_isr  can.o
    0x0803aa4c   0x0803aa4c   0x0000006c   Code   RO         2379    i.hook_time_250us   arch_stm32.o
    0x0803aab8   0x0803aab8   0x00000094   Code   RO         2380    i.hook_time_2ms     arch_stm32.o
    0x0803ab4c   0x0803ab4c   0x0000008c   Code   RO         2381    i.hook_time_50us    arch_stm32.o
    0x0803abd8   0x0803abd8   0x00000020   Code   RO         1032    i.init_step_data_fill_zero  step.o
    0x0803abf8   0x0803abf8   0x00000038   Code   RO         1033    i.is_ACTION_Step    step.o
    0x0803ac30   0x0803ac30   0x00000038   Code   RO         1034    i.is_DENSITY_Step   step.o
    0x0803ac68   0x0803ac68   0x00000050   Code   RO         1035    i.is_FH_ACTION_Step  step.o
    0x0803acb8   0x0803acb8   0x00000038   Code   RO         1036    i.is_Feet_Step      step.o
    0x0803acf0   0x0803acf0   0x00000050   Code   RO         1037    i.is_HF_LIFT_Step   step.o
    0x0803ad40   0x0803ad40   0x00000050   Code   RO         1038    i.is_HP_ACTION_Step  step.o
    0x0803ad90   0x0803ad90   0x00000050   Code   RO         1039    i.is_JF_DENSITY_Step  step.o
    0x0803ade0   0x0803ade0   0x00000050   Code   RO         1040    i.is_LIFT_Step      step.o
    0x0803ae30   0x0803ae30   0x00000038   Code   RO         1041    i.is_LIFT_all_Step  step.o
    0x0803ae68   0x0803ae68   0x00000068   Code   RO         1042    i.is_LIFT_or_Other_Step  step.o
    0x0803aed0   0x0803aed0   0x00000050   Code   RO         1043    i.is_LX_ACTION_Step  step.o
    0x0803af20   0x0803af20   0x00000050   Code   RO         1044    i.is_LX_DENSITY_Step  step.o
    0x0803af70   0x0803af70   0x00000022   Code   RO         1045    i.is_LX_DENSITY_Step_ex  step.o
    0x0803af92   0x0803af92   0x00000002   PAD
    0x0803af94   0x0803af94   0x00000050   Code   RO         1046    i.is_PT_ACTION_Step  step.o
    0x0803afe4   0x0803afe4   0x00000050   Code   RO         1047    i.is_PT_sinker      step.o
    0x0803b034   0x0803b034   0x00000068   Code   RO         1048    i.is_PTorFH_ACTION_Step  step.o
    0x0803b09c   0x0803b09c   0x00000038   Code   RO         1049    i.is_YARN_Step      step.o
    0x0803b0d4   0x0803b0d4   0x00000050   Code   RO         1050    i.is_lx_sinker      step.o
    0x0803b124   0x0803b124   0x00000020   Code   RO         1051    i.is_lx_sinker_ex   step.o
    0x0803b144   0x0803b144   0x00000050   Code   RO         1052    i.is_lxex_sinker    step.o
    0x0803b194   0x0803b194   0x00000038   Code   RO         1054    i.is_sinker         step.o
    0x0803b1cc   0x0803b1cc   0x00000050   Code   RO         1055    i.is_sinker_or_other  step.o
    0x0803b21c   0x0803b21c   0x00000020   Code   RO         1056    i.is_zero2_support  step.o
    0x0803b23c   0x0803b23c   0x00000150   Code   RO          207    i.main              main.o
    0x0803b38c   0x0803b38c   0x000001dc   Code   RO         4502    i.myprint           dprintf.o
    0x0803b568   0x0803b568   0x00000074   Code   RO         4503    i.myprintFloat      dprintf.o
    0x0803b5dc   0x0803b5dc   0x0000001c   Code   RO         4504    i.myprintchar       dprintf.o
    0x0803b5f8   0x0803b5f8   0x00000028   Code   RO         4505    i.myprintf          dprintf.o
    0x0803b620   0x0803b620   0x000000d0   Code   RO         4506    i.myprinti          dprintf.o
    0x0803b6f0   0x0803b6f0   0x000000d8   Code   RO         4507    i.myprints          dprintf.o
    0x0803b7c8   0x0803b7c8   0x00000024   Code   RO          208    i.reg_init          main.o
    0x0803b7ec   0x0803b7ec   0x00000034   Code   RO          210    i.send_check_online_f  main.o
    0x0803b820   0x0803b820   0x00000010   Code   RO         3394    i.ssidelay15ns      coder.o
    0x0803b830   0x0803b830   0x00000014   Code   RO         1058    i.stepspeed_Q2R     step.o
    0x0803b844   0x0803b844   0x00000014   Code   RO         1059    i.stepspeed_R2Q     step.o
    0x0803b858   0x0803b858   0x00000038   Code   RO          211    i.tanzhen_alarm_delay_Timer_2ms  main.o
    0x0803b890   0x0803b890   0x00000084   Code   RO          212    i.tanzhen_delay_set  main.o
    0x0803b914   0x0803b914   0x00000036   Code   RO          213    i.tanzhen_zt_get    main.o
    0x0803b94a   0x0803b94a   0x00000002   PAD
    0x0803b94c   0x0803b94c   0x000000d0   Code   RO          214    i.time_250us_prog   main.o
    0x0803ba1c   0x0803ba1c   0x00000078   Code   RO         1060    i.time_250us_zero_change  step.o
    0x0803ba94   0x0803ba94   0x00000028   Code   RO          215    i.time_2ms_prog     main.o
    0x0803babc   0x0803babc   0x00000034   Code   RO         4428    i.uart_rxhandler    uart.o
    0x0803baf0   0x0803baf0   0x00000018   Code   RO         2383    i.wait_ms           arch_stm32.o
    0x0803bb08   0x0803bb08   0x00000020   Code   RO         2384    i.wait_us           arch_stm32.o
    0x0803bb28   0x0803bb28   0x00000006   Data   RO         2386    .constdata          arch_stm32.o
    0x0803bb2e   0x0803bb2e   0x00000040   Data   RO         9537    .constdata          mc_w.l(ctype_c.o)
    0x0803bb6e   0x0803bb6e   0x00000002   PAD
    0x0803bb70   0x0803bb70   0x000000a5   Data   RO         2102    .conststring        adc.o
    0x0803bc15   0x0803bc15   0x00000003   PAD
    0x0803bc18   0x0803bc18   0x00000020   Data   RO         9539    Region$$Table       anon$$obj.o


    Execution Region RW_IRAM1 (Exec base: 0x20000000, Load base: 0x0803bc38, Size: 0x00004400, Max: 0x0001f000, ABSOLUTE, COMPRESSED[0x0000038c])

    Exec Addr    Load Addr    Size         Type   Attr      Idx    E Section Name        Object

    0x20000000   COMPRESSED   0x00000024   Data   RW           20    .data               alert.o
    0x20000024   COMPRESSED   0x00000109   Data   RW          218    .data               main.o
    0x2000012d   COMPRESSED   0x00000003   PAD
    0x20000130   COMPRESSED   0x0000001d   Data   RW          790    .data               massage.o
    0x2000014d   COMPRESSED   0x00000003   PAD
    0x20000150   COMPRESSED   0x00000142   Data   RW         1062    .data               step.o
    0x20000292   COMPRESSED   0x00000002   Data   RW         2052    .data               ver.o
    0x20000294   COMPRESSED   0x00000230   Data   RW         2103    .data               adc.o
    0x200004c4   COMPRESSED   0x0000016e   Data   RW         2387    .data               arch_stm32.o
    0x20000632   COMPRESSED   0x00000002   PAD
    0x20000634   COMPRESSED   0x0000001d   Data   RW         3327    .data               can.o
    0x20000651   COMPRESSED   0x00000003   PAD
    0x20000654   COMPRESSED   0x00000024   Data   RW         3396    .data               coder.o
    0x20000678   COMPRESSED   0x00000002   Data   RW         3457    .data               eeprom.o
    0x2000067a   COMPRESSED   0x00000002   PAD
    0x2000067c   COMPRESSED   0x000001ab   Data   RW         4177    .data               time.o
    0x20000827   COMPRESSED   0x00000001   PAD
    0x20000828   COMPRESSED   0x00000004   Data   RW         4511    .data               dprintf.o
    0x2000082c   COMPRESSED   0x00000006   Data   RW         4619    .data               encoder.o
    0x20000832   COMPRESSED   0x00000002   PAD
    0x20000834   COMPRESSED   0x00000018   Data   RW         5203    .data               upgrade.o
    0x2000084c   COMPRESSED   0x00000004   Data   RW         6614    .data               stm32f2xx_flash.o
    0x20000850   COMPRESSED   0x00000010   Data   RW         7597    .data               stm32f2xx_rcc.o
    0x20000860        -       0x00000100   Zero   RW           19    .bss                alert.o
    0x20000960        -       0x00000808   Zero   RW          217    .bss                main.o
    0x20001168        -       0x00000820   Zero   RW          789    .bss                massage.o
    0x20001988        -       0x00000ce8   Zero   RW         1061    .bss                step.o
    0x20002670        -       0x00000d6c   Zero   RW         2101    .bss                adc.o
    0x200033dc        -       0x000003f4   Zero   RW         2385    .bss                arch_stm32.o
    0x200037d0        -       0x00000014   Zero   RW         3326    .bss                can.o
    0x200037e4        -       0x000000e0   Zero   RW         3395    .bss                coder.o
    0x200038c4        -       0x000000c8   Zero   RW         3456    .bss                eeprom.o
    0x2000398c        -       0x00000012   Zero   RW         4429    .bss                uart.o
    0x2000399e        -       0x00000040   Zero   RW         4510    .bss                dprintf.o
    0x200039de   COMPRESSED   0x00000002   PAD
    0x200039e0        -       0x00000220   Zero   RW         4618    .bss                encoder.o
    0x20003c00        -       0x00000800   Zero   RW         9459    STACK               startup_stm32f2xx.o


    Execution Region RW_IRAM2 (Exec base: 0x2001f000, Load base: 0x0803bfc4, Size: 0x00000014, Max: 0x00001000, ABSOLUTE, UNINIT)

    Exec Addr    Load Addr    Size         Type   Attr      Idx    E Section Name        Object

    0x2001f000        -       0x00000014   Zero   RW          216    .ARM.__AT_0x2001F000  main.o


==============================================================================

Image component sizes


      Code (inc. data)   RO Data    RW Data    ZI Data      Debug   Object Name

      1840        158        165        560       3436      11416   adc.o
       846        130          0         36        256      11576   alert.o
     19006       2186          6        366       1012     135451   arch_stm32.o
       944         84          0         29         20       6011   can.o
       564         32          0         36        224       3974   coder.o
      1084         24          0          4         64       6284   dprintf.o
      1472        104          0          2        200       8704   eeprom.o
      4146        384          0          6        544      28602   encoder.o
      1250         46          0          0          0       3687   exti.o
        96          0          0          0          0        604   fsmc.o
      2182         72          0          0          0       5000   gpio.o
       918          8          0          0          0       4181   hq_can_key.o
     17760       1600          0        265       2076     378592   main.o
       836         88          0         29       2080       8654   massage.o
       160         32          0          0          0       2049   misc.o
        36          8        388          0       2048        828   startup_stm32f2xx.o
     46254       2060          0        322       3304     146683   step.o
       500         44          0          0          0       6881   stm32f2xx_adc.o
      1152         12          0          0          0       7169   stm32f2xx_can.o
       200         28          0          0          0       3570   stm32f2xx_dac.o
       666         54          0          0          0       5510   stm32f2xx_dma.o
       200         18          0          0          0       2088   stm32f2xx_exti.o
       494         60          0          4          0       5814   stm32f2xx_flash.o
       282          6          0          0          0       1797   stm32f2xx_fsmc.o
       240          0          0          0          0       3427   stm32f2xx_gpio.o
       302          6          0          0          0      31657   stm32f2xx_it.o
        64         10          0          0          0        636   stm32f2xx_pwr.o
       792        114          0         16          0      12058   stm32f2xx_rcc.o
        64          4          0          0          0        624   stm32f2xx_syscfg.o
      1048         66          0          0          0      15905   stm32f2xx_tim.o
       672         32          0          0          0       7113   stm32f2xx_usart.o
       296         30          0          0          0       1525   system_stm32f2xx.o
      2550        148          0        427          0      42246   time.o
       232         18          0          0         18       2876   uart.o
       626         94          0         24          0       7675   upgrade.o
       216         74          8          2          0       1975   ver.o

    ----------------------------------------------------------------------
    110112       7834        602       2144      15284     922842   Object Totals
         0          0         32          0          0          0   (incl. Generated)
       122          0          3         16          2          0   (incl. Padding)

    ----------------------------------------------------------------------

      Code (inc. data)   RO Data    RW Data    ZI Data      Debug   Library Member Name

        56          8          0          0          0         84   __0sscanf.o
        86          0          0          0          0          0   __dczerorl2.o
        28          0          0          0          0         68   _chval.o
       812          4          0          0          0        112   _scanf.o
       332          0          0          0          0         96   _scanf_int.o
       224          0          0          0          0         96   _scanf_str.o
        64          0          0          0          0         84   _sgetc.o
        40          6         64          0          0         68   ctype_c.o
         0          0          0          0          0          0   entry.o
         0          0          0          0          0          0   entry10a.o
         0          0          0          0          0          0   entry11a.o
         8          4          0          0          0          0   entry2.o
         4          0          0          0          0          0   entry5.o
         0          0          0          0          0          0   entry7b.o
         0          0          0          0          0          0   entry8b.o
         8          4          0          0          0          0   entry9a.o
        30          0          0          0          0          0   handlers.o
        36          8          0          0          0         68   init.o
        10          0          0          0          0         68   isspace_c.o
         0          0          0          0          0          0   iusefp.o
        30          0          0          0          0         68   llshl.o
        32          0          0          0          0         68   llushr.o
        26          0          0          0          0         80   memcmp.o
        36          0          0          0          0         68   memcpya.o
        36          0          0          0          0        108   memseta.o
        40          8          0          0          0         84   scanf_char.o
        14          0          0          0          0         68   strlen.o
        36          0          0          0          0         80   strstr.o
       222          0          0          0          0        100   ddiv.o
       186          0          0          0          0        176   depilogue.o
        50          0          0          0          0         76   dfixui.o
        34          0          0          0          0         76   dflti.o
       176          0          0          0          0        140   fadd.o
       110          0          0          0          0        168   fepilogue.o
        50          0          0          0          0         68   ffixi.o
        18          0          0          0          0         68   fflti.o
       100          0          0          0          0         76   fmul.o

    ----------------------------------------------------------------------
      2940         42         66          0          0       2316   Library Totals
         6          0          2          0          0          0   (incl. Padding)

    ----------------------------------------------------------------------

      Code (inc. data)   RO Data    RW Data    ZI Data      Debug   Library Name

      1988         42         64          0          0       1368   mc_w.l
       946          0          0          0          0        948   mf_w.l

    ----------------------------------------------------------------------
      2940         42         66          0          0       2316   Library Totals

    ----------------------------------------------------------------------

==============================================================================


      Code (inc. data)   RO Data    RW Data    ZI Data      Debug   

    113052       7876        668       2144      15284     884674   Grand Totals
    113052       7876        668        908      15284     884674   ELF Image Totals (compressed)
    113052       7876        668        908          0          0   ROM Totals

==============================================================================

    Total RO  Size (Code + RO Data)               113720 ( 111.05kB)
    Total RW  Size (RW Data + ZI Data)             17428 (  17.02kB)
    Total ROM Size (Code + RO Data + RW Data)     114628 ( 111.94kB)

==============================================================================

